1 P1030661#c1 785+438 crib=UMSUEDDREIYYVIEG stops=1403070 stats: 1403070 lines in 71.0s
2 P1030667#c2 753+415 crib=STUEKOWARNEMVEND stops=1961422 stats: 1961422 lines in 110.3s
3 P1030671#c3 712+321 crib=VONVONUUUEINSNUL stops=60856 stats: 60856 lines in 3.5s
4 P1030689#c4 427+235 crib=LEITUNGVONVONEIN stops=963857 stats: 963857 lines in 54.5s
6 P1030684#c6 274+136 crib=VVVUUUVIRSOBENNULE stops=145612 stats: 145612 lines in 7.9s
7 P1030696#c7 175+873 crib=TONIANANCHEFZWOS stops=419931 stats: 419931 lines in 23.3s
8 P1030702#c8 867+135 crib=UUUFUNFDREIVIERK stops=616328 stats: 616328 lines in 36.7s
9 P1030695#c9 432+816 crib=LEITUNGVVVUUUIFU stops=146947 stats: 146947 lines in 8.8s
10 P1030663#c10 634+657 crib=UUUZWODREIDREIAC stops=49102 stats: 49102 lines in 2.9s
11 P1030676#c11 153+413 crib=UUUJAGDKEINEVERA stops=3527 stats: 3527 lines in 0.2s
12 P1030701#c12 264+465 crib=ZWODREONULNULUHR stops=459662 stats: 459662 lines in 27.8s
13 P1030708#c13 487+758 crib=FXDXUUUOSTVONVON stops=5687 stats: 5687 lines in 0.4s
14 P1030673#c14 681+742 crib=FUENFTEUUUFLOTTX stops=10123 stats: 10123 lines in 0.7s
15 P1030686#c15 231+815 crib=SPRUCHSCHLIESSEL stops=323784 stats: 323784 lines in 19.8s
16 P1030660#c16 536+167 crib=FXDXUUUOSTYFUNCQ stops=2117 stats: 2117 lines in 0.3s
17 P1030661#c17 468+426 crib=UMSUEDDREIYYVIEG stops=38287 stats: 38287 lines in 2.8s
18 P1030667#c18 612+157 crib=STUEKOWARNEMVEND stops=2105219 stats: 2105219 lines in 151.5s
19 P1030671#c19 467+852 crib=VONVONUUUEINSNUL stops=42229 stats: 42229 lines in 3.2s
20 P1030689#c20 785+154 crib=LEITUNGVONVONEIN stops=1782059 stats: 1782059 lines in 120.6s
21 P1030693#c21 743+768 crib=KOMXADMXUUUBOOTE stops=49166 stats: 49166 lines in 2.6s
22 P1030684#c22 873+564 crib=VVVUUUVIRSOBENNU stops=68065 stats: 68065 lines in 3.7s
23 P1030696#c23 123+167 crib=TONIANANCHEFZWOS stops=2003268 stats: 2003268 lines in 116.1s
24 P1030702#c24 471+587 crib=UUUFUNFDREIVIERKK stops=1321511 stats: 1321511 lines in 78.1s
25 P1030695#c25 183+182 crib=LEITUNGVVVUUUIFU stops=805167 stats: 805167 lines in 48.8s
26 P1030663#c26 184+216 crib=UUUZWODREIDREIAC stops=129669 stats: 129669 lines in 7.8s
27 P1030676#c27 472+283 crib=UUUJAGDKEINEVERA stops=2697565 stats: 2697565 lines in 155.5s
28 P1030701#c28 861+127 crib=ZWODREONULNULUHR stops=324331 stats: 324331 lines in 18.3s
29 P1030708#c29 561+781 crib=FXDXUUUOSTVONVON stops=369177 stats: 369177 lines in 21.4s
30 P1030673#c30 765+682 crib=FUENFTEUUUFLOTTX stops=75981 stats: 75981 lines in 4.4s
31 P1030686#c31 825+521 crib=SPRUCHSCHLIESSEL stops=62975 stats: 62975 lines in 3.8s
32 P1030660#c32 578+426 crib=FXDXUUUOSTYFUNCQ stops=215643 stats: 215643 lines in 15.3s
33 P1030661#c33 612+512 crib=UMSUEDDREIYYVIEG stops=27702 stats: 27702 lines in 1.9s
34 P1030667#c34 826+286 crib=STUEKOWARNEMVEND stops=661168 stats: 661168 lines in 52.3s
35 P1030671#c35 153+154 crib=VONVONUUUEINSNUL stops=687983 stats: 687983 lines in 47.6s
36 P1030689#c36 132+742 crib=LEITUNGVONVONEIN stops=69876 stats: 69876 lines in 3.9s
37 P1030693#c37 327+418 crib=KOMXADMXUUUBOOTE stops=5716 stats: 5716 lines in 0.4s
38 P1030684#c38 285+418 crib=VVVUUUVIRSOBENNU stops=2932 stats: 2932 lines in 0.2s
39 P1030696#c39 586+348 crib=TONIANANCHEFZWOS stops=94595 stats: 94595 lines in 5.4s
40 P1030702#c40 815+137 crib=UUUFUNFDREIVIERK stops=834085 stats: 834085 lines in 47.7s
41 P1030695#c41 418+546 crib=LEITUNGVVVUUUIFU stops=1266749 stats: 1266749 lines in 72.9s
42 P1030663#c42 523+576 crib=UUUZWODREIDREIACH stops=86707 stats: 86707 lines in 5.0s
43 P1030676#c43 857+742 crib=UUUJAGDKEINEVERA stops=8454 stats: 8454 lines in 0.5s
44 P1030701#c44 561+231 crib=ZWODREONULNULUHR stops=1170914 stats: 1170914 lines in 77.8s
45 P1030708#c45 584+178 crib=FXDXUUUOSTVONVONTT stops=375926 stats: 375926 lines in 26.5s
46 P1030673#c46 832+285 crib=FUENFTEUUUFLOTTX stops=1496812 stats: 1496812 lines in 82.0s
47 P1030686#c47 157+214 crib=SPRUCHSCHLIESSEL stops=1944046 stats: 1944046 lines in 107.7s
tools/blind/calib_run.sh: line 28: syntax error near unexpected token `)'
tools/blind/calib_run.sh: line 28: `.tsv)-1)) $(tail -1 $n.bombe.log)"'
