0 P1030660#c0 763+351 crib=FXDXUUUOSTYFUNCQ stops=1567656 stats: 1567656 lines in 57.6s
1 P1030661#c1 785+438 crib=UMSUEDDREIYYVIEG stops=2374888 stats: 2374888 lines in 87.2s
2 P1030667#c2 753+415 crib=STUEKOWARNEMVEND stops=3309462 stats: 3309462 lines in 120.7s
3 P1030671#c3 712+321 crib=VONVONUUUEINSNUL stops=62601 stats: 62601 lines in 2.3s
4 P1030689#c4 427+235 crib=LEITUNGVONVONEIN stops=1488565 stats: 1488565 lines in 54.4s
5 P1030693#c5 785+617 crib=KOMXADMXUUUBOOTE stops=49330 stats: 49330 lines in 1.8s
6 P1030684#c6 274+136 crib=VVVUUUVIRSOBENNULE stops=157451 stats: 157451 lines in 5.8s
7 P1030696#c7 175+873 crib=TONIANANCHEFZWOS stops=499894 stats: 499894 lines in 18.3s
8 P1030702#c8 867+135 crib=UUUFUNFDREIVIERK stops=833723 stats: 833723 lines in 30.5s
9 P1030695#c9 432+816 crib=LEITUNGVVVUUUIFU stops=157658 stats: 157658 lines in 5.7s
10 P1030663#c10 634+657 crib=UUUZWODREIDREIAC stops=50283 stats: 50283 lines in 1.8s
11 P1030676#c11 153+413 crib=UUUJAGDKEINEVERA stops=3546 stats: 3546 lines in 0.1s
12 P1030701#c12 264+465 crib=ZWODREONULNULUHR stops=495267 stats: 495267 lines in 18.1s
13 P1030708#c13 487+758 crib=FXDXUUUOSTVONVON stops=5692 stats: 5692 lines in 0.2s
14 P1030673#c14 681+742 crib=FUENFTEUUUFLOTTX stops=10690 stats: 10690 lines in 0.4s
15 P1030686#c15 231+815 crib=SPRUCHSCHLIESSEL stops=381610 stats: 381610 lines in 13.8s
16 P1030660#c16 536+167 crib=FXDXUUUOSTYFUNCQ stops=2119 stats: 2119 lines in 0.1s
17 P1030661#c17 468+426 crib=UMSUEDDREIYYVIEG stops=39242 stats: 39242 lines in 1.4s
18 P1030667#c18 612+157 crib=STUEKOWARNEMVEND stops=3353679 stats: 3353679 lines in 122.0s
19 P1030671#c19 467+852 crib=VONVONUUUEINSNUL stops=42837 stats: 42837 lines in 1.6s
20 P1030689#c20 785+154 crib=LEITUNGVONVONEIN stops=3013426 stats: 3013426 lines in 109.2s
21 P1030693#c21 743+768 crib=KOMXADMXUUUBOOTE stops=50043 stats: 50043 lines in 1.8s
22 P1030684#c22 873+564 crib=VVVUUUVIRSOBENNU stops=68837 stats: 68837 lines in 2.6s
23 P1030696#c23 123+167 crib=TONIANANCHEFZWOS stops=2680829 stats: 2680829 lines in 97.4s
24 P1030702#c24 471+587 crib=UUUFUNFDREIVIERKK stops=1857911 stats: 1857911 lines in 67.5s
25 P1030695#c25 183+182 crib=LEITUNGVVVUUUIFU stops=1097011 stats: 1097011 lines in 39.7s
26 P1030663#c26 184+216 crib=UUUZWODREIDREIAC stops=134439 stats: 134439 lines in 4.9s
27 P1030676#c27 472+283 crib=UUUJAGDKEINEVERA stops=3550439 stats: 3550439 lines in 129.5s
28 P1030701#c28 861+127 crib=ZWODREONULNULUHR stops=380080 stats: 380080 lines in 13.8s
29 P1030708#c29 561+781 crib=FXDXUUUOSTVONVON stops=428708 stats: 428708 lines in 15.7s
30 P1030673#c30 765+682 crib=FUENFTEUUUFLOTTX stops=98390 stats: 98390 lines in 3.6s
31 P1030686#c31 825+521 crib=SPRUCHSCHLIESSEL stops=63763 stats: 63763 lines in 2.3s
32 P1030660#c32 578+426 crib=FXDXUUUOSTYFUNCQ stops=254144 stats: 254144 lines in 9.3s
33 P1030661#c33 612+512 crib=UMSUEDDREIYYVIEG stops=27891 stats: 27891 lines in 1.0s
34 P1030667#c34 826+286 crib=STUEKOWARNEMVEND stops=1017593 stats: 1017593 lines in 37.1s
35 P1030671#c35 153+154 crib=VONVONUUUEINSNUL stops=923747 stats: 923747 lines in 33.5s
36 P1030689#c36 132+742 crib=LEITUNGVONVONEIN stops=71590 stats: 71590 lines in 2.6s
37 P1030693#c37 327+418 crib=KOMXADMXUUUBOOTE stops=5724 stats: 5724 lines in 0.2s
38 P1030684#c38 285+418 crib=VVVUUUVIRSOBENNU stops=2932 stats: 2932 lines in 0.1s
39 P1030696#c39 586+348 crib=TONIANANCHEFZWOS stops=97784 stats: 97784 lines in 3.7s
40 P1030702#c40 815+137 crib=UUUFUNFDREIVIERK stops=1321767 stats: 1321767 lines in 48.0s
41 P1030695#c41 418+546 crib=LEITUNGVVVUUUIFU stops=1618147 stats: 1618147 lines in 59.0s
42 P1030663#c42 523+576 crib=UUUZWODREIDREIACH stops=89525 stats: 89525 lines in 3.3s
43 P1030676#c43 857+742 crib=UUUJAGDKEINEVERA stops=8467 stats: 8467 lines in 0.3s
44 P1030701#c44 561+231 crib=ZWODREONULNULUHR stops=1807406 stats: 1807406 lines in 65.6s
45 P1030708#c45 584+178 crib=FXDXUUUOSTVONVONTT stops=507861 stats: 507861 lines in 18.5s
46 P1030673#c46 832+285 crib=FUENFTEUUUFLOTTX stops=2525813 stats: 2525813 lines in 91.6s
47 P1030686#c47 157+214 crib=SPRUCHSCHLIESSEL stops=3220243 stats: 3220243 lines in 116.7s
