crib 0 WEITEREBEFEH..(22)@48 used=22 excluded=[] blocks=2 sizes: 11(pivot E, loops 3) 11(pivot R, loops 1)
crib 1 WEITEREBEFEH..(22)@49 used=22 excluded=[] blocks=2 sizes: 11(pivot G, loops 3) 11(pivot E, loops 1)
crib 2 WEITEREBEFEH..(22)@50 used=22 excluded=[] blocks=2 sizes: 11(pivot E, loops 4) 11(pivot G, loops 2)
[200/28392 items] 73s settings=91395200 (1.25M/s) stops=15623641
[400/28392 items] 151s settings=182790400 (1.21M/s) stops=31136381
[600/28392 items] 224s settings=274185600 (1.22M/s) stops=46610393
[800/28392 items] 301s settings=365580800 (1.21M/s) stops=61979102
[1000/28392 items] 379s settings=456976000 (1.21M/s) stops=77574590
[1200/28392 items] 453s settings=548371200 (1.21M/s) stops=93132363
[1400/28392 items] 529s settings=639766400 (1.21M/s) stops=108356839
[1600/28392 items] 602s settings=731161600 (1.21M/s) stops=123917284
[1800/28392 items] 680s settings=822556800 (1.21M/s) stops=139497170
[2000/28392 items] 753s settings=913952000 (1.21M/s) stops=155098749
[2200/28392 items] 831s settings=1005347200 (1.21M/s) stops=170623436
[2400/28392 items] 908s settings=1096742400 (1.21M/s) stops=186223380
[2600/28392 items] 982s settings=1188137600 (1.21M/s) stops=201804178
[2800/28392 items] 1060s settings=1279532800 (1.21M/s) stops=217348236
[3000/28392 items] 1133s settings=1370928000 (1.21M/s) stops=232819997
[3200/28392 items] 1210s settings=1462323200 (1.21M/s) stops=248157277
[3400/28392 items] 1283s settings=1553718400 (1.21M/s) stops=263592412
[3600/28392 items] 1361s settings=1645113600 (1.21M/s) stops=278899166
[3800/28392 items] 1440s settings=1736508800 (1.21M/s) stops=294335690
[4000/28392 items] 1513s settings=1827904000 (1.21M/s) stops=309543572
[4200/28392 items] 1587s settings=1919299200 (1.21M/s) stops=324840221
[4400/28392 items] 1665s settings=2010694400 (1.21M/s) stops=340236900
[4600/28392 items] 1743s settings=2102089600 (1.21M/s) stops=355708544
[4800/28392 items] 1817s settings=2193484800 (1.21M/s) stops=371301168
[5000/28392 items] 1895s settings=2284880000 (1.21M/s) stops=386584080
[5200/28392 items] 1969s settings=2376275200 (1.21M/s) stops=402082806
[5400/28392 items] 2048s settings=2467670400 (1.20M/s) stops=417533528
[5600/28392 items] 2124s settings=2559065600 (1.20M/s) stops=433131341
[5800/28392 items] 2203s settings=2650460800 (1.20M/s) stops=448604049
[6000/28392 items] 2282s settings=2741856000 (1.20M/s) stops=463977456
[6200/28392 items] 2357s settings=2833251200 (1.20M/s) stops=479385308
[6400/28392 items] 2436s settings=2924646400 (1.20M/s) stops=494940496
[6600/28392 items] 2512s settings=3016041600 (1.20M/s) stops=510398549
[6800/28392 items] 2592s settings=3107436800 (1.20M/s) stops=525815035
[7000/28392 items] 2666s settings=3198832000 (1.20M/s) stops=541235406
[7200/28392 items] 2746s settings=3290227200 (1.20M/s) stops=556775224
[7400/28392 items] 2828s settings=3381622400 (1.20M/s) stops=572389919
[7600/28392 items] 2902s settings=3473017600 (1.20M/s) stops=587703360
[7800/28392 items] 2981s settings=3564412800 (1.20M/s) stops=603300044
[8000/28392 items] 3056s settings=3655808000 (1.20M/s) stops=618725923
[8200/28392 items] 3135s settings=3747203200 (1.20M/s) stops=634390924
[8400/28392 items] 3214s settings=3838598400 (1.19M/s) stops=649760078
[8600/28392 items] 3289s settings=3929993600 (1.19M/s) stops=665153448
[8800/28392 items] 3370s settings=4021388800 (1.19M/s) stops=680665777
[9000/28392 items] 3444s settings=4112784000 (1.19M/s) stops=696360427
[9200/28392 items] 3522s settings=4204179200 (1.19M/s) stops=711919071
[9400/28392 items] 3601s settings=4295574400 (1.19M/s) stops=727429703
[9600/28392 items] 3676s settings=4386969600 (1.19M/s) stops=742940119
[9800/28392 items] 3754s settings=4478364800 (1.19M/s) stops=758585425
[10000/28392 items] 3828s settings=4569760000 (1.19M/s) stops=774109877
[10200/28392 items] 3904s settings=4661155200 (1.19M/s) stops=789311588
[10400/28392 items] 3978s settings=4752550400 (1.19M/s) stops=804835463
[10600/28392 items] 4055s settings=4843945600 (1.19M/s) stops=820178463
[10800/28392 items] 4128s settings=4935340800 (1.20M/s) stops=835556909
[11000/28392 items] 4206s settings=5026736000 (1.20M/s) stops=850893471
[11200/28392 items] 4279s settings=5118131200 (1.20M/s) stops=866161828
[11400/28392 items] 4356s settings=5209526400 (1.20M/s) stops=881449249
[11600/28392 items] 4430s settings=5300921600 (1.20M/s) stops=896914097
[11800/28392 items] 4509s settings=5392316800 (1.20M/s) stops=912495290
[12000/28392 items] 4587s settings=5483712000 (1.20M/s) stops=927894979
[12200/28392 items] 4660s settings=5575107200 (1.20M/s) stops=943352727
[12400/28392 items] 4737s settings=5666502400 (1.20M/s) stops=958706339
[12600/28392 items] 4811s settings=5757897600 (1.20M/s) stops=974324360
[12800/28392 items] 4890s settings=5849292800 (1.20M/s) stops=989831317
[13000/28392 items] 4963s settings=5940688000 (1.20M/s) stops=1005177032
[13200/28392 items] 5041s settings=6032083200 (1.20M/s) stops=1020591668
[13400/28392 items] 5120s settings=6123478400 (1.20M/s) stops=1036206642
[13600/28392 items] 5193s settings=6214873600 (1.20M/s) stops=1051636281
[13800/28392 items] 5272s settings=6306268800 (1.20M/s) stops=1067184397
[14000/28392 items] 5345s settings=6397664000 (1.20M/s) stops=1082423375
[14200/28392 items] 5423s settings=6489059200 (1.20M/s) stops=1097952370
[14400/28392 items] 5498s settings=6580454400 (1.20M/s) stops=1113597049
[14600/28392 items] 5576s settings=6671849600 (1.20M/s) stops=1129087076
[14800/28392 items] 5654s settings=6763244800 (1.20M/s) stops=1144585590
[15000/28392 items] 5727s settings=6854640000 (1.20M/s) stops=1159951634
[15200/28392 items] 5805s settings=6946035200 (1.20M/s) stops=1175574191
[15400/28392 items] 5880s settings=7037430400 (1.20M/s) stops=1191159612
[15600/28392 items] 5958s settings=7128825600 (1.20M/s) stops=1206396195
[15800/28392 items] 6032s settings=7220220800 (1.20M/s) stops=1221932917
[16000/28392 items] 6110s settings=7311616000 (1.20M/s) stops=1237507894
[16200/28392 items] 6188s settings=7403011200 (1.20M/s) stops=1253108377
[16400/28392 items] 6261s settings=7494406400 (1.20M/s) stops=1268588492
[16600/28392 items] 6340s settings=7585801600 (1.20M/s) stops=1284231768
[16800/28392 items] 6414s settings=7677196800 (1.20M/s) stops=1299719609
[17000/28392 items] 6492s settings=7768592000 (1.20M/s) stops=1315268653
[17200/28392 items] 6566s settings=7859987200 (1.20M/s) stops=1330672390
[17400/28392 items] 6643s settings=7951382400 (1.20M/s) stops=1346030736
[17600/28392 items] 6721s settings=8042777600 (1.20M/s) stops=1361481174
[17800/28392 items] 6793s settings=8134172800 (1.20M/s) stops=1376810613
[18000/28392 items] 6871s settings=8225568000 (1.20M/s) stops=1392248192
[18200/28392 items] 6944s settings=8316963200 (1.20M/s) stops=1407490359
[18400/28392 items] 7021s settings=8408358400 (1.20M/s) stops=1422793119
[18600/28392 items] 7095s settings=8499753600 (1.20M/s) stops=1438234502
[18800/28392 items] 7172s settings=8591148800 (1.20M/s) stops=1453706457
[19000/28392 items] 7246s settings=8682544000 (1.20M/s) stops=1469281453
[19200/28392 items] 7324s settings=8773939200 (1.20M/s) stops=1484549491
[19400/28392 items] 7398s settings=8865334400 (1.20M/s) stops=1500053621
[19600/28392 items] 7476s settings=8956729600 (1.20M/s) stops=1515491461
[19800/28392 items] 7555s settings=9048124800 (1.20M/s) stops=1531086892
[20000/28392 items] 7628s settings=9139520000 (1.20M/s) stops=1546522946
[20200/28392 items] 7705s settings=9230915200 (1.20M/s) stops=1561941669
[20400/28392 items] 7778s settings=9322310400 (1.20M/s) stops=1577336901
[20600/28392 items] 7856s settings=9413705600 (1.20M/s) stops=1592902479
[20800/28392 items] 7930s settings=9505100800 (1.20M/s) stops=1608379472
[21000/28392 items] 8008s settings=9596496000 (1.20M/s) stops=1623786160
[21200/28392 items] 8085s settings=9687891200 (1.20M/s) stops=1639189573
[21400/28392 items] 8159s settings=9779286400 (1.20M/s) stops=1654728037
[21600/28392 items] 8237s settings=9870681600 (1.20M/s) stops=1670332341
[21800/28392 items] 8310s settings=9962076800 (1.20M/s) stops=1685666900
[22000/28392 items] 8388s settings=10053472000 (1.20M/s) stops=1701258647
[22200/28392 items] 8462s settings=10144867200 (1.20M/s) stops=1716678009
[22400/28392 items] 8541s settings=10236262400 (1.20M/s) stops=1732355894
[22600/28392 items] 8618s settings=10327657600 (1.20M/s) stops=1747724404
[22800/28392 items] 8691s settings=10419052800 (1.20M/s) stops=1763102791
[23000/28392 items] 8769s settings=10510448000 (1.20M/s) stops=1778657444
[23200/28392 items] 8843s settings=10601843200 (1.20M/s) stops=1794332316
[23400/28392 items] 8921s settings=10693238400 (1.20M/s) stops=1809911264
[23600/28392 items] 8994s settings=10784633600 (1.20M/s) stops=1825415459
[23800/28392 items] 9073s settings=10876028800 (1.20M/s) stops=1840912301
[24000/28392 items] 9151s settings=10967424000 (1.20M/s) stops=1856535944
[24200/28392 items] 9226s settings=11058819200 (1.20M/s) stops=1872070478
[24400/28392 items] 9304s settings=11150214400 (1.20M/s) stops=1887283361
[24600/28392 items] 9378s settings=11241609600 (1.20M/s) stops=1902792853
[24800/28392 items] 9455s settings=11333004800 (1.20M/s) stops=1918158178
[25000/28392 items] 9529s settings=11424400000 (1.20M/s) stops=1933539568
[25200/28392 items] 9606s settings=11515795200 (1.20M/s) stops=1948868059
[25400/28392 items] 9679s settings=11607190400 (1.20M/s) stops=1964091923
[25600/28392 items] 9757s settings=11698585600 (1.20M/s) stops=1979424151
[25800/28392 items] 9831s settings=11789980800 (1.20M/s) stops=1994909134
[26000/28392 items] 9909s settings=11881376000 (1.20M/s) stops=2010453613
[26200/28392 items] 9986s settings=11972771200 (1.20M/s) stops=2025878665
[26400/28392 items] 10059s settings=12064166400 (1.20M/s) stops=2041280345
[26600/28392 items] 10136s settings=12155561600 (1.20M/s) stops=2056669736
[26800/28392 items] 10210s settings=12246956800 (1.20M/s) stops=2072244643
[27000/28392 items] 10288s settings=12338352000 (1.20M/s) stops=2087785230
[27200/28392 items] 10362s settings=12429747200 (1.20M/s) stops=2103118625
[27400/28392 items] 10439s settings=12521142400 (1.20M/s) stops=2118523256
[27600/28392 items] 10517s settings=12612537600 (1.20M/s) stops=2134116475
[27800/28392 items] 10590s settings=12703932800 (1.20M/s) stops=2149572140
[28000/28392 items] 10669s settings=12795328000 (1.20M/s) stops=2165079910
[28200/28392 items] 10741s settings=12886723200 (1.20M/s) stops=2180305726
DONE settings=12974462592 time=10816.8s rate=1.199M settings/s (1.199M/s/thread, 1 threads) T-evals/setting=10.6 stops=2195257674
crib 0 WEITEREBEFEH..(22)@48: block-stops=1889652927; verified g histogram: g0:13580876 g1:25776863 g2:35286599 g3:57801872 g4:122920967 g5:232594948 g6:341368631 g7:385482909 g8:332571113 g9:216766337 g10:101096126 g11:23154426 g12:1251260
crib 1 WEITEREBEFEH..(22)@49: block-stops=25226749; verified g histogram: g0:18375 g1:181967 g2:703128 g3:1628972 g4:2748866 g5:3726344 g6:4283223 g7:4135134 g8:3677452 g9:2834255 g10:1145725 g11:140931 g12:2377
crib 2 WEITEREBEFEH..(22)@50: block-stops=280377998; verified g histogram: g0:634431 g1:2350422 g2:6609901 g3:15367840 g4:28651313 g5:42698347 g6:52705602 g7:55604411 g8:45176110 g9:23826459 g10:6326602 g11:426560
