crib 0 UEBERFUEHRUN..(70)@0 used=61 excluded=[1 10 20 25 32 58 60 67 68 ] blocks=4 sizes: 16(pivot R, loops 7) 15(pivot N, loops 6) 15(pivot E, loops 6) 15(pivot J, loops 6)
crib 1 UEBERFUEHRUN..(69)@0 used=60 excluded=[1 10 20 25 32 58 60 67 68 ] blocks=4 sizes: 15(pivot E, loops 6) 15(pivot R, loops 6) 15(pivot E, loops 7) 15(pivot J, loops 6)
crib 2 UEBERFUEHRUN..(70)@0 used=61 excluded=[1 10 20 25 32 58 60 67 68 ] blocks=4 sizes: 16(pivot R, loops 6) 15(pivot E, loops 7) 15(pivot E, loops 6) 15(pivot N, loops 6)
crib 3 UEBERFUEHRUN..(68)@0 used=60 excluded=[1 10 20 25 32 58 60 67 ] blocks=4 sizes: 15(pivot R, loops 5) 15(pivot G, loops 7) 15(pivot N, loops 6) 15(pivot E, loops 5)
crib 4 UEBERFUEHRUN..(69)@0 used=60 excluded=[1 10 20 25 32 58 60 67 68 ] blocks=4 sizes: 15(pivot G, loops 7) 15(pivot P, loops 6) 15(pivot R, loops 6) 15(pivot E, loops 6)
crib 5 UEBERFUEHRUN..(70)@0 used=61 excluded=[1 10 20 25 32 58 60 67 68 ] blocks=4 sizes: 16(pivot E, loops 6) 15(pivot R, loops 7) 15(pivot E, loops 7) 15(pivot G, loops 6)
[200/28392 items] 51s settings=91395200 (1.78M/s) stops=0
[400/28392 items] 99s settings=182790400 (1.84M/s) stops=2
[600/28392 items] 148s settings=274185600 (1.85M/s) stops=2
[800/28392 items] 190s settings=365580800 (1.92M/s) stops=4
[1000/28392 items] 240s settings=456976000 (1.90M/s) stops=4
[1200/28392 items] 284s settings=548371200 (1.93M/s) stops=4
[1400/28392 items] 331s settings=639766400 (1.93M/s) stops=4
[1600/28392 items] 378s settings=731161600 (1.94M/s) stops=5
[1800/28392 items] 418s settings=822556800 (1.97M/s) stops=8
[2000/28392 items] 457s settings=913952000 (2.00M/s) stops=14
[2200/28392 items] 497s settings=1005347200 (2.02M/s) stops=16
[2400/28392 items] 541s settings=1096742400 (2.03M/s) stops=16
[2600/28392 items] 585s settings=1188137600 (2.03M/s) stops=16
[2800/28392 items] 631s settings=1279532800 (2.03M/s) stops=16
[3000/28392 items] 677s settings=1370928000 (2.03M/s) stops=16
[3200/28392 items] 722s settings=1462323200 (2.02M/s) stops=26
[3400/28392 items] 769s settings=1553718400 (2.02M/s) stops=29
[3600/28392 items] 813s settings=1645113600 (2.02M/s) stops=32
[3800/28392 items] 858s settings=1736508800 (2.02M/s) stops=37
[4000/28392 items] 902s settings=1827904000 (2.03M/s) stops=39
[4200/28392 items] 947s settings=1919299200 (2.03M/s) stops=50
[4400/28392 items] 994s settings=2010694400 (2.02M/s) stops=51
[4600/28392 items] 1040s settings=2102089600 (2.02M/s) stops=51
[4800/28392 items] 1087s settings=2193484800 (2.02M/s) stops=52
[5000/28392 items] 1133s settings=2284880000 (2.02M/s) stops=53
[5200/28392 items] 1180s settings=2376275200 (2.01M/s) stops=53
[5400/28392 items] 1226s settings=2467670400 (2.01M/s) stops=53
[5600/28392 items] 1267s settings=2559065600 (2.02M/s) stops=54
[5800/28392 items] 1311s settings=2650460800 (2.02M/s) stops=60
[6000/28392 items] 1355s settings=2741856000 (2.02M/s) stops=60
[6200/28392 items] 1398s settings=2833251200 (2.03M/s) stops=60
[6400/28392 items] 1442s settings=2924646400 (2.03M/s) stops=62
[6600/28392 items] 1487s settings=3016041600 (2.03M/s) stops=63
[6800/28392 items] 1533s settings=3107436800 (2.03M/s) stops=63
[7000/28392 items] 1577s settings=3198832000 (2.03M/s) stops=66
[7200/28392 items] 1622s settings=3290227200 (2.03M/s) stops=66
[7400/28392 items] 1666s settings=3381622400 (2.03M/s) stops=73
[7600/28392 items] 1709s settings=3473017600 (2.03M/s) stops=76
[7800/28392 items] 1753s settings=3564412800 (2.03M/s) stops=76
[8000/28392 items] 1796s settings=3655808000 (2.04M/s) stops=81
[8200/28392 items] 1842s settings=3747203200 (2.03M/s) stops=84
[8400/28392 items] 1882s settings=3838598400 (2.04M/s) stops=85
[8600/28392 items] 1930s settings=3929993600 (2.04M/s) stops=85
[8800/28392 items] 1975s settings=4021388800 (2.04M/s) stops=90
[9000/28392 items] 2019s settings=4112784000 (2.04M/s) stops=104
[9200/28392 items] 2066s settings=4204179200 (2.04M/s) stops=108
[9400/28392 items] 2110s settings=4295574400 (2.04M/s) stops=112
[9600/28392 items] 2154s settings=4386969600 (2.04M/s) stops=113
[9800/28392 items] 2197s settings=4478364800 (2.04M/s) stops=114
[10000/28392 items] 2241s settings=4569760000 (2.04M/s) stops=119
[10200/28392 items] 2289s settings=4661155200 (2.04M/s) stops=120
[10400/28392 items] 2334s settings=4752550400 (2.04M/s) stops=121
[10600/28392 items] 2382s settings=4843945600 (2.03M/s) stops=121
[10800/28392 items] 2429s settings=4935340800 (2.03M/s) stops=121
[11000/28392 items] 2477s settings=5026736000 (2.03M/s) stops=121
[11200/28392 items] 2521s settings=5118131200 (2.03M/s) stops=125
[11400/28392 items] 2572s settings=5209526400 (2.03M/s) stops=125
[11600/28392 items] 2616s settings=5300921600 (2.03M/s) stops=135
[11800/28392 items] 2660s settings=5392316800 (2.03M/s) stops=136
[12000/28392 items] 2703s settings=5483712000 (2.03M/s) stops=140
[12200/28392 items] 2748s settings=5575107200 (2.03M/s) stops=142
[12400/28392 items] 2794s settings=5666502400 (2.03M/s) stops=142
[12600/28392 items] 2837s settings=5757897600 (2.03M/s) stops=143
[12800/28392 items] 2884s settings=5849292800 (2.03M/s) stops=143
[13000/28392 items] 2926s settings=5940688000 (2.03M/s) stops=146
[13200/28392 items] 2975s settings=6032083200 (2.03M/s) stops=150
[13400/28392 items] 3018s settings=6123478400 (2.03M/s) stops=152
[13600/28392 items] 3061s settings=6214873600 (2.03M/s) stops=159
[13800/28392 items] 3107s settings=6306268800 (2.03M/s) stops=167
[14000/28392 items] 3155s settings=6397664000 (2.03M/s) stops=167
[14200/28392 items] 3198s settings=6489059200 (2.03M/s) stops=167
[14400/28392 items] 3247s settings=6580454400 (2.03M/s) stops=168
[14600/28392 items] 3296s settings=6671849600 (2.02M/s) stops=173
[14800/28392 items] 3343s settings=6763244800 (2.02M/s) stops=174
[15000/28392 items] 3392s settings=6854640000 (2.02M/s) stops=175
[15200/28392 items] 3442s settings=6946035200 (2.02M/s) stops=175
[15400/28392 items] 3489s settings=7037430400 (2.02M/s) stops=176
[15600/28392 items] 3536s settings=7128825600 (2.02M/s) stops=176
[15800/28392 items] 3585s settings=7220220800 (2.01M/s) stops=176
[16000/28392 items] 3632s settings=7311616000 (2.01M/s) stops=181
[16200/28392 items] 3681s settings=7403011200 (2.01M/s) stops=181
[16400/28392 items] 3726s settings=7494406400 (2.01M/s) stops=181
[16600/28392 items] 3768s settings=7585801600 (2.01M/s) stops=187
[16800/28392 items] 3813s settings=7677196800 (2.01M/s) stops=191
[17000/28392 items] 3858s settings=7768592000 (2.01M/s) stops=193
[17200/28392 items] 3900s settings=7859987200 (2.02M/s) stops=193
[17400/28392 items] 3940s settings=7951382400 (2.02M/s) stops=193
[17600/28392 items] 3979s settings=8042777600 (2.02M/s) stops=197
[17800/28392 items] 4019s settings=8134172800 (2.02M/s) stops=197
[18000/28392 items] 4059s settings=8225568000 (2.03M/s) stops=198
[18200/28392 items] 4102s settings=8316963200 (2.03M/s) stops=198
[18400/28392 items] 4142s settings=8408358400 (2.03M/s) stops=199
[18600/28392 items] 4181s settings=8499753600 (2.03M/s) stops=199
[18800/28392 items] 4221s settings=8591148800 (2.04M/s) stops=199
[19000/28392 items] 4261s settings=8682544000 (2.04M/s) stops=202
[19200/28392 items] 4301s settings=8773939200 (2.04M/s) stops=203
[19400/28392 items] 4341s settings=8865334400 (2.04M/s) stops=205
[19600/28392 items] 4382s settings=8956729600 (2.04M/s) stops=207
[19800/28392 items] 4422s settings=9048124800 (2.05M/s) stops=209
[20000/28392 items] 4463s settings=9139520000 (2.05M/s) stops=214
[20200/28392 items] 4504s settings=9230915200 (2.05M/s) stops=215
[20400/28392 items] 4548s settings=9322310400 (2.05M/s) stops=217
[20600/28392 items] 4591s settings=9413705600 (2.05M/s) stops=219
[20800/28392 items] 4636s settings=9505100800 (2.05M/s) stops=222
[21000/28392 items] 4679s settings=9596496000 (2.05M/s) stops=224
[21200/28392 items] 4723s settings=9687891200 (2.05M/s) stops=224
[21400/28392 items] 4767s settings=9779286400 (2.05M/s) stops=225
[21600/28392 items] 4811s settings=9870681600 (2.05M/s) stops=225
[21800/28392 items] 4859s settings=9962076800 (2.05M/s) stops=225
[22000/28392 items] 4907s settings=10053472000 (2.05M/s) stops=232
[22200/28392 items] 4959s settings=10144867200 (2.05M/s) stops=233
[22400/28392 items] 5013s settings=10236262400 (2.04M/s) stops=241
[22600/28392 items] 5064s settings=10327657600 (2.04M/s) stops=244
[22800/28392 items] 5117s settings=10419052800 (2.04M/s) stops=245
[23000/28392 items] 5170s settings=10510448000 (2.03M/s) stops=246
[23200/28392 items] 5226s settings=10601843200 (2.03M/s) stops=246
[23400/28392 items] 5286s settings=10693238400 (2.02M/s) stops=246
[23600/28392 items] 5350s settings=10784633600 (2.02M/s) stops=246
[23800/28392 items] 5413s settings=10876028800 (2.01M/s) stops=246
[24000/28392 items] 5472s settings=10967424000 (2.00M/s) stops=246
[24200/28392 items] 5534s settings=11058819200 (2.00M/s) stops=246
[24400/28392 items] 5585s settings=11150214400 (2.00M/s) stops=247
[24600/28392 items] 5637s settings=11241609600 (1.99M/s) stops=250
[24800/28392 items] 5692s settings=11333004800 (1.99M/s) stops=250
[25000/28392 items] 5745s settings=11424400000 (1.99M/s) stops=250
[25200/28392 items] 5802s settings=11515795200 (1.98M/s) stops=260
[25400/28392 items] 5856s settings=11607190400 (1.98M/s) stops=260
[25600/28392 items] 5908s settings=11698585600 (1.98M/s) stops=260
[25800/28392 items] 5961s settings=11789980800 (1.98M/s) stops=263
[26000/28392 items] 6014s settings=11881376000 (1.98M/s) stops=268
[26200/28392 items] 6066s settings=11972771200 (1.97M/s) stops=269
[26400/28392 items] 6127s settings=12064166400 (1.97M/s) stops=269
[26600/28392 items] 6191s settings=12155561600 (1.96M/s) stops=270
[26800/28392 items] 6245s settings=12246956800 (1.96M/s) stops=270
[27000/28392 items] 6298s settings=12338352000 (1.96M/s) stops=270
[27200/28392 items] 6350s settings=12429747200 (1.96M/s) stops=279
[27400/28392 items] 6402s settings=12521142400 (1.96M/s) stops=285
[27600/28392 items] 6462s settings=12612537600 (1.95M/s) stops=298
[27800/28392 items] 6526s settings=12703932800 (1.95M/s) stops=305
[28000/28392 items] 6576s settings=12795328000 (1.95M/s) stops=305
[28200/28392 items] 6624s settings=12886723200 (1.95M/s) stops=306
DONE settings=12974462592 time=6669.4s rate=1.945M settings/s (0.973M/s/thread, 2 threads) T-evals/setting=0.0 stops=307
crib 0 UEBERFUEHRUN..(70)@0: block-stops=39; verified g histogram: g27:1 g30:4 g31:3 g32:1 g33:1 g34:7 g35:4 g36:4 g37:3 g38:5 g39:2 g40:3 g42:1
crib 1 UEBERFUEHRUN..(69)@0: block-stops=72; verified g histogram: g25:1 g27:1 g28:7 g29:1 g30:4 g31:3 g32:15 g33:4 g34:5 g35:3 g36:5 g37:12 g38:6 g39:5
crib 2 UEBERFUEHRUN..(70)@0: block-stops=22; verified g histogram: g30:1 g33:4 g34:1 g35:5 g36:2 g38:1 g39:6 g41:2
crib 3 UEBERFUEHRUN..(68)@0: block-stops=95; verified g histogram: g25:9 g26:1 g27:1 g28:1 g29:1 g30:3 g31:2 g32:9 g33:10 g34:23 g35:5 g36:5 g37:4 g38:14 g39:1 g40:4 g41:2
crib 4 UEBERFUEHRUN..(69)@0: block-stops=62; verified g histogram: g24:1 g25:2 g26:3 g27:4 g28:2 g29:3 g30:5 g31:6 g32:5 g33:5 g34:6 g35:1 g36:8 g37:4 g38:4 g39:1 g40:1 g41:1
crib 5 UEBERFUEHRUN..(70)@0: block-stops=17; verified g histogram: g34:5 g37:5 g40:7
ranking 0 hits with corpus/ngrams/navalblend_quadgrams.txt (restarts=4)
ranking done in 0.0s -> runs/r14/out/R1_p179_full_k3.rank.tsv
