crib 0 JPETERVONDAN..(31)@1 used=27 excluded=[1 10 20 25 ] blocks=1 sizes: 27(pivot R, loops 6)
crib 1 JPETERVONDAN..(31)@2 used=27 excluded=[10 20 25 32 ] blocks=1 sizes: 27(pivot R, loops 6)
crib 2 JPETERVONDAN..(31)@7 used=27 excluded=[10 20 25 32 ] blocks=1 sizes: 27(pivot E, loops 8)
crib 3 JPETERVONDAN..(31)@12 used=28 excluded=[20 25 32 ] blocks=1 sizes: 28(pivot E, loops 7)
crib 4 JPETERVONDAN..(31)@13 used=28 excluded=[20 25 32 ] blocks=1 sizes: 28(pivot R, loops 5)
crib 5 JPETERVONDAN..(31)@14 used=28 excluded=[20 25 32 ] blocks=1 sizes: 28(pivot R, loops 7)
crib 6 JPETERVONDAN..(31)@17 used=28 excluded=[20 25 32 ] blocks=1 sizes: 28(pivot R, loops 7)
crib 7 JPETERVONDAN..(31)@18 used=28 excluded=[20 25 32 ] blocks=1 sizes: 28(pivot R, loops 6)
crib 8 JPETERVONDAN..(31)@19 used=28 excluded=[20 25 32 ] blocks=1 sizes: 28(pivot R, loops 7)
crib 9 JPETERVONDAN..(31)@22 used=29 excluded=[25 32 ] blocks=1 sizes: 29(pivot R, loops 7)
crib 10 JPETERVONDAN..(31)@26 used=30 excluded=[32 ] blocks=1 sizes: 30(pivot R, loops 6)
crib 11 JPETERVONDAN..(31)@29 used=29 excluded=[32 58 ] blocks=1 sizes: 29(pivot E, loops 6)
crib 12 JPETERVONDAN..(31)@31 used=28 excluded=[32 58 60 ] blocks=1 sizes: 28(pivot N, loops 5)
crib 13 JPETERVONDAN..(31)@32 used=28 excluded=[32 58 60 ] blocks=1 sizes: 28(pivot E, loops 6)
crib 14 JPETERVONDAN..(31)@33 used=29 excluded=[58 60 ] blocks=1 sizes: 29(pivot N, loops 6)
crib 15 JPETERVONDAN..(31)@35 used=29 excluded=[58 60 ] blocks=1 sizes: 29(pivot E, loops 6)
crib 16 JPETERVONDAN..(31)@40 used=27 excluded=[58 60 67 68 ] blocks=1 sizes: 27(pivot G, loops 5)
crib 17 PETERVONDANZ..(29)@0 used=25 excluded=[1 10 20 25 ] blocks=1 sizes: 25(pivot A, loops 3)
crib 18 PETERVONDANZ..(29)@1 used=25 excluded=[1 10 20 25 ] blocks=1 sizes: 25(pivot E, loops 5)
crib 19 PETERVONDANZ..(29)@2 used=26 excluded=[10 20 25 ] blocks=1 sizes: 26(pivot E, loops 6)
crib 20 PETERVONDANZ..(29)@3 used=26 excluded=[10 20 25 ] blocks=1 sizes: 26(pivot E, loops 5)
crib 21 PETERVONDANZ..(29)@5 used=25 excluded=[10 20 25 32 ] blocks=1 sizes: 25(pivot E, loops 4)
crib 22 PETERVONDANZ..(29)@12 used=26 excluded=[20 25 32 ] blocks=1 sizes: 26(pivot E, loops 5)
crib 23 PETERVONDANZ..(29)@14 used=26 excluded=[20 25 32 ] blocks=1 sizes: 26(pivot R, loops 6)
crib 24 PETERVONDANZ..(29)@15 used=26 excluded=[20 25 32 ] blocks=1 sizes: 26(pivot R, loops 6)
crib 25 PETERVONDANZ..(29)@18 used=26 excluded=[20 25 32 ] blocks=1 sizes: 26(pivot R, loops 5)
crib 26 PETERVONDANZ..(29)@19 used=26 excluded=[20 25 32 ] blocks=1 sizes: 26(pivot R, loops 5)
crib 27 PETERVONDANZ..(29)@20 used=26 excluded=[20 25 32 ] blocks=1 sizes: 26(pivot R, loops 7)
crib 28 PETERVONDANZ..(29)@21 used=27 excluded=[25 32 ] blocks=1 sizes: 27(pivot E, loops 7)
crib 29 PETERVONDANZ..(29)@23 used=27 excluded=[25 32 ] blocks=1 sizes: 27(pivot R, loops 6)
crib 30 PETERVONDANZ..(29)@25 used=27 excluded=[25 32 ] blocks=1 sizes: 27(pivot R, loops 6)
crib 31 PETERVONDANZ..(29)@27 used=28 excluded=[32 ] blocks=1 sizes: 28(pivot R, loops 5)
crib 32 PETERVONDANZ..(29)@29 used=28 excluded=[32 ] blocks=1 sizes: 28(pivot N, loops 6)
crib 33 PETERVONDANZ..(29)@32 used=26 excluded=[32 58 60 ] blocks=1 sizes: 26(pivot E, loops 4)
crib 34 PETERVONDANZ..(29)@33 used=27 excluded=[58 60 ] blocks=1 sizes: 27(pivot N, loops 5)
crib 35 PETERVONDANZ..(29)@34 used=27 excluded=[58 60 ] blocks=1 sizes: 27(pivot E, loops 6)
crib 36 PETERVONDANZ..(29)@37 used=27 excluded=[58 60 ] blocks=1 sizes: 27(pivot E, loops 5)
crib 37 PETERVONDANZ..(29)@41 used=25 excluded=[58 60 67 68 ] blocks=1 sizes: 25(pivot E, loops 3)
crib 38 PETERVONDANZ..(29)@42 used=25 excluded=[58 60 67 68 ] blocks=1 sizes: 25(pivot G, loops 5)
[200/28392 items] 80s settings=91395200 (1.15M/s) stops=0
[400/28392 items] 160s settings=182790400 (1.15M/s) stops=0
[600/28392 items] 240s settings=274185600 (1.14M/s) stops=0
[800/28392 items] 321s settings=365580800 (1.14M/s) stops=0
[1000/28392 items] 401s settings=456976000 (1.14M/s) stops=0
[1200/28392 items] 482s settings=548371200 (1.14M/s) stops=0
[1400/28392 items] 562s settings=639766400 (1.14M/s) stops=0
[1600/28392 items] 642s settings=731161600 (1.14M/s) stops=0
[1800/28392 items] 721s settings=822556800 (1.14M/s) stops=0
[2000/28392 items] 802s settings=913952000 (1.14M/s) stops=0
[2200/28392 items] 882s settings=1005347200 (1.14M/s) stops=0
[2400/28392 items] 962s settings=1096742400 (1.14M/s) stops=0
[2600/28392 items] 1043s settings=1188137600 (1.14M/s) stops=0
[2800/28392 items] 1124s settings=1279532800 (1.14M/s) stops=0
[3000/28392 items] 1203s settings=1370928000 (1.14M/s) stops=0
[3200/28392 items] 1282s settings=1462323200 (1.14M/s) stops=0
[3400/28392 items] 1362s settings=1553718400 (1.14M/s) stops=0
[3600/28392 items] 1441s settings=1645113600 (1.14M/s) stops=0
[3800/28392 items] 1521s settings=1736508800 (1.14M/s) stops=0
[4000/28392 items] 1601s settings=1827904000 (1.14M/s) stops=0
[4200/28392 items] 1681s settings=1919299200 (1.14M/s) stops=0
[4400/28392 items] 1761s settings=2010694400 (1.14M/s) stops=0
[4600/28392 items] 1842s settings=2102089600 (1.14M/s) stops=0
[4800/28392 items] 1921s settings=2193484800 (1.14M/s) stops=0
[5000/28392 items] 2002s settings=2284880000 (1.14M/s) stops=0
[5200/28392 items] 2082s settings=2376275200 (1.14M/s) stops=0
[5400/28392 items] 2163s settings=2467670400 (1.14M/s) stops=0
[5600/28392 items] 2242s settings=2559065600 (1.14M/s) stops=0
[5800/28392 items] 2321s settings=2650460800 (1.14M/s) stops=0
[6000/28392 items] 2400s settings=2741856000 (1.14M/s) stops=0
[6200/28392 items] 2480s settings=2833251200 (1.14M/s) stops=0
[6400/28392 items] 2560s settings=2924646400 (1.14M/s) stops=0
[6600/28392 items] 2640s settings=3016041600 (1.14M/s) stops=0
[6800/28392 items] 2720s settings=3107436800 (1.14M/s) stops=0
[7000/28392 items] 2799s settings=3198832000 (1.14M/s) stops=0
[7200/28392 items] 2880s settings=3290227200 (1.14M/s) stops=0
[7400/28392 items] 2960s settings=3381622400 (1.14M/s) stops=0
[7600/28392 items] 3039s settings=3473017600 (1.14M/s) stops=0
[7800/28392 items] 3119s settings=3564412800 (1.14M/s) stops=0
[8000/28392 items] 3199s settings=3655808000 (1.14M/s) stops=0
[8200/28392 items] 3279s settings=3747203200 (1.14M/s) stops=0
[8400/28392 items] 3358s settings=3838598400 (1.14M/s) stops=0
[8600/28392 items] 3438s settings=3929993600 (1.14M/s) stops=0
[8800/28392 items] 3517s settings=4021388800 (1.14M/s) stops=0
[9000/28392 items] 3597s settings=4112784000 (1.14M/s) stops=0
[9200/28392 items] 3677s settings=4204179200 (1.14M/s) stops=0
[9400/28392 items] 3757s settings=4295574400 (1.14M/s) stops=0
[9600/28392 items] 3838s settings=4386969600 (1.14M/s) stops=0
[9800/28392 items] 3918s settings=4478364800 (1.14M/s) stops=0
[10000/28392 items] 3999s settings=4569760000 (1.14M/s) stops=0
[10200/28392 items] 4079s settings=4661155200 (1.14M/s) stops=0
[10400/28392 items] 4159s settings=4752550400 (1.14M/s) stops=0
[10600/28392 items] 4239s settings=4843945600 (1.14M/s) stops=0
[10800/28392 items] 4319s settings=4935340800 (1.14M/s) stops=0
[11000/28392 items] 4399s settings=5026736000 (1.14M/s) stops=0
[11200/28392 items] 4480s settings=5118131200 (1.14M/s) stops=0
[11400/28392 items] 4560s settings=5209526400 (1.14M/s) stops=0
[11600/28392 items] 4640s settings=5300921600 (1.14M/s) stops=0
[11800/28392 items] 4721s settings=5392316800 (1.14M/s) stops=0
[12000/28392 items] 4801s settings=5483712000 (1.14M/s) stops=0
[12200/28392 items] 4881s settings=5575107200 (1.14M/s) stops=0
[12400/28392 items] 4962s settings=5666502400 (1.14M/s) stops=0
[12600/28392 items] 5042s settings=5757897600 (1.14M/s) stops=0
[12800/28392 items] 5122s settings=5849292800 (1.14M/s) stops=0
[13000/28392 items] 5203s settings=5940688000 (1.14M/s) stops=0
[13200/28392 items] 5283s settings=6032083200 (1.14M/s) stops=0
[13400/28392 items] 5363s settings=6123478400 (1.14M/s) stops=0
[13600/28392 items] 5442s settings=6214873600 (1.14M/s) stops=0
[13800/28392 items] 5522s settings=6306268800 (1.14M/s) stops=0
[14000/28392 items] 5601s settings=6397664000 (1.14M/s) stops=0
[14200/28392 items] 5681s settings=6489059200 (1.14M/s) stops=0
[14400/28392 items] 5761s settings=6580454400 (1.14M/s) stops=0
[14600/28392 items] 5841s settings=6671849600 (1.14M/s) stops=0
[14800/28392 items] 5920s settings=6763244800 (1.14M/s) stops=0
[15000/28392 items] 6000s settings=6854640000 (1.14M/s) stops=0
[15200/28392 items] 6080s settings=6946035200 (1.14M/s) stops=0
[15400/28392 items] 6159s settings=7037430400 (1.14M/s) stops=0
[15600/28392 items] 6239s settings=7128825600 (1.14M/s) stops=0
[15800/28392 items] 6319s settings=7220220800 (1.14M/s) stops=0
[16000/28392 items] 6399s settings=7311616000 (1.14M/s) stops=0
[16200/28392 items] 6479s settings=7403011200 (1.14M/s) stops=0
[16400/28392 items] 6560s settings=7494406400 (1.14M/s) stops=0
[16600/28392 items] 6639s settings=7585801600 (1.14M/s) stops=0
[16800/28392 items] 6719s settings=7677196800 (1.14M/s) stops=0
[17000/28392 items] 6799s settings=7768592000 (1.14M/s) stops=0
[17200/28392 items] 6879s settings=7859987200 (1.14M/s) stops=0
[17400/28392 items] 6958s settings=7951382400 (1.14M/s) stops=0
[17600/28392 items] 7038s settings=8042777600 (1.14M/s) stops=0
[17800/28392 items] 7117s settings=8134172800 (1.14M/s) stops=0
[18000/28392 items] 7199s settings=8225568000 (1.14M/s) stops=0
[18200/28392 items] 7283s settings=8316963200 (1.14M/s) stops=0
[18400/28392 items] 7368s settings=8408358400 (1.14M/s) stops=0
[18600/28392 items] 7449s settings=8499753600 (1.14M/s) stops=0
[18800/28392 items] 7532s settings=8591148800 (1.14M/s) stops=0
[19000/28392 items] 7614s settings=8682544000 (1.14M/s) stops=0
[19200/28392 items] 7695s settings=8773939200 (1.14M/s) stops=0
[19400/28392 items] 7774s settings=8865334400 (1.14M/s) stops=0
[19600/28392 items] 7856s settings=8956729600 (1.14M/s) stops=0
[19800/28392 items] 7935s settings=9048124800 (1.14M/s) stops=0
[20000/28392 items] 8016s settings=9139520000 (1.14M/s) stops=0
[20200/28392 items] 8097s settings=9230915200 (1.14M/s) stops=0
[20400/28392 items] 8177s settings=9322310400 (1.14M/s) stops=0
[20600/28392 items] 8257s settings=9413705600 (1.14M/s) stops=0
[20800/28392 items] 8337s settings=9505100800 (1.14M/s) stops=0
[21000/28392 items] 8416s settings=9596496000 (1.14M/s) stops=0
[21200/28392 items] 8496s settings=9687891200 (1.14M/s) stops=0
[21400/28392 items] 8576s settings=9779286400 (1.14M/s) stops=0
[21600/28392 items] 8657s settings=9870681600 (1.14M/s) stops=0
[21800/28392 items] 8737s settings=9962076800 (1.14M/s) stops=0
[22000/28392 items] 8818s settings=10053472000 (1.14M/s) stops=0
[22200/28392 items] 8898s settings=10144867200 (1.14M/s) stops=0
[22400/28392 items] 8979s settings=10236262400 (1.14M/s) stops=0
[22600/28392 items] 9060s settings=10327657600 (1.14M/s) stops=0
[22800/28392 items] 9140s settings=10419052800 (1.14M/s) stops=0
[23000/28392 items] 9221s settings=10510448000 (1.14M/s) stops=0
[23200/28392 items] 9300s settings=10601843200 (1.14M/s) stops=0
[23400/28392 items] 9380s settings=10693238400 (1.14M/s) stops=0
[23600/28392 items] 9462s settings=10784633600 (1.14M/s) stops=0
[23800/28392 items] 9542s settings=10876028800 (1.14M/s) stops=0
[24000/28392 items] 9623s settings=10967424000 (1.14M/s) stops=0
[24200/28392 items] 9703s settings=11058819200 (1.14M/s) stops=0
[24400/28392 items] 9783s settings=11150214400 (1.14M/s) stops=0
[24600/28392 items] 9863s settings=11241609600 (1.14M/s) stops=0
[24800/28392 items] 9943s settings=11333004800 (1.14M/s) stops=0
[25000/28392 items] 10023s settings=11424400000 (1.14M/s) stops=0
[25200/28392 items] 10102s settings=11515795200 (1.14M/s) stops=0
[25400/28392 items] 10183s settings=11607190400 (1.14M/s) stops=0
[25600/28392 items] 10264s settings=11698585600 (1.14M/s) stops=0
[25800/28392 items] 10343s settings=11789980800 (1.14M/s) stops=0
[26000/28392 items] 10423s settings=11881376000 (1.14M/s) stops=0
[26200/28392 items] 10504s settings=11972771200 (1.14M/s) stops=0
[26400/28392 items] 10584s settings=12064166400 (1.14M/s) stops=0
[26600/28392 items] 10664s settings=12155561600 (1.14M/s) stops=0
[26800/28392 items] 10745s settings=12246956800 (1.14M/s) stops=0
[27000/28392 items] 10826s settings=12338352000 (1.14M/s) stops=0
[27200/28392 items] 10906s settings=12429747200 (1.14M/s) stops=0
[27400/28392 items] 10987s settings=12521142400 (1.14M/s) stops=0
[27600/28392 items] 11067s settings=12612537600 (1.14M/s) stops=0
[27800/28392 items] 11147s settings=12703932800 (1.14M/s) stops=0
[28000/28392 items] 11228s settings=12795328000 (1.14M/s) stops=0
[28200/28392 items] 11309s settings=12886723200 (1.14M/s) stops=0
DONE settings=12974462592 time=11386.9s rate=1.139M settings/s (0.570M/s/thread, 2 threads) T-evals/setting=0.0 stops=0
crib 0 JPETERVONDAN..(31)@1: block-stops=0; verified g histogram:
crib 1 JPETERVONDAN..(31)@2: block-stops=0; verified g histogram:
crib 2 JPETERVONDAN..(31)@7: block-stops=0; verified g histogram:
crib 3 JPETERVONDAN..(31)@12: block-stops=0; verified g histogram:
crib 4 JPETERVONDAN..(31)@13: block-stops=0; verified g histogram:
crib 5 JPETERVONDAN..(31)@14: block-stops=0; verified g histogram:
crib 6 JPETERVONDAN..(31)@17: block-stops=0; verified g histogram:
crib 7 JPETERVONDAN..(31)@18: block-stops=0; verified g histogram:
crib 8 JPETERVONDAN..(31)@19: block-stops=0; verified g histogram:
crib 9 JPETERVONDAN..(31)@22: block-stops=0; verified g histogram:
crib 10 JPETERVONDAN..(31)@26: block-stops=0; verified g histogram:
crib 11 JPETERVONDAN..(31)@29: block-stops=0; verified g histogram:
crib 12 JPETERVONDAN..(31)@31: block-stops=0; verified g histogram:
crib 13 JPETERVONDAN..(31)@32: block-stops=0; verified g histogram:
crib 14 JPETERVONDAN..(31)@33: block-stops=0; verified g histogram:
crib 15 JPETERVONDAN..(31)@35: block-stops=0; verified g histogram:
crib 16 JPETERVONDAN..(31)@40: block-stops=0; verified g histogram:
crib 17 PETERVONDANZ..(29)@0: block-stops=0; verified g histogram:
crib 18 PETERVONDANZ..(29)@1: block-stops=0; verified g histogram:
crib 19 PETERVONDANZ..(29)@2: block-stops=0; verified g histogram:
crib 20 PETERVONDANZ..(29)@3: block-stops=0; verified g histogram:
crib 21 PETERVONDANZ..(29)@5: block-stops=0; verified g histogram:
crib 22 PETERVONDANZ..(29)@12: block-stops=0; verified g histogram:
crib 23 PETERVONDANZ..(29)@14: block-stops=0; verified g histogram:
crib 24 PETERVONDANZ..(29)@15: block-stops=0; verified g histogram:
crib 25 PETERVONDANZ..(29)@18: block-stops=0; verified g histogram:
crib 26 PETERVONDANZ..(29)@19: block-stops=0; verified g histogram:
crib 27 PETERVONDANZ..(29)@20: block-stops=0; verified g histogram:
crib 28 PETERVONDANZ..(29)@21: block-stops=0; verified g histogram:
crib 29 PETERVONDANZ..(29)@23: block-stops=0; verified g histogram:
crib 30 PETERVONDANZ..(29)@25: block-stops=0; verified g histogram:
crib 31 PETERVONDANZ..(29)@27: block-stops=0; verified g histogram:
crib 32 PETERVONDANZ..(29)@29: block-stops=0; verified g histogram:
crib 33 PETERVONDANZ..(29)@32: block-stops=0; verified g histogram:
crib 34 PETERVONDANZ..(29)@33: block-stops=0; verified g histogram:
crib 35 PETERVONDANZ..(29)@34: block-stops=0; verified g histogram:
crib 36 PETERVONDANZ..(29)@37: block-stops=0; verified g histogram:
crib 37 PETERVONDANZ..(29)@41: block-stops=0; verified g histogram:
crib 38 PETERVONDANZ..(29)@42: block-stops=0; verified g histogram:
ranking 0 hits with corpus/ngrams/navalblend_quadgrams.txt (restarts=4)
ranking done in 0.0s -> runs/r14/out/R2_p179_core_k0.rank.tsv
