crib 0 VERLEGUNGPET..(38)@25 used=34 excluded=[25 32 58 60 ] blocks=2 sizes: 17(pivot E, loops 3) 17(pivot R, loops 6)
[200/28392 items] 4s settings=91395200 (24.00M/s) stops=16
[400/28392 items] 8s settings=182790400 (24.10M/s) stops=26
[600/28392 items] 11s settings=274185600 (24.08M/s) stops=31
[800/28392 items] 15s settings=365580800 (24.12M/s) stops=42
[1000/28392 items] 19s settings=456976000 (24.11M/s) stops=48
[1200/28392 items] 23s settings=548371200 (24.13M/s) stops=57
[1400/28392 items] 27s settings=639766400 (24.13M/s) stops=61
[1600/28392 items] 30s settings=731161600 (24.14M/s) stops=64
[1800/28392 items] 34s settings=822556800 (24.13M/s) stops=69
[2000/28392 items] 38s settings=913952000 (24.06M/s) stops=72
[2200/28392 items] 42s settings=1005347200 (24.05M/s) stops=80
[2400/28392 items] 46s settings=1096742400 (24.04M/s) stops=80
[2600/28392 items] 49s settings=1188137600 (24.02M/s) stops=83
[2800/28392 items] 53s settings=1279532800 (24.03M/s) stops=83
[3000/28392 items] 57s settings=1370928000 (24.01M/s) stops=94
[3200/28392 items] 61s settings=1462323200 (24.00M/s) stops=94
[3400/28392 items] 65s settings=1553718400 (24.00M/s) stops=100
[3600/28392 items] 69s settings=1645113600 (23.99M/s) stops=102
[3800/28392 items] 72s settings=1736508800 (23.97M/s) stops=105
[4000/28392 items] 76s settings=1827904000 (23.98M/s) stops=109
[4200/28392 items] 80s settings=1919299200 (23.98M/s) stops=114
[4400/28392 items] 84s settings=2010694400 (23.98M/s) stops=115
[4600/28392 items] 88s settings=2102089600 (23.98M/s) stops=128
[4800/28392 items] 91s settings=2193484800 (23.98M/s) stops=134
[5000/28392 items] 95s settings=2284880000 (23.97M/s) stops=136
[5200/28392 items] 99s settings=2376275200 (23.98M/s) stops=141
[5400/28392 items] 103s settings=2467670400 (23.97M/s) stops=149
[5600/28392 items] 107s settings=2559065600 (23.97M/s) stops=164
[5800/28392 items] 111s settings=2650460800 (23.97M/s) stops=166
[6000/28392 items] 114s settings=2741856000 (23.96M/s) stops=168
[6200/28392 items] 118s settings=2833251200 (23.96M/s) stops=170
[6400/28392 items] 122s settings=2924646400 (23.96M/s) stops=179
[6600/28392 items] 126s settings=3016041600 (23.96M/s) stops=182
[6800/28392 items] 130s settings=3107436800 (23.96M/s) stops=191
[7000/28392 items] 133s settings=3198832000 (23.96M/s) stops=199
[7200/28392 items] 137s settings=3290227200 (23.97M/s) stops=203
[7400/28392 items] 141s settings=3381622400 (23.97M/s) stops=203
[7600/28392 items] 145s settings=3473017600 (23.97M/s) stops=205
[7800/28392 items] 149s settings=3564412800 (23.97M/s) stops=213
[8000/28392 items] 153s settings=3655808000 (23.97M/s) stops=214
[8200/28392 items] 156s settings=3747203200 (23.97M/s) stops=219
[8400/28392 items] 160s settings=3838598400 (23.98M/s) stops=222
[8600/28392 items] 164s settings=3929993600 (23.98M/s) stops=225
[8800/28392 items] 168s settings=4021388800 (23.98M/s) stops=229
[9000/28392 items] 171s settings=4112784000 (23.98M/s) stops=231
[9200/28392 items] 175s settings=4204179200 (23.98M/s) stops=234
[9400/28392 items] 179s settings=4295574400 (23.98M/s) stops=237
[9600/28392 items] 183s settings=4386969600 (23.99M/s) stops=238
[9800/28392 items] 187s settings=4478364800 (23.99M/s) stops=241
[10000/28392 items] 190s settings=4569760000 (23.99M/s) stops=245
[10200/28392 items] 194s settings=4661155200 (23.99M/s) stops=245
[10400/28392 items] 198s settings=4752550400 (24.00M/s) stops=247
[10600/28392 items] 202s settings=4843945600 (23.99M/s) stops=262
[10800/28392 items] 206s settings=4935340800 (23.99M/s) stops=266
[11000/28392 items] 209s settings=5026736000 (23.99M/s) stops=269
[11200/28392 items] 213s settings=5118131200 (23.99M/s) stops=277
[11400/28392 items] 217s settings=5209526400 (23.99M/s) stops=277
[11600/28392 items] 221s settings=5300921600 (24.00M/s) stops=278
[11800/28392 items] 225s settings=5392316800 (24.00M/s) stops=278
[12000/28392 items] 228s settings=5483712000 (24.00M/s) stops=289
[12200/28392 items] 232s settings=5575107200 (24.00M/s) stops=293
[12400/28392 items] 236s settings=5666502400 (24.01M/s) stops=294
[12600/28392 items] 240s settings=5757897600 (24.01M/s) stops=296
[12800/28392 items] 244s settings=5849292800 (24.01M/s) stops=313
[13000/28392 items] 247s settings=5940688000 (24.01M/s) stops=319
[13200/28392 items] 251s settings=6032083200 (24.01M/s) stops=325
[13400/28392 items] 255s settings=6123478400 (24.02M/s) stops=333
[13600/28392 items] 259s settings=6214873600 (24.02M/s) stops=336
[13800/28392 items] 263s settings=6306268800 (24.02M/s) stops=346
[14000/28392 items] 266s settings=6397664000 (24.02M/s) stops=352
[14200/28392 items] 270s settings=6489059200 (24.02M/s) stops=354
[14400/28392 items] 274s settings=6580454400 (24.02M/s) stops=363
[14600/28392 items] 278s settings=6671849600 (24.02M/s) stops=369
[14800/28392 items] 282s settings=6763244800 (24.02M/s) stops=381
[15000/28392 items] 285s settings=6854640000 (24.02M/s) stops=385
[15200/28392 items] 289s settings=6946035200 (24.02M/s) stops=387
[15400/28392 items] 293s settings=7037430400 (24.02M/s) stops=389
[15600/28392 items] 297s settings=7128825600 (24.02M/s) stops=396
[15800/28392 items] 301s settings=7220220800 (24.02M/s) stops=404
[16000/28392 items] 304s settings=7311616000 (24.02M/s) stops=411
[16200/28392 items] 308s settings=7403011200 (24.01M/s) stops=414
[16400/28392 items] 312s settings=7494406400 (24.01M/s) stops=418
[16600/28392 items] 316s settings=7585801600 (24.01M/s) stops=419
[16800/28392 items] 320s settings=7677196800 (24.01M/s) stops=420
[17000/28392 items] 324s settings=7768592000 (24.01M/s) stops=422
[17200/28392 items] 327s settings=7859987200 (24.01M/s) stops=430
[17400/28392 items] 331s settings=7951382400 (24.00M/s) stops=437
[17600/28392 items] 335s settings=8042777600 (24.00M/s) stops=452
[17800/28392 items] 339s settings=8134172800 (24.00M/s) stops=454
[18000/28392 items] 343s settings=8225568000 (24.00M/s) stops=464
[18200/28392 items] 347s settings=8316963200 (24.00M/s) stops=464
[18400/28392 items] 350s settings=8408358400 (24.00M/s) stops=466
[18600/28392 items] 354s settings=8499753600 (24.00M/s) stops=469
[18800/28392 items] 358s settings=8591148800 (23.99M/s) stops=476
[19000/28392 items] 362s settings=8682544000 (23.99M/s) stops=487
[19200/28392 items] 366s settings=8773939200 (23.99M/s) stops=487
[19400/28392 items] 370s settings=8865334400 (23.99M/s) stops=491
[19600/28392 items] 373s settings=8956729600 (23.99M/s) stops=499
[19800/28392 items] 377s settings=9048124800 (23.99M/s) stops=503
[20000/28392 items] 381s settings=9139520000 (23.99M/s) stops=510
[20200/28392 items] 385s settings=9230915200 (23.99M/s) stops=514
[20400/28392 items] 389s settings=9322310400 (23.99M/s) stops=515
[20600/28392 items] 392s settings=9413705600 (23.99M/s) stops=519
[20800/28392 items] 396s settings=9505100800 (23.99M/s) stops=532
[21000/28392 items] 400s settings=9596496000 (23.99M/s) stops=535
[21200/28392 items] 404s settings=9687891200 (23.99M/s) stops=538
[21400/28392 items] 408s settings=9779286400 (23.99M/s) stops=538
[21600/28392 items] 411s settings=9870681600 (23.99M/s) stops=543
[21800/28392 items] 415s settings=9962076800 (23.99M/s) stops=552
[22000/28392 items] 419s settings=10053472000 (23.99M/s) stops=556
[22200/28392 items] 423s settings=10144867200 (23.99M/s) stops=565
[22400/28392 items] 427s settings=10236262400 (23.98M/s) stops=567
[22600/28392 items] 431s settings=10327657600 (23.99M/s) stops=576
[22800/28392 items] 434s settings=10419052800 (23.99M/s) stops=587
[23000/28392 items] 438s settings=10510448000 (23.99M/s) stops=594
[23200/28392 items] 442s settings=10601843200 (23.99M/s) stops=597
[23400/28392 items] 446s settings=10693238400 (23.99M/s) stops=602
[23600/28392 items] 450s settings=10784633600 (23.99M/s) stops=602
[23800/28392 items] 453s settings=10876028800 (23.99M/s) stops=606
[24000/28392 items] 457s settings=10967424000 (23.99M/s) stops=616
[24200/28392 items] 461s settings=11058819200 (23.99M/s) stops=621
[24400/28392 items] 465s settings=11150214400 (23.99M/s) stops=625
[24600/28392 items] 469s settings=11241609600 (23.99M/s) stops=629
[24800/28392 items] 472s settings=11333004800 (23.99M/s) stops=633
[25000/28392 items] 476s settings=11424400000 (23.99M/s) stops=636
[25200/28392 items] 480s settings=11515795200 (23.99M/s) stops=638
[25400/28392 items] 484s settings=11607190400 (23.99M/s) stops=642
[25600/28392 items] 488s settings=11698585600 (23.99M/s) stops=657
[25800/28392 items] 491s settings=11789980800 (23.99M/s) stops=661
[26000/28392 items] 495s settings=11881376000 (23.99M/s) stops=664
[26200/28392 items] 499s settings=11972771200 (23.99M/s) stops=668
[26400/28392 items] 503s settings=12064166400 (24.00M/s) stops=671
[26600/28392 items] 507s settings=12155561600 (24.00M/s) stops=678
[26800/28392 items] 510s settings=12246956800 (24.00M/s) stops=685
[27000/28392 items] 514s settings=12338352000 (24.00M/s) stops=699
[27200/28392 items] 518s settings=12429747200 (24.00M/s) stops=701
[27400/28392 items] 522s settings=12521142400 (24.00M/s) stops=702
[27600/28392 items] 525s settings=12612537600 (24.00M/s) stops=704
[27800/28392 items] 529s settings=12703932800 (24.00M/s) stops=708
[28000/28392 items] 533s settings=12795328000 (24.00M/s) stops=714
[28200/28392 items] 537s settings=12886723200 (24.00M/s) stops=721
DONE settings=12974462592 time=540.7s rate=23.997M settings/s (11.999M/s/thread, 2 threads) T-evals/setting=0.0 stops=721
crib 0 VERLEGUNGPET..(38)@25: block-stops=721; verified g histogram: g2:5 g4:2 g5:8 g6:5 g7:15 g8:26 g9:64 g10:39 g11:50 g12:84 g13:98 g14:92 g15:100 g16:91 g17:32 g18:10
ranking 5 hits with corpus/ngrams/navalblend_quadgrams.txt (restarts=4)
ranking done in 0.0s -> runs/r14/out/R4_g2check.rank.tsv
