crib 0 WEITEREBEFEH..(22)@48 used=22 excluded=[] blocks=2 sizes: 11(pivot E, loops 3) 11(pivot R, loops 1)
crib 1 WEITEREBEFEH..(22)@49 used=22 excluded=[] blocks=2 sizes: 11(pivot G, loops 3) 11(pivot E, loops 1)
crib 2 WEITEREBEFEH..(22)@50 used=22 excluded=[] blocks=2 sizes: 11(pivot E, loops 4) 11(pivot G, loops 2)
[200/28392 items] 15s settings=91395200 (6.24M/s) stops=15623644
[400/28392 items] 29s settings=182790400 (6.32M/s) stops=31136163
[600/28392 items] 44s settings=274185600 (6.29M/s) stops=46610319
[800/28392 items] 58s settings=365580800 (6.35M/s) stops=61980479
[1000/28392 items] 72s settings=456976000 (6.37M/s) stops=77574594
[1200/28392 items] 86s settings=548828176 (6.38M/s) stops=93208767
[1400/28392 items] 100s settings=639766400 (6.37M/s) stops=108356185
[1600/28392 items] 115s settings=731161600 (6.35M/s) stops=123912134
[1800/28392 items] 130s settings=822556800 (6.31M/s) stops=139497203
[2000/28392 items] 145s settings=913952000 (6.32M/s) stops=155097502
[2200/28392 items] 159s settings=1005347200 (6.31M/s) stops=170619847
[2400/28392 items] 174s settings=1096742400 (6.32M/s) stops=186223799
[2600/28392 items] 188s settings=1188137600 (6.32M/s) stops=201804178
[2800/28392 items] 203s settings=1279532800 (6.29M/s) stops=217348236
[3000/28392 items] 218s settings=1370928000 (6.28M/s) stops=232819531
[3200/28392 items] 233s settings=1462323200 (6.27M/s) stops=248157298
[3400/28392 items] 247s settings=1553718400 (6.28M/s) stops=263592733
[3600/28392 items] 262s settings=1645113600 (6.29M/s) stops=278899773
[3800/28392 items] 276s settings=1736508800 (6.29M/s) stops=294331436
[4000/28392 items] 291s settings=1827904000 (6.28M/s) stops=309542801
[4200/28392 items] 306s settings=1919299200 (6.27M/s) stops=324840221
[4400/28392 items] 320s settings=2010694400 (6.28M/s) stops=340235703
[4600/28392 items] 334s settings=2102089600 (6.29M/s) stops=355710387
[4800/28392 items] 349s settings=2193484800 (6.29M/s) stops=371300588
[5000/28392 items] 363s settings=2285336976 (6.29M/s) stops=386662259
[5200/28392 items] 378s settings=2376275200 (6.28M/s) stops=402082806
[5400/28392 items] 392s settings=2467670400 (6.30M/s) stops=417528235
[5600/28392 items] 406s settings=2559065600 (6.31M/s) stops=433131341
[5800/28392 items] 420s settings=2650460800 (6.30M/s) stops=448596410
[6000/28392 items] 434s settings=2741856000 (6.31M/s) stops=463977260
[6200/28392 items] 449s settings=2833251200 (6.30M/s) stops=479385114
[6400/28392 items] 465s settings=2924646400 (6.29M/s) stops=494940980
[6600/28392 items] 479s settings=3016041600 (6.29M/s) stops=510398371
[6800/28392 items] 494s settings=3107436800 (6.30M/s) stops=525813722
[7000/28392 items] 508s settings=3198832000 (6.29M/s) stops=541236157
[7200/28392 items] 523s settings=3290227200 (6.29M/s) stops=556774986
[7400/28392 items] 538s settings=3381622400 (6.29M/s) stops=572389919
[7600/28392 items] 551s settings=3473017600 (6.30M/s) stops=587710793
[7800/28392 items] 566s settings=3564412800 (6.30M/s) stops=603300044
[8000/28392 items] 581s settings=3655808000 (6.29M/s) stops=618726075
[8200/28392 items] 596s settings=3747203200 (6.29M/s) stops=634390970
[8400/28392 items] 610s settings=3838598400 (6.29M/s) stops=649760042
[8600/28392 items] 624s settings=3929993600 (6.30M/s) stops=665148212
[8800/28392 items] 638s settings=4021388800 (6.30M/s) stops=680667272
[9000/28392 items] 653s settings=4112784000 (6.30M/s) stops=696361025
[9200/28392 items] 668s settings=4204179200 (6.30M/s) stops=711918593
[9400/28392 items] 683s settings=4295574400 (6.29M/s) stops=727431485
[9600/28392 items] 698s settings=4386969600 (6.29M/s) stops=742940323
[9800/28392 items] 713s settings=4478364800 (6.28M/s) stops=758584307
[10000/28392 items] 728s settings=4569760000 (6.28M/s) stops=774109877
[10200/28392 items] 742s settings=4661155200 (6.28M/s) stops=789318791
[10400/28392 items] 758s settings=4752550400 (6.27M/s) stops=804831233
[10600/28392 items] 772s settings=4843945600 (6.28M/s) stops=820178444
[10800/28392 items] 785s settings=4935340800 (6.28M/s) stops=835556909
[11000/28392 items] 800s settings=5026736000 (6.29M/s) stops=850897902
[11200/28392 items] 813s settings=5118131200 (6.29M/s) stops=866156698
[11400/28392 items] 827s settings=5209526400 (6.30M/s) stops=881448592
[11600/28392 items] 842s settings=5300921600 (6.30M/s) stops=896914097
[11800/28392 items] 856s settings=5392316800 (6.30M/s) stops=912495291
[12000/28392 items] 871s settings=5483712000 (6.30M/s) stops=927894979
[12200/28392 items] 887s settings=5575107200 (6.28M/s) stops=943353179
[12400/28392 items] 902s settings=5666502400 (6.28M/s) stops=958705965
[12600/28392 items] 916s settings=5757897600 (6.29M/s) stops=974319681
[12800/28392 items] 931s settings=5849292800 (6.29M/s) stops=989831786
[13000/28392 items] 945s settings=5940688000 (6.29M/s) stops=1005179539
[13200/28392 items] 958s settings=6032083200 (6.29M/s) stops=1020596461
[13400/28392 items] 973s settings=6123478400 (6.29M/s) stops=1036205891
[13600/28392 items] 988s settings=6214873600 (6.29M/s) stops=1051636221
[13800/28392 items] 1002s settings=6306268800 (6.29M/s) stops=1067184400
[14000/28392 items] 1016s settings=6397664000 (6.30M/s) stops=1082423375
[14200/28392 items] 1032s settings=6489059200 (6.29M/s) stops=1097952387
[14400/28392 items] 1047s settings=6580454400 (6.29M/s) stops=1113597459
[14600/28392 items] 1061s settings=6671849600 (6.29M/s) stops=1129092765
[14800/28392 items] 1076s settings=6763244800 (6.29M/s) stops=1144585590
[15000/28392 items] 1091s settings=6854640000 (6.28M/s) stops=1159951466
[15200/28392 items] 1105s settings=6946035200 (6.28M/s) stops=1175574191
[15400/28392 items] 1120s settings=7037430400 (6.28M/s) stops=1191159707
[15600/28392 items] 1135s settings=7128825600 (6.28M/s) stops=1206396195
[15800/28392 items] 1150s settings=7220220800 (6.28M/s) stops=1221933714
[16000/28392 items] 1165s settings=7311616000 (6.28M/s) stops=1237507971
[16200/28392 items] 1179s settings=7403011200 (6.28M/s) stops=1253108441
[16400/28392 items] 1194s settings=7494406400 (6.28M/s) stops=1268588594
[16600/28392 items] 1209s settings=7585801600 (6.27M/s) stops=1284219716
[16800/28392 items] 1224s settings=7677196800 (6.27M/s) stops=1299719449
[17000/28392 items] 1238s settings=7768592000 (6.28M/s) stops=1315268616
[17200/28392 items] 1253s settings=7859987200 (6.27M/s) stops=1330672154
[17400/28392 items] 1267s settings=7951382400 (6.27M/s) stops=1346032183
[17600/28392 items] 1282s settings=8042777600 (6.27M/s) stops=1361482305
[17800/28392 items] 1296s settings=8134172800 (6.27M/s) stops=1376810613
[18000/28392 items] 1312s settings=8225568000 (6.27M/s) stops=1392248192
[18200/28392 items] 1326s settings=8316963200 (6.27M/s) stops=1407486645
[18400/28392 items] 1340s settings=8408358400 (6.28M/s) stops=1422793119
[18600/28392 items] 1355s settings=8499753600 (6.27M/s) stops=1438234766
[18800/28392 items] 1370s settings=8591148800 (6.27M/s) stops=1453706457
[19000/28392 items] 1385s settings=8682544000 (6.27M/s) stops=1469281453
[19200/28392 items] 1399s settings=8773939200 (6.27M/s) stops=1484548770
[19400/28392 items] 1413s settings=8865334400 (6.27M/s) stops=1500053632
[19600/28392 items] 1428s settings=8956729600 (6.27M/s) stops=1515497760
[19800/28392 items] 1444s settings=9048581776 (6.27M/s) stops=1531163103
[20000/28392 items] 1459s settings=9139520000 (6.26M/s) stops=1546523237
[20200/28392 items] 1474s settings=9230915200 (6.26M/s) stops=1561941337
[20400/28392 items] 1489s settings=9322310400 (6.26M/s) stops=1577336901
[20600/28392 items] 1503s settings=9413705600 (6.26M/s) stops=1592902714
[20800/28392 items] 1517s settings=9505100800 (6.26M/s) stops=1608373247
[21000/28392 items] 1531s settings=9596496000 (6.27M/s) stops=1623786032
[21200/28392 items] 1546s settings=9687891200 (6.27M/s) stops=1639183963
[21400/28392 items] 1562s settings=9779286400 (6.26M/s) stops=1654728442
[21600/28392 items] 1576s settings=9870681600 (6.26M/s) stops=1670332364
[21800/28392 items] 1590s settings=9962076800 (6.27M/s) stops=1685666900
[22000/28392 items] 1605s settings=10053472000 (6.26M/s) stops=1701258955
[22200/28392 items] 1620s settings=10144867200 (6.26M/s) stops=1716676194
[22400/28392 items] 1635s settings=10236262400 (6.26M/s) stops=1732350653
[22600/28392 items] 1650s settings=10327657600 (6.26M/s) stops=1747724404
[22800/28392 items] 1664s settings=10419052800 (6.26M/s) stops=1763102696
[23000/28392 items] 1680s settings=10510448000 (6.26M/s) stops=1778658596
[23200/28392 items] 1694s settings=10601843200 (6.26M/s) stops=1794332316
[23400/28392 items] 1708s settings=10693238400 (6.26M/s) stops=1809911138
[23600/28392 items] 1723s settings=10784633600 (6.26M/s) stops=1825415502
[23800/28392 items] 1737s settings=10876028800 (6.26M/s) stops=1840912301
[24000/28392 items] 1752s settings=10967424000 (6.26M/s) stops=1856530857
[24200/28392 items] 1767s settings=11058819200 (6.26M/s) stops=1872070478
[24400/28392 items] 1782s settings=11150214400 (6.26M/s) stops=1887283132
[24600/28392 items] 1798s settings=11241609600 (6.25M/s) stops=1902792863
[24800/28392 items] 1812s settings=11333004800 (6.25M/s) stops=1918157931
[25000/28392 items] 1827s settings=11424400000 (6.25M/s) stops=1933538934
[25200/28392 items] 1841s settings=11515795200 (6.25M/s) stops=1948868137
[25400/28392 items] 1855s settings=11607190400 (6.26M/s) stops=1964091923
[25600/28392 items] 1870s settings=11698585600 (6.26M/s) stops=1979420432
[25800/28392 items] 1885s settings=11789980800 (6.25M/s) stops=1994909207
[26000/28392 items] 1899s settings=11881376000 (6.26M/s) stops=2010457288
[26200/28392 items] 1913s settings=11972771200 (6.26M/s) stops=2025878677
[26400/28392 items] 1927s settings=12064166400 (6.26M/s) stops=2041280358
[26600/28392 items] 1941s settings=12155561600 (6.26M/s) stops=2056669745
[26800/28392 items] 1955s settings=12246956800 (6.26M/s) stops=2072245316
[27000/28392 items] 1969s settings=12338352000 (6.26M/s) stops=2087785318
[27200/28392 items] 1985s settings=12429747200 (6.26M/s) stops=2103118289
[27400/28392 items] 1999s settings=12521142400 (6.26M/s) stops=2118522660
[27600/28392 items] 2014s settings=12612537600 (6.26M/s) stops=2134111145
[27800/28392 items] 2029s settings=12703932800 (6.26M/s) stops=2149572648
[28000/28392 items] 2044s settings=12795328000 (6.26M/s) stops=2165079910
[28200/28392 items] 2058s settings=12886723200 (6.26M/s) stops=2180305767
DONE settings=12974462592 time=2071.7s rate=6.263M settings/s (0.783M/s/thread, 8 threads) T-evals/setting=9.6 stops=2195257674
crib 0 WEITEREBEFEH..(22)@48: block-stops=1889652927; verified g histogram: g0:11240831 g1:21323237 g2:29336029 g3:48638850 g4:105222977 g5:205282030 g6:317335214 g7:385109295 g8:360026601 g9:251902291 g10:123526874 g11:29113966 g12:1594732
crib 1 WEITEREBEFEH..(22)@49: block-stops=25226749; verified g histogram: g0:18347 g1:181746 g2:702296 g3:1627035 g4:2745936 g5:3723508 g6:4282196 g7:4135975 g8:3680242 g9:2838065 g10:1147732 g11:141291 g12:2380
crib 2 WEITEREBEFEH..(22)@50: block-stops=280377998; verified g histogram: g0:611590 g1:2265420 g2:6379908 g3:14880793 g4:27895249 g5:41948222 g6:52423938 g7:56100002 g8:46218375 g9:24633339 g10:6576464 g11:444698
ranking 20001098 hits with corpus/ngrams/navalblend_quadgrams.txt (restarts=4)
ranking done in 1180.0s -> runs/bombe/step3/end_w22_k1.rank.tsv
