crib 0 FXDXUUUAUSBX..(13)@0 used=13 excluded=[] blocks=1 sizes: 13(pivot U, loops 1)
crib 1 FXDXUUUXAUSB..(14)@0 used=13 excluded=[13 ] blocks=1 sizes: 13(pivot U, loops 2)
[200/28392 items] 3s settings=91395200 (28.05M/s) stops=9245
[400/28392 items] 6s settings=182790400 (31.78M/s) stops=19128
[600/28392 items] 9s settings=274185600 (31.42M/s) stops=28511
[800/28392 items] 11s settings=365580800 (32.10M/s) stops=37494
[1000/28392 items] 14s settings=456976000 (32.29M/s) stops=47317
[1200/28392 items] 17s settings=548371200 (32.08M/s) stops=57299
[1400/28392 items] 20s settings=639766400 (31.56M/s) stops=66455
[1600/28392 items] 23s settings=731161600 (31.23M/s) stops=75672
[1800/28392 items] 27s settings=822556800 (31.02M/s) stops=85413
[2000/28392 items] 30s settings=913952000 (30.58M/s) stops=94999
[2200/28392 items] 33s settings=1005347200 (30.90M/s) stops=104382
[2400/28392 items] 35s settings=1096742400 (31.02M/s) stops=113978
[2600/28392 items] 38s settings=1188137600 (31.36M/s) stops=123522
[2800/28392 items] 41s settings=1280446752 (31.54M/s) stops=133975
[3000/28392 items] 44s settings=1370928000 (31.45M/s) stops=143842
[3200/28392 items] 46s settings=1462323200 (31.61M/s) stops=153954
[3400/28392 items] 49s settings=1553718400 (31.69M/s) stops=163126
[3600/28392 items] 51s settings=1645113600 (31.95M/s) stops=173040
[3800/28392 items] 54s settings=1736508800 (32.21M/s) stops=182426
[4000/28392 items] 57s settings=1827904000 (32.17M/s) stops=192508
[4200/28392 items] 60s settings=1919299200 (32.26M/s) stops=201936
[4400/28392 items] 62s settings=2010694400 (32.19M/s) stops=211508
[4600/28392 items] 65s settings=2102089600 (32.14M/s) stops=221040
[4800/28392 items] 68s settings=2193484800 (32.07M/s) stops=230700
[5000/28392 items] 71s settings=2284880000 (32.03M/s) stops=240103
[5200/28392 items] 74s settings=2376275200 (32.06M/s) stops=249607
[5400/28392 items] 77s settings=2467670400 (32.04M/s) stops=259111
[5600/28392 items] 80s settings=2559065600 (32.01M/s) stops=268149
[5800/28392 items] 83s settings=2650460800 (32.02M/s) stops=277805
[6000/28392 items] 86s settings=2741856000 (31.98M/s) stops=287947
[6200/28392 items] 89s settings=2833251200 (31.96M/s) stops=297874
[6400/28392 items] 91s settings=2924646400 (31.99M/s) stops=307362
[6600/28392 items] 94s settings=3016041600 (31.97M/s) stops=316901
[6800/28392 items] 97s settings=3107436800 (31.95M/s) stops=327001
[7000/28392 items] 100s settings=3198832000 (31.95M/s) stops=336496
[7200/28392 items] 103s settings=3290227200 (31.84M/s) stops=346359
[7400/28392 items] 106s settings=3381622400 (31.89M/s) stops=356441
[7600/28392 items] 109s settings=3473017600 (31.90M/s) stops=365973
[7800/28392 items] 112s settings=3564412800 (31.88M/s) stops=376189
[8000/28392 items] 115s settings=3655808000 (31.86M/s) stops=386037
[8200/28392 items] 117s settings=3747203200 (31.89M/s) stops=395765
[8400/28392 items] 121s settings=3838598400 (31.82M/s) stops=405297
[8600/28392 items] 124s settings=3929993600 (31.75M/s) stops=415329
[8800/28392 items] 127s settings=4021388800 (31.72M/s) stops=425257
[9000/28392 items] 130s settings=4112784000 (31.70M/s) stops=435086
[9200/28392 items] 133s settings=4204179200 (31.66M/s) stops=444435
[9400/28392 items] 136s settings=4295574400 (31.64M/s) stops=453919
[9600/28392 items] 139s settings=4386969600 (31.59M/s) stops=463355
[9800/28392 items] 142s settings=4478364800 (31.59M/s) stops=473260
[10000/28392 items] 145s settings=4569760000 (31.61M/s) stops=482860
[10200/28392 items] 148s settings=4661155200 (31.60M/s) stops=492346
[10400/28392 items] 150s settings=4752550400 (31.63M/s) stops=502509
[10600/28392 items] 153s settings=4843945600 (31.66M/s) stops=511929
[10800/28392 items] 156s settings=4935340800 (31.68M/s) stops=521074
[11000/28392 items] 159s settings=5026736000 (31.71M/s) stops=530566
[11200/28392 items] 161s settings=5118131200 (31.73M/s) stops=540263
[11400/28392 items] 164s settings=5209526400 (31.79M/s) stops=549826
[11600/28392 items] 167s settings=5300921600 (31.80M/s) stops=559335
[11800/28392 items] 170s settings=5392316800 (31.79M/s) stops=568801
[12000/28392 items] 173s settings=5483712000 (31.76M/s) stops=578444
[12200/28392 items] 176s settings=5575107200 (31.73M/s) stops=587716
[12400/28392 items] 178s settings=5666502400 (31.79M/s) stops=597501
[12600/28392 items] 181s settings=5757897600 (31.84M/s) stops=607647
[12800/28392 items] 184s settings=5849292800 (31.83M/s) stops=617175
[13000/28392 items] 187s settings=5940688000 (31.83M/s) stops=626790
[13200/28392 items] 189s settings=6032083200 (31.85M/s) stops=635761
[13400/28392 items] 192s settings=6123478400 (31.88M/s) stops=645186
[13600/28392 items] 195s settings=6214873600 (31.89M/s) stops=654661
[13800/28392 items] 198s settings=6306268800 (31.88M/s) stops=663919
[14000/28392 items] 201s settings=6397664000 (31.88M/s) stops=673453
[14200/28392 items] 203s settings=6489059200 (31.89M/s) stops=683037
[14400/28392 items] 206s settings=6580454400 (31.89M/s) stops=692335
[14600/28392 items] 209s settings=6671849600 (31.87M/s) stops=702124
[14800/28392 items] 212s settings=6763244800 (31.86M/s) stops=711534
[15000/28392 items] 215s settings=6854640000 (31.84M/s) stops=720532
[15200/28392 items] 218s settings=6946035200 (31.83M/s) stops=730095
[15400/28392 items] 221s settings=7037430400 (31.84M/s) stops=739897
[15600/28392 items] 224s settings=7128825600 (31.84M/s) stops=749821
[15800/28392 items] 227s settings=7220220800 (31.83M/s) stops=759766
[16000/28392 items] 230s settings=7311616000 (31.80M/s) stops=769547
[16200/28392 items] 233s settings=7403011200 (31.76M/s) stops=779373
[16400/28392 items] 236s settings=7494406400 (31.74M/s) stops=788736
[16600/28392 items] 239s settings=7585801600 (31.74M/s) stops=798652
[16800/28392 items] 242s settings=7677196800 (31.73M/s) stops=808108
[17000/28392 items] 244s settings=7768592000 (31.78M/s) stops=817674
[17200/28392 items] 247s settings=7859987200 (31.76M/s) stops=827152
[17400/28392 items] 251s settings=7951382400 (31.73M/s) stops=836581
[17600/28392 items] 254s settings=8042777600 (31.71M/s) stops=845956
[17800/28392 items] 256s settings=8134172800 (31.71M/s) stops=855864
[18000/28392 items] 259s settings=8225568000 (31.72M/s) stops=864996
[18200/28392 items] 262s settings=8316963200 (31.74M/s) stops=874152
[18400/28392 items] 265s settings=8408358400 (31.70M/s) stops=883619
[18600/28392 items] 268s settings=8499753600 (31.70M/s) stops=893433
[18800/28392 items] 271s settings=8591148800 (31.70M/s) stops=902979
[19000/28392 items] 274s settings=8682544000 (31.71M/s) stops=912429
[19200/28392 items] 277s settings=8773939200 (31.70M/s) stops=921870
[19400/28392 items] 280s settings=8865334400 (31.69M/s) stops=930930
[19600/28392 items] 283s settings=8956729600 (31.70M/s) stops=940906
[19800/28392 items] 285s settings=9048124800 (31.71M/s) stops=950273
[20000/28392 items] 288s settings=9139520000 (31.70M/s) stops=959689
[20200/28392 items] 291s settings=9230915200 (31.70M/s) stops=968907
[20400/28392 items] 294s settings=9322310400 (31.67M/s) stops=979078
[20600/28392 items] 297s settings=9413705600 (31.67M/s) stops=988204
[20800/28392 items] 300s settings=9505100800 (31.66M/s) stops=997750
[21000/28392 items] 303s settings=9596496000 (31.69M/s) stops=1007766
[21200/28392 items] 305s settings=9687891200 (31.72M/s) stops=1017546
[21400/28392 items] 308s settings=9779286400 (31.71M/s) stops=1027161
[21600/28392 items] 311s settings=9870681600 (31.69M/s) stops=1036590
[21800/28392 items] 315s settings=9962076800 (31.67M/s) stops=1046230
[22000/28392 items] 318s settings=10053472000 (31.65M/s) stops=1055445
[22200/28392 items] 321s settings=10144867200 (31.64M/s) stops=1065266
[22400/28392 items] 324s settings=10236262400 (31.62M/s) stops=1074855
[22600/28392 items] 327s settings=10327657600 (31.62M/s) stops=1084083
[22800/28392 items] 330s settings=10419052800 (31.61M/s) stops=1093433
[23000/28392 items] 333s settings=10510448000 (31.60M/s) stops=1103873
[23200/28392 items] 336s settings=10601843200 (31.57M/s) stops=1113411
[23400/28392 items] 339s settings=10693238400 (31.55M/s) stops=1122613
[23600/28392 items] 342s settings=10784633600 (31.56M/s) stops=1131745
[23800/28392 items] 345s settings=10876028800 (31.56M/s) stops=1141436
[24000/28392 items] 348s settings=10967424000 (31.55M/s) stops=1151236
[24200/28392 items] 350s settings=11058819200 (31.57M/s) stops=1160562
[24400/28392 items] 353s settings=11150214400 (31.60M/s) stops=1170464
[24600/28392 items] 356s settings=11241609600 (31.62M/s) stops=1179825
[24800/28392 items] 358s settings=11333004800 (31.64M/s) stops=1189609
[25000/28392 items] 361s settings=11424400000 (31.63M/s) stops=1198935
[25200/28392 items] 364s settings=11515795200 (31.60M/s) stops=1208417
[25400/28392 items] 367s settings=11607190400 (31.61M/s) stops=1217888
[25600/28392 items] 371s settings=11698585600 (31.56M/s) stops=1227385
[25800/28392 items] 374s settings=11789980800 (31.55M/s) stops=1236955
[26000/28392 items] 377s settings=11881376000 (31.52M/s) stops=1246237
[26200/28392 items] 380s settings=11972771200 (31.54M/s) stops=1255676
[26400/28392 items] 382s settings=12064166400 (31.55M/s) stops=1264859
[26600/28392 items] 385s settings=12155561600 (31.57M/s) stops=1274362
[26800/28392 items] 388s settings=12246956800 (31.55M/s) stops=1283859
[27000/28392 items] 391s settings=12338352000 (31.53M/s) stops=1293349
[27200/28392 items] 394s settings=12429747200 (31.53M/s) stops=1302896
[27400/28392 items] 397s settings=12521142400 (31.54M/s) stops=1312569
[27600/28392 items] 400s settings=12612537600 (31.53M/s) stops=1321861
[27800/28392 items] 403s settings=12703932800 (31.54M/s) stops=1331614
[28000/28392 items] 406s settings=12795328000 (31.54M/s) stops=1340814
[28200/28392 items] 409s settings=12886723200 (31.52M/s) stops=1350475
DONE settings=12974462592 time=411.5s rate=31.527M settings/s (3.941M/s/thread, 8 threads) T-evals/setting=4.1 stops=1360352
crib 0 FXDXUUUAUSBX..(13)@0: block-stops=444400; verified g histogram: g0:305250 g1:139150
crib 1 FXDXUUUXAUSB..(14)@0: block-stops=915952; verified g histogram: g0:498893 g1:371186 g2:45873
ranking 768805 hits with corpus/ngrams/navalblend_quadgrams.txt (restarts=4)
ranking done in 22.0s -> runs/bombe/step3/hdr_fxdx.rank.tsv
