crib 0 FXDXUUUAUSBX..(72)@0 used=35 excluded=[13 14 15 16 17 18 19 20 21 22 23 24 25 26 27 28 29 30 31 32 33 34 35 36 37 38 39 40 41 42 43 44 45 46 47 48 49 ] blocks=2 sizes: 18(pivot X, loops 5) 17(pivot E, loops 6)
crib 1 FXDXUUUXAUSB..(72)@0 used=35 excluded=[13 14 15 16 17 18 19 20 21 22 23 24 25 26 27 28 29 30 31 32 33 34 35 36 37 38 39 40 41 42 43 44 45 46 47 48 49 ] blocks=2 sizes: 18(pivot T, loops 5) 17(pivot E, loops 6)
[200/28392 items] 3s settings=91395200 (27.36M/s) stops=0
[400/28392 items] 7s settings=182790400 (26.80M/s) stops=0
[600/28392 items] 10s settings=274185600 (26.76M/s) stops=1
[800/28392 items] 14s settings=365580800 (26.57M/s) stops=4
[1000/28392 items] 17s settings=456976000 (26.26M/s) stops=6
[1200/28392 items] 21s settings=548371200 (26.31M/s) stops=7
[1400/28392 items] 24s settings=639766400 (26.12M/s) stops=7
[1600/28392 items] 28s settings=731161600 (26.13M/s) stops=10
[1800/28392 items] 31s settings=822556800 (26.36M/s) stops=10
[2000/28392 items] 35s settings=913952000 (26.45M/s) stops=12
[2200/28392 items] 38s settings=1005347200 (26.49M/s) stops=15
[2400/28392 items] 41s settings=1096742400 (26.74M/s) stops=20
[2600/28392 items] 45s settings=1188137600 (26.69M/s) stops=20
[2800/28392 items] 48s settings=1279532800 (26.66M/s) stops=21
[3000/28392 items] 51s settings=1370928000 (26.67M/s) stops=21
[3200/28392 items] 55s settings=1462323200 (26.75M/s) stops=24
[3400/28392 items] 58s settings=1553718400 (26.76M/s) stops=25
[3600/28392 items] 61s settings=1645113600 (26.92M/s) stops=32
[3800/28392 items] 64s settings=1736508800 (26.96M/s) stops=33
[4000/28392 items] 68s settings=1827904000 (27.00M/s) stops=34
[4200/28392 items] 71s settings=1919299200 (27.04M/s) stops=34
[4400/28392 items] 74s settings=2010694400 (27.03M/s) stops=36
[4600/28392 items] 78s settings=2102089600 (27.12M/s) stops=37
[4800/28392 items] 81s settings=2193484800 (27.22M/s) stops=42
[5000/28392 items] 84s settings=2284880000 (27.31M/s) stops=50
[5200/28392 items] 87s settings=2376275200 (27.28M/s) stops=55
[5400/28392 items] 90s settings=2467670400 (27.30M/s) stops=55
[5600/28392 items] 94s settings=2559065600 (27.28M/s) stops=56
[5800/28392 items] 97s settings=2650460800 (27.23M/s) stops=57
[6000/28392 items] 100s settings=2741856000 (27.28M/s) stops=57
[6200/28392 items] 104s settings=2833251200 (27.24M/s) stops=65
[6400/28392 items] 108s settings=2924646400 (27.19M/s) stops=72
[6600/28392 items] 111s settings=3016041600 (27.28M/s) stops=72
[6800/28392 items] 114s settings=3107436800 (27.34M/s) stops=72
[7000/28392 items] 117s settings=3198832000 (27.26M/s) stops=74
[7200/28392 items] 121s settings=3290227200 (27.28M/s) stops=74
[7400/28392 items] 124s settings=3381622400 (27.21M/s) stops=74
[7600/28392 items] 128s settings=3473017600 (27.22M/s) stops=74
[7800/28392 items] 131s settings=3564412800 (27.26M/s) stops=74
[8000/28392 items] 134s settings=3655808000 (27.28M/s) stops=74
[8200/28392 items] 138s settings=3747203200 (27.25M/s) stops=74
[8400/28392 items] 141s settings=3838598400 (27.27M/s) stops=74
[8600/28392 items] 144s settings=3929993600 (27.23M/s) stops=76
[8800/28392 items] 148s settings=4021388800 (27.21M/s) stops=78
[9000/28392 items] 152s settings=4112784000 (27.13M/s) stops=78
[9200/28392 items] 155s settings=4204179200 (27.15M/s) stops=84
[9400/28392 items] 158s settings=4295574400 (27.13M/s) stops=84
[9600/28392 items] 161s settings=4386969600 (27.17M/s) stops=86
[9800/28392 items] 165s settings=4478364800 (27.13M/s) stops=95
[10000/28392 items] 169s settings=4569760000 (27.05M/s) stops=96
[10200/28392 items] 173s settings=4661155200 (27.01M/s) stops=101
[10400/28392 items] 176s settings=4752550400 (26.98M/s) stops=102
[10600/28392 items] 180s settings=4843945600 (26.99M/s) stops=108
[10800/28392 items] 183s settings=4935340800 (26.98M/s) stops=109
[11000/28392 items] 186s settings=5026736000 (26.99M/s) stops=114
[11200/28392 items] 190s settings=5118131200 (26.98M/s) stops=115
[11400/28392 items] 193s settings=5209526400 (27.00M/s) stops=115
[11600/28392 items] 196s settings=5300921600 (27.00M/s) stops=115
[11800/28392 items] 200s settings=5392316800 (27.00M/s) stops=117
[12000/28392 items] 203s settings=5483712000 (27.01M/s) stops=118
[12200/28392 items] 206s settings=5575107200 (27.01M/s) stops=120
[12400/28392 items] 210s settings=5666502400 (27.02M/s) stops=123
[12600/28392 items] 213s settings=5757897600 (27.03M/s) stops=125
[12800/28392 items] 216s settings=5849292800 (27.08M/s) stops=126
[13000/28392 items] 219s settings=5940688000 (27.11M/s) stops=126
[13200/28392 items] 222s settings=6032083200 (27.14M/s) stops=128
[13400/28392 items] 226s settings=6123478400 (27.11M/s) stops=129
[13600/28392 items] 229s settings=6214873600 (27.12M/s) stops=136
[13800/28392 items] 233s settings=6306268800 (27.11M/s) stops=136
[14000/28392 items] 236s settings=6397664000 (27.12M/s) stops=136
[14200/28392 items] 239s settings=6489059200 (27.14M/s) stops=136
[14400/28392 items] 242s settings=6580454400 (27.16M/s) stops=138
[14600/28392 items] 245s settings=6671849600 (27.18M/s) stops=138
[14800/28392 items] 249s settings=6763244800 (27.19M/s) stops=140
[15000/28392 items] 252s settings=6854640000 (27.19M/s) stops=148
[15200/28392 items] 255s settings=6946035200 (27.21M/s) stops=148
[15400/28392 items] 258s settings=7037430400 (27.23M/s) stops=157
[15600/28392 items] 262s settings=7128825600 (27.22M/s) stops=165
[15800/28392 items] 265s settings=7220220800 (27.21M/s) stops=165
[16000/28392 items] 269s settings=7311616000 (27.17M/s) stops=165
[16200/28392 items] 273s settings=7403011200 (27.15M/s) stops=165
[16400/28392 items] 276s settings=7494406400 (27.16M/s) stops=165
[16600/28392 items] 279s settings=7585801600 (27.16M/s) stops=165
[16800/28392 items] 283s settings=7677196800 (27.16M/s) stops=165
[17000/28392 items] 287s settings=7768592000 (27.11M/s) stops=166
[17200/28392 items] 290s settings=7859987200 (27.11M/s) stops=169
[17400/28392 items] 293s settings=7951382400 (27.13M/s) stops=169
[17600/28392 items] 296s settings=8042777600 (27.15M/s) stops=169
[17800/28392 items] 300s settings=8134172800 (27.14M/s) stops=170
[18000/28392 items] 303s settings=8225568000 (27.13M/s) stops=173
[18200/28392 items] 306s settings=8316963200 (27.15M/s) stops=173
[18400/28392 items] 310s settings=8408358400 (27.13M/s) stops=183
[18600/28392 items] 313s settings=8499753600 (27.12M/s) stops=183
[18800/28392 items] 317s settings=8591148800 (27.13M/s) stops=185
[19000/28392 items] 320s settings=8682544000 (27.15M/s) stops=186
[19200/28392 items] 323s settings=8773939200 (27.16M/s) stops=192
[19400/28392 items] 326s settings=8865334400 (27.16M/s) stops=192
[19600/28392 items] 330s settings=8956729600 (27.15M/s) stops=192
[19800/28392 items] 333s settings=9048124800 (27.14M/s) stops=192
[20000/28392 items] 337s settings=9139520000 (27.15M/s) stops=196
[20200/28392 items] 340s settings=9230915200 (27.14M/s) stops=198
[20400/28392 items] 343s settings=9322310400 (27.16M/s) stops=204
[20600/28392 items] 347s settings=9413705600 (27.16M/s) stops=204
[20800/28392 items] 350s settings=9505100800 (27.16M/s) stops=204
[21000/28392 items] 353s settings=9596496000 (27.17M/s) stops=205
[21200/28392 items] 356s settings=9687891200 (27.19M/s) stops=206
[21400/28392 items] 360s settings=9779286400 (27.19M/s) stops=211
[21600/28392 items] 363s settings=9870681600 (27.19M/s) stops=212
[21800/28392 items] 366s settings=9962076800 (27.19M/s) stops=212
[22000/28392 items] 370s settings=10053472000 (27.21M/s) stops=219
[22200/28392 items] 373s settings=10144867200 (27.23M/s) stops=223
[22400/28392 items] 376s settings=10236262400 (27.23M/s) stops=230
[22600/28392 items] 379s settings=10327657600 (27.23M/s) stops=231
[22800/28392 items] 382s settings=10419052800 (27.25M/s) stops=232
[23000/28392 items] 385s settings=10510448000 (27.27M/s) stops=234
[23200/28392 items] 389s settings=10601843200 (27.26M/s) stops=236
[23400/28392 items] 392s settings=10693238400 (27.28M/s) stops=236
[23600/28392 items] 395s settings=10784633600 (27.28M/s) stops=236
[23800/28392 items] 399s settings=10876028800 (27.28M/s) stops=245
[24000/28392 items] 402s settings=10967424000 (27.27M/s) stops=245
[24200/28392 items] 406s settings=11058819200 (27.27M/s) stops=247
[24400/28392 items] 409s settings=11150214400 (27.27M/s) stops=247
[24600/28392 items] 412s settings=11241609600 (27.28M/s) stops=250
[24800/28392 items] 416s settings=11333004800 (27.25M/s) stops=250
[25000/28392 items] 419s settings=11424400000 (27.24M/s) stops=251
[25200/28392 items] 423s settings=11515795200 (27.24M/s) stops=252
[25400/28392 items] 426s settings=11607190400 (27.25M/s) stops=252
[25600/28392 items] 429s settings=11698585600 (27.25M/s) stops=254
[25800/28392 items] 433s settings=11789980800 (27.25M/s) stops=254
[26000/28392 items] 436s settings=11881376000 (27.24M/s) stops=255
[26200/28392 items] 439s settings=11972771200 (27.26M/s) stops=255
[26400/28392 items] 442s settings=12064166400 (27.26M/s) stops=255
[26600/28392 items] 446s settings=12155561600 (27.28M/s) stops=255
[26800/28392 items] 449s settings=12246956800 (27.30M/s) stops=255
[27000/28392 items] 452s settings=12338352000 (27.31M/s) stops=256
[27200/28392 items] 455s settings=12429747200 (27.31M/s) stops=256
[27400/28392 items] 459s settings=12521142400 (27.29M/s) stops=260
[27600/28392 items] 462s settings=12612537600 (27.29M/s) stops=261
[27800/28392 items] 466s settings=12703932800 (27.29M/s) stops=262
[28000/28392 items] 469s settings=12795328000 (27.28M/s) stops=262
[28200/28392 items] 472s settings=12886723200 (27.28M/s) stops=262
DONE settings=12974462592 time=475.6s rate=27.280M settings/s (3.410M/s/thread, 8 threads) T-evals/setting=0.0 stops=269
crib 0 FXDXUUUAUSBX..(72)@0: block-stops=5; verified g histogram: g10:1 g13:1 g14:1 g16:1 g18:1
crib 1 FXDXUUUXAUSB..(72)@0: block-stops=264; verified g histogram: g5:1 g6:2 g8:4 g9:7 g10:14 g11:19 g12:30 g13:59 g14:28 g15:24 g16:42 g17:16 g18:16 g19:2
ranking 0 hits with corpus/ngrams/navalblend_quadgrams.txt (restarts=4)
ranking done in 0.0s -> runs/bombe/step3/hdr_end.rank.tsv
