crib 0 KOMXADMXUUUB..(16)@0 used=15 excluded=[4 ] blocks=1 sizes: 15(pivot E, loops 2)
[200/28392 items] 2s settings=91395200 (45.86M/s) stops=6244
[400/28392 items] 3s settings=182790400 (54.77M/s) stops=12368
[600/28392 items] 5s settings=274185600 (59.57M/s) stops=18526
[800/28392 items] 6s settings=365580800 (62.82M/s) stops=24499
[1000/28392 items] 7s settings=456976000 (64.73M/s) stops=30508
[1200/28392 items] 8s settings=548371200 (66.69M/s) stops=36829
[1400/28392 items] 9s settings=639766400 (67.53M/s) stops=42838
[1600/28392 items] 11s settings=731161600 (67.73M/s) stops=49142
[1800/28392 items] 12s settings=822556800 (69.39M/s) stops=55450
[2000/28392 items] 13s settings=913952000 (69.65M/s) stops=61434
[2200/28392 items] 14s settings=1005347200 (70.66M/s) stops=67620
[2400/28392 items] 15s settings=1096742400 (71.20M/s) stops=73830
[2600/28392 items] 17s settings=1188137600 (71.75M/s) stops=79934
[2800/28392 items] 18s settings=1279532800 (72.17M/s) stops=86204
[3000/28392 items] 19s settings=1370928000 (71.80M/s) stops=92244
[3200/28392 items] 20s settings=1462323200 (71.71M/s) stops=98164
[3400/28392 items] 22s settings=1553718400 (72.17M/s) stops=104016
[3600/28392 items] 23s settings=1645113600 (72.22M/s) stops=110012
[3800/28392 items] 24s settings=1736508800 (72.40M/s) stops=116059
[4000/28392 items] 25s settings=1827904000 (72.72M/s) stops=122548
[4200/28392 items] 26s settings=1919299200 (73.04M/s) stops=128499
[4400/28392 items] 27s settings=2010694400 (73.56M/s) stops=134762
[4600/28392 items] 29s settings=2102089600 (73.44M/s) stops=140731
[4800/28392 items] 30s settings=2193484800 (73.27M/s) stops=146646
[5000/28392 items] 31s settings=2284880000 (73.32M/s) stops=152799
[5200/28392 items] 32s settings=2376275200 (73.44M/s) stops=158908
[5400/28392 items] 34s settings=2467670400 (73.53M/s) stops=164985
[5600/28392 items] 35s settings=2559065600 (73.55M/s) stops=170758
[5800/28392 items] 36s settings=2650460800 (73.29M/s) stops=176991
[6000/28392 items] 37s settings=2741856000 (73.17M/s) stops=183164
[6200/28392 items] 39s settings=2833251200 (73.16M/s) stops=189068
[6400/28392 items] 40s settings=2924646400 (73.11M/s) stops=195135
[6600/28392 items] 41s settings=3016041600 (72.96M/s) stops=201032
[6800/28392 items] 43s settings=3107436800 (72.96M/s) stops=207200
[7000/28392 items] 44s settings=3198832000 (73.02M/s) stops=213313
[7200/28392 items] 45s settings=3290227200 (73.05M/s) stops=219398
[7400/28392 items] 47s settings=3381622400 (72.34M/s) stops=225701
[7600/28392 items] 48s settings=3473017600 (72.32M/s) stops=231957
[7800/28392 items] 49s settings=3564412800 (72.30M/s) stops=238199
[8000/28392 items] 51s settings=3655808000 (72.26M/s) stops=244494
[8200/28392 items] 52s settings=3747203200 (72.37M/s) stops=250600
[8400/28392 items] 53s settings=3838598400 (72.44M/s) stops=256851
[8600/28392 items] 54s settings=3929993600 (72.41M/s) stops=262896
[8800/28392 items] 55s settings=4021845776 (72.56M/s) stops=269056
[9000/28392 items] 57s settings=4112784000 (72.41M/s) stops=275118
[9200/28392 items] 58s settings=4204179200 (72.42M/s) stops=281468
[9400/28392 items] 59s settings=4295574400 (72.67M/s) stops=287480
[9600/28392 items] 60s settings=4386969600 (72.72M/s) stops=293805
[9800/28392 items] 62s settings=4478364800 (72.68M/s) stops=299861
[10000/28392 items] 63s settings=4569760000 (72.84M/s) stops=305690
[10200/28392 items] 64s settings=4661155200 (72.78M/s) stops=311352
[10400/28392 items] 65s settings=4753007376 (72.60M/s) stops=317347
[10600/28392 items] 67s settings=4843945600 (72.66M/s) stops=323175
[10800/28392 items] 68s settings=4935340800 (72.70M/s) stops=329401
[11000/28392 items] 69s settings=5026736000 (72.38M/s) stops=335277
[11200/28392 items] 71s settings=5118588176 (72.38M/s) stops=341362
[11400/28392 items] 72s settings=5209526400 (72.40M/s) stops=347347
[11600/28392 items] 73s settings=5300921600 (72.47M/s) stops=353376
[11800/28392 items] 74s settings=5392316800 (72.55M/s) stops=359452
[12000/28392 items] 75s settings=5483712000 (72.71M/s) stops=365584
[12200/28392 items] 76s settings=5575107200 (72.90M/s) stops=371637
[12400/28392 items] 78s settings=5666502400 (72.88M/s) stops=377726
[12600/28392 items] 79s settings=5757897600 (72.85M/s) stops=383915
[12800/28392 items] 80s settings=5849292800 (72.87M/s) stops=390100
[13000/28392 items] 81s settings=5940688000 (72.98M/s) stops=396180
[13200/28392 items] 83s settings=6032083200 (72.84M/s) stops=402318
[13400/28392 items] 84s settings=6123478400 (72.80M/s) stops=408142
[13600/28392 items] 85s settings=6214873600 (72.72M/s) stops=414183
[13800/28392 items] 87s settings=6306268800 (72.71M/s) stops=420179
[14000/28392 items] 88s settings=6397664000 (72.77M/s) stops=426334
[14200/28392 items] 89s settings=6489059200 (72.80M/s) stops=432068
[14400/28392 items] 90s settings=6580454400 (72.86M/s) stops=438177
[14600/28392 items] 91s settings=6671849600 (72.94M/s) stops=444266
[14800/28392 items] 93s settings=6763244800 (73.01M/s) stops=450264
[15000/28392 items] 94s settings=6854640000 (73.12M/s) stops=456226
[15200/28392 items] 95s settings=6946035200 (73.13M/s) stops=462287
[15400/28392 items] 96s settings=7037430400 (73.08M/s) stops=468281
[15600/28392 items] 97s settings=7128825600 (73.14M/s) stops=474549
[15800/28392 items] 99s settings=7220220800 (73.22M/s) stops=480612
[16000/28392 items] 100s settings=7311616000 (73.26M/s) stops=486793
[16200/28392 items] 101s settings=7403011200 (73.26M/s) stops=492735
[16400/28392 items] 102s settings=7494406400 (73.21M/s) stops=498730
[16600/28392 items] 104s settings=7585801600 (73.27M/s) stops=505002
[16800/28392 items] 105s settings=7677196800 (73.24M/s) stops=511173
[17000/28392 items] 106s settings=7769048976 (73.28M/s) stops=517343
[17200/28392 items] 107s settings=7859987200 (73.21M/s) stops=523309
[17400/28392 items] 109s settings=7951382400 (73.14M/s) stops=529404
[17600/28392 items] 110s settings=8042777600 (72.99M/s) stops=535266
[17800/28392 items] 112s settings=8134629776 (72.95M/s) stops=541287
[18000/28392 items] 113s settings=8226024976 (72.89M/s) stops=547301
[18200/28392 items] 114s settings=8317420176 (72.76M/s) stops=553380
[18400/28392 items] 116s settings=8408358400 (72.71M/s) stops=559214
[18600/28392 items] 117s settings=8499753600 (72.70M/s) stops=565501
[18800/28392 items] 118s settings=8591148800 (72.60M/s) stops=571943
[19000/28392 items] 120s settings=8682544000 (72.38M/s) stops=577844
[19200/28392 items] 121s settings=8773939200 (72.32M/s) stops=584234
[19400/28392 items] 123s settings=8865334400 (72.24M/s) stops=590331
[19600/28392 items] 124s settings=8957186576 (72.18M/s) stops=596613
[19800/28392 items] 125s settings=9048124800 (72.18M/s) stops=602638
[20000/28392 items] 127s settings=9139520000 (72.04M/s) stops=608626
[20200/28392 items] 128s settings=9230915200 (72.04M/s) stops=614716
[20400/28392 items] 129s settings=9322310400 (72.11M/s) stops=620744
[20600/28392 items] 130s settings=9413705600 (72.14M/s) stops=626847
[20800/28392 items] 132s settings=9505100800 (72.12M/s) stops=632836
[21000/28392 items] 133s settings=9596496000 (72.18M/s) stops=638892
[21200/28392 items] 134s settings=9688348176 (72.22M/s) stops=644793
[21400/28392 items] 136s settings=9779286400 (72.16M/s) stops=651002
[21600/28392 items] 137s settings=9870681600 (72.14M/s) stops=656738
[21800/28392 items] 138s settings=9962076800 (72.14M/s) stops=662861
[22000/28392 items] 139s settings=10053472000 (72.10M/s) stops=668827
[22200/28392 items] 141s settings=10144867200 (72.07M/s) stops=674977
[22400/28392 items] 142s settings=10236262400 (72.08M/s) stops=681115
[22600/28392 items] 143s settings=10327657600 (72.14M/s) stops=687059
[22800/28392 items] 144s settings=10419052800 (72.19M/s) stops=693230
[23000/28392 items] 145s settings=10510448000 (72.27M/s) stops=699281
[23200/28392 items] 147s settings=10601843200 (72.36M/s) stops=705717
[23400/28392 items] 148s settings=10693238400 (72.42M/s) stops=711855
[23600/28392 items] 149s settings=10784633600 (72.46M/s) stops=718080
[23800/28392 items] 150s settings=10876028800 (72.49M/s) stops=724099
[24000/28392 items] 151s settings=10967424000 (72.56M/s) stops=730159
[24200/28392 items] 152s settings=11058819200 (72.66M/s) stops=735987
[24400/28392 items] 153s settings=11150214400 (72.74M/s) stops=742312
[24600/28392 items] 155s settings=11241609600 (72.68M/s) stops=748453
[24800/28392 items] 156s settings=11333004800 (72.66M/s) stops=754514
[25000/28392 items] 157s settings=11424400000 (72.56M/s) stops=760695
[25200/28392 items] 159s settings=11515795200 (72.47M/s) stops=766960
[25400/28392 items] 160s settings=11607190400 (72.51M/s) stops=773042
[25600/28392 items] 161s settings=11698585600 (72.55M/s) stops=779083
[25800/28392 items] 162s settings=11789980800 (72.55M/s) stops=785423
[26000/28392 items] 164s settings=11881376000 (72.54M/s) stops=791689
[26200/28392 items] 165s settings=11972771200 (72.55M/s) stops=798105
[26400/28392 items] 166s settings=12064166400 (72.56M/s) stops=804421
[26600/28392 items] 168s settings=12155561600 (72.55M/s) stops=810486
[26800/28392 items] 169s settings=12246956800 (72.60M/s) stops=816443
[27000/28392 items] 170s settings=12338352000 (72.57M/s) stops=822572
[27200/28392 items] 172s settings=12429747200 (72.44M/s) stops=828418
[27400/28392 items] 173s settings=12521142400 (72.34M/s) stops=834538
[27600/28392 items] 175s settings=12612537600 (72.24M/s) stops=840797
[27800/28392 items] 176s settings=12703932800 (72.29M/s) stops=847139
[28000/28392 items] 177s settings=12795328000 (72.35M/s) stops=853335
[28200/28392 items] 178s settings=12886723200 (72.40M/s) stops=859718
DONE settings=12974462592 time=179.2s rate=72.394M settings/s (9.049M/s/thread, 8 threads) T-evals/setting=0.2 stops=865315
crib 0 KOMXADMXUUUB..(16)@0: block-stops=865315; verified g histogram: g0:229404 g1:290221 g2:222823 g3:106178 g4:16689
ranking 220961 hits with corpus/ngrams/navalblend_quadgrams.txt (restarts=4)
ranking done in 7.0s -> runs/bombe/step3/hdr_komx.rank.tsv
