crib 0 ZWOFUENFXUUU..(37)@0 used=32 excluded=[1 10 20 25 32 ] blocks=2 sizes: 16(pivot O, loops 5) 16(pivot F, loops 6)
crib 1 ZWOFUENFXUUU..(36)@0 used=31 excluded=[1 10 20 25 32 ] blocks=2 sizes: 16(pivot F, loops 5) 15(pivot U, loops 5)
crib 2 ZWOFUENFXUUU..(35)@0 used=30 excluded=[1 10 20 25 32 ] blocks=2 sizes: 15(pivot U, loops 4) 15(pivot F, loops 5)
crib 3 ZWOFUENFXUUU..(34)@0 used=29 excluded=[1 10 20 25 32 ] blocks=2 sizes: 15(pivot O, loops 5) 14(pivot V, loops 4)
crib 4 ZWOFUENFXUUU..(34)@0 used=29 excluded=[1 10 20 25 32 ] blocks=2 sizes: 15(pivot U, loops 5) 14(pivot V, loops 5)
crib 5 ZWOFUENFUUUF..(37)@0 used=32 excluded=[1 10 20 25 32 ] blocks=2 sizes: 16(pivot O, loops 6) 16(pivot T, loops 6)
crib 6 ZWOFUENFUUUF..(36)@0 used=31 excluded=[1 10 20 25 32 ] blocks=2 sizes: 16(pivot F, loops 4) 15(pivot U, loops 5)
crib 7 ZWOFUENFUUUF..(35)@0 used=30 excluded=[1 10 20 25 32 ] blocks=2 sizes: 15(pivot E, loops 4) 15(pivot F, loops 4)
crib 8 ZWOFUENFUUUF..(34)@0 used=29 excluded=[1 10 20 25 32 ] blocks=2 sizes: 15(pivot F, loops 4) 14(pivot U, loops 5)
crib 9 ZWOFUENFUUUF..(34)@0 used=29 excluded=[1 10 20 25 32 ] blocks=2 sizes: 15(pivot O, loops 4) 14(pivot U, loops 4)
crib 10 ZWOFUENFUUUF..(37)@0 used=32 excluded=[1 10 20 25 32 ] blocks=2 sizes: 16(pivot U, loops 6) 16(pivot T, loops 5)
crib 11 ZWOFUENFUUUF..(36)@0 used=31 excluded=[1 10 20 25 32 ] blocks=2 sizes: 16(pivot F, loops 6) 15(pivot O, loops 5)
crib 12 ZWOFUENFUUUF..(36)@0 used=31 excluded=[1 10 20 25 32 ] blocks=2 sizes: 16(pivot O, loops 5) 15(pivot F, loops 6)
crib 13 ZWOFUENFUUUF..(35)@0 used=30 excluded=[1 10 20 25 32 ] blocks=2 sizes: 15(pivot O, loops 4) 15(pivot F, loops 6)
crib 14 ZWOFUENFUUUF..(34)@0 used=29 excluded=[1 10 20 25 32 ] blocks=2 sizes: 15(pivot V, loops 3) 14(pivot F, loops 6)
crib 15 ZWOFUENFUUUF..(32)@0 used=28 excluded=[1 10 20 25 ] blocks=2 sizes: 14(pivot F, loops 4) 14(pivot T, loops 4)
crib 16 ZWOFUNFXUUUF..(37)@0 used=32 excluded=[1 10 20 25 32 ] blocks=2 sizes: 16(pivot F, loops 6) 16(pivot U, loops 6)
crib 17 ZWOFUNFXUUUF..(36)@0 used=31 excluded=[1 10 20 25 32 ] blocks=2 sizes: 16(pivot T, loops 5) 15(pivot U, loops 6)
crib 18 ZWOFUNFXUUUF..(35)@0 used=30 excluded=[1 10 20 25 32 ] blocks=2 sizes: 15(pivot F, loops 4) 15(pivot U, loops 5)
crib 19 ZWOFUNFXUUUF..(34)@0 used=29 excluded=[1 10 20 25 32 ] blocks=2 sizes: 15(pivot F, loops 4) 14(pivot U, loops 4)
crib 20 ZWOFUNFXUUUF..(34)@0 used=29 excluded=[1 10 20 25 32 ] blocks=2 sizes: 15(pivot U, loops 4) 14(pivot O, loops 4)
crib 21 ZWOFUNFXUUUF..(37)@0 used=32 excluded=[1 10 20 25 32 ] blocks=2 sizes: 16(pivot V, loops 6) 16(pivot U, loops 5)
crib 22 ZWOFUNFXUUUF..(36)@0 used=31 excluded=[1 10 20 25 32 ] blocks=2 sizes: 16(pivot T, loops 5) 15(pivot U, loops 5)
crib 23 ZWOFUNFXUUUF..(36)@0 used=31 excluded=[1 10 20 25 32 ] blocks=2 sizes: 16(pivot T, loops 5) 15(pivot U, loops 5)
crib 24 ZWOFUNFXUUUF..(35)@0 used=30 excluded=[1 10 20 25 32 ] blocks=2 sizes: 15(pivot F, loops 6) 15(pivot O, loops 4)
crib 25 ZWOFUNFXUUUF..(34)@0 used=29 excluded=[1 10 20 25 32 ] blocks=2 sizes: 15(pivot F, loops 5) 14(pivot O, loops 4)
crib 26 ZWOFUNFXUUUF..(32)@0 used=28 excluded=[1 10 20 25 ] blocks=2 sizes: 14(pivot F, loops 6) 14(pivot V, loops 3)
crib 27 ZWOFUNFUUUFL..(37)@0 used=32 excluded=[1 10 20 25 32 ] blocks=2 sizes: 16(pivot U, loops 6) 16(pivot F, loops 6)
crib 28 ZWOFUNFUUUFL..(36)@0 used=31 excluded=[1 10 20 25 32 ] blocks=2 sizes: 16(pivot U, loops 6) 15(pivot T, loops 5)
crib 29 ZWOFUNFUUUFL..(36)@0 used=31 excluded=[1 10 20 25 32 ] blocks=2 sizes: 16(pivot T, loops 5) 15(pivot U, loops 5)
crib 30 ZWOFUNFUUUFL..(35)@0 used=30 excluded=[1 10 20 25 32 ] blocks=2 sizes: 15(pivot F, loops 6) 15(pivot U, loops 4)
crib 31 ZWOFUNFUUUFL..(34)@0 used=29 excluded=[1 10 20 25 32 ] blocks=2 sizes: 15(pivot V, loops 4) 14(pivot F, loops 5)
crib 32 ZWOFUNFUUUFL..(32)@0 used=28 excluded=[1 10 20 25 ] blocks=2 sizes: 14(pivot U, loops 4) 14(pivot T, loops 4)
crib 33 ZWOFUNFUUUFL..(32)@0 used=28 excluded=[1 10 20 25 ] blocks=2 sizes: 14(pivot U, loops 5) 14(pivot O, loops 4)
crib 34 ZWOFUNFUUUFL..(32)@0 used=28 excluded=[1 10 20 25 ] blocks=2 sizes: 14(pivot U, loops 4) 14(pivot T, loops 5)
crib 35 FXDXUUUAUSBX..(32)@0 used=28 excluded=[1 10 20 25 ] blocks=2 sizes: 14(pivot S, loops 4) 14(pivot U, loops 3)
crib 36 FXDXUUUAUSBX..(32)@0 used=28 excluded=[1 10 20 25 ] blocks=2 sizes: 14(pivot U, loops 4) 14(pivot R, loops 3)
crib 37 FXDXUUUAUSBX..(28)@0 used=24 excluded=[1 10 20 25 ] blocks=2 sizes: 12(pivot S, loops 3) 12(pivot U, loops 2)
crib 38 FXDXUUUXAUSB..(34)@0 used=29 excluded=[1 10 20 25 32 ] blocks=2 sizes: 15(pivot X, loops 4) 14(pivot O, loops 3)
crib 39 FXDXUUUXAUSB..(32)@0 used=28 excluded=[1 10 20 25 ] blocks=2 sizes: 14(pivot J, loops 3) 14(pivot R, loops 3)
crib 40 VIERXUUUFLOT..(34)@0 used=29 excluded=[1 10 20 25 32 ] blocks=2 sizes: 15(pivot V, loops 4) 14(pivot F, loops 4)
crib 41 VIERXUUUFLOT..(32)@0 used=28 excluded=[1 10 20 25 ] blocks=2 sizes: 14(pivot F, loops 4) 14(pivot T, loops 4)
crib 42 VIERUUUFLOTT..(34)@0 used=29 excluded=[1 10 20 25 32 ] blocks=2 sizes: 15(pivot V, loops 4) 14(pivot F, loops 4)
crib 43 VIERUUUFLOTT..(32)@0 used=28 excluded=[1 10 20 25 ] blocks=2 sizes: 14(pivot T, loops 4) 14(pivot F, loops 3)
crib 44 VIERUUUFLOTT..(32)@0 used=28 excluded=[1 10 20 25 ] blocks=2 sizes: 14(pivot O, loops 3) 14(pivot F, loops 5)
crib 45 VIERUUUFLOTT..(32)@0 used=28 excluded=[1 10 20 25 ] blocks=2 sizes: 14(pivot V, loops 4) 14(pivot T, loops 3)
crib 46 VIERUUUFLOTT..(28)@0 used=24 excluded=[1 10 20 25 ] blocks=2 sizes: 12(pivot J, loops 3) 12(pivot F, loops 2)
crib 47 FUENFXUUUFLO..(32)@0 used=28 excluded=[1 10 20 25 ] blocks=2 sizes: 14(pivot F, loops 3) 14(pivot V, loops 4)
crib 48 FUENFXUUUFLO..(38)@0 used=33 excluded=[1 10 20 25 32 ] blocks=2 sizes: 17(pivot F, loops 5) 16(pivot O, loops 5)
crib 49 FUENFXUUUFLO..(37)@0 used=32 excluded=[1 10 20 25 32 ] blocks=2 sizes: 16(pivot O, loops 5) 16(pivot U, loops 5)
crib 50 FUENFXUUUFLO..(37)@0 used=32 excluded=[1 10 20 25 32 ] blocks=2 sizes: 16(pivot F, loops 5) 16(pivot R, loops 5)
crib 51 FUENFXUUUFLO..(36)@0 used=31 excluded=[1 10 20 25 32 ] blocks=2 sizes: 16(pivot O, loops 5) 15(pivot F, loops 5)
crib 52 FUENFXUUUFLO..(34)@0 used=29 excluded=[1 10 20 25 32 ] blocks=2 sizes: 15(pivot F, loops 5) 14(pivot N, loops 3)
crib 53 FUENFXUUUFLO..(32)@0 used=28 excluded=[1 10 20 25 ] blocks=2 sizes: 14(pivot F, loops 4) 14(pivot O, loops 4)
crib 54 FUENFUUUFLOT..(37)@0 used=32 excluded=[1 10 20 25 32 ] blocks=2 sizes: 16(pivot U, loops 5) 16(pivot O, loops 5)
crib 55 FUENFUUUFLOT..(36)@0 used=31 excluded=[1 10 20 25 32 ] blocks=2 sizes: 16(pivot O, loops 5) 15(pivot F, loops 5)
crib 56 FUENFUUUFLOT..(36)@0 used=31 excluded=[1 10 20 25 32 ] blocks=2 sizes: 16(pivot T, loops 5) 15(pivot U, loops 5)
crib 57 FUENFUUUFLOT..(35)@0 used=30 excluded=[1 10 20 25 32 ] blocks=2 sizes: 15(pivot U, loops 5) 15(pivot N, loops 5)
crib 58 FUENFUUUFLOT..(32)@0 used=28 excluded=[1 10 20 25 ] blocks=2 sizes: 14(pivot F, loops 3) 14(pivot T, loops 4)
crib 59 FUENFUUUFLOT..(32)@0 used=28 excluded=[1 10 20 25 ] blocks=2 sizes: 14(pivot F, loops 3) 14(pivot O, loops 4)
crib 60 FUENFUUUFLOT..(34)@0 used=29 excluded=[1 10 20 25 32 ] blocks=2 sizes: 15(pivot R, loops 4) 14(pivot F, loops 4)
crib 61 FUENFUUUFLOT..(32)@0 used=28 excluded=[1 10 20 25 ] blocks=2 sizes: 14(pivot F, loops 3) 14(pivot T, loops 4)
crib 62 FUENFUUUFLOT..(29)@0 used=25 excluded=[1 10 20 25 ] blocks=2 sizes: 13(pivot F, loops 2) 12(pivot V, loops 4)
crib 63 FUNFXUUUFLOT..(37)@0 used=32 excluded=[1 10 20 25 32 ] blocks=2 sizes: 16(pivot F, loops 6) 16(pivot T, loops 5)
crib 64 FUNFXUUUFLOT..(36)@0 used=31 excluded=[1 10 20 25 32 ] blocks=2 sizes: 16(pivot F, loops 5) 15(pivot T, loops 5)
crib 65 FUNFXUUUFLOT..(36)@0 used=31 excluded=[1 10 20 25 32 ] blocks=2 sizes: 16(pivot T, loops 5) 15(pivot F, loops 5)
crib 66 FUNFXUUUFLOT..(35)@0 used=30 excluded=[1 10 20 25 32 ] blocks=2 sizes: 15(pivot F, loops 6) 15(pivot O, loops 4)
crib 67 FUNFXUUUFLOT..(32)@0 used=28 excluded=[1 10 20 25 ] blocks=2 sizes: 14(pivot F, loops 3) 14(pivot T, loops 4)
crib 68 FUNFXUUUFLOT..(32)@0 used=28 excluded=[1 10 20 25 ] blocks=2 sizes: 14(pivot V, loops 3) 14(pivot T, loops 4)
crib 69 FUNFXUUUFLOT..(34)@0 used=29 excluded=[1 10 20 25 32 ] blocks=2 sizes: 15(pivot U, loops 4) 14(pivot F, loops 4)
crib 70 FUNFUUUFLOTT..(37)@0 used=32 excluded=[1 10 20 25 32 ] blocks=2 sizes: 16(pivot F, loops 5) 16(pivot R, loops 5)
crib 71 FUNFUUUFLOTT..(36)@0 used=31 excluded=[1 10 20 25 32 ] blocks=2 sizes: 16(pivot R, loops 5) 15(pivot F, loops 4)
crib 72 FUNFUUUFLOTT..(36)@0 used=31 excluded=[1 10 20 25 32 ] blocks=2 sizes: 16(pivot U, loops 6) 15(pivot N, loops 4)
crib 73 FUNFUUUFLOTT..(35)@0 used=30 excluded=[1 10 20 25 32 ] blocks=2 sizes: 15(pivot U, loops 5) 15(pivot N, loops 4)
crib 74 FUNFUUUFLOTT..(32)@0 used=28 excluded=[1 10 20 25 ] blocks=2 sizes: 14(pivot V, loops 4) 14(pivot U, loops 4)
crib 75 FUNFUUUFLOTT..(32)@0 used=28 excluded=[1 10 20 25 ] blocks=2 sizes: 14(pivot O, loops 4) 14(pivot F, loops 3)
crib 76 FUNFUUUFLOTT..(34)@0 used=29 excluded=[1 10 20 25 32 ] blocks=2 sizes: 15(pivot U, loops 4) 14(pivot F, loops 4)
crib 77 FUNFUUUFLOTT..(32)@0 used=28 excluded=[1 10 20 25 ] blocks=2 sizes: 14(pivot F, loops 3) 14(pivot O, loops 4)
crib 78 FUNFUUUFLOTT..(29)@0 used=25 excluded=[1 10 20 25 ] blocks=2 sizes: 13(pivot F, loops 3) 12(pivot V, loops 3)
crib 79 FUNFUUUFLOTT..(32)@0 used=28 excluded=[1 10 20 25 ] blocks=2 sizes: 14(pivot F, loops 4) 14(pivot T, loops 3)
crib 80 FUNFUUUFLOTT..(32)@0 used=28 excluded=[1 10 20 25 ] blocks=2 sizes: 14(pivot F, loops 4) 14(pivot T, loops 2)
crib 81 FUNFUUUFLOTT..(32)@0 used=28 excluded=[1 10 20 25 ] blocks=2 sizes: 14(pivot F, loops 4) 14(pivot R, loops 3)
crib 82 FUNFUUUFLOTT..(32)@0 used=28 excluded=[1 10 20 25 ] blocks=2 sizes: 14(pivot F, loops 4) 14(pivot T, loops 3)
crib 83 FUNFUUUFLOTT..(29)@0 used=25 excluded=[1 10 20 25 ] blocks=2 sizes: 13(pivot F, loops 3) 12(pivot V, loops 3)
crib 84 FUNFUUUFLOTT..(28)@0 used=24 excluded=[1 10 20 25 ] blocks=2 sizes: 12(pivot F, loops 3) 12(pivot V, loops 2)
[200/28392 items] 244s settings=91395200 (0.38M/s) stops=108267
[400/28392 items] 488s settings=182790400 (0.37M/s) stops=218219
[600/28392 items] 731s settings=274185600 (0.38M/s) stops=328681
[800/28392 items] 975s settings=365580800 (0.38M/s) stops=439988
[1000/28392 items] 1219s settings=456976000 (0.37M/s) stops=550480
[1200/28392 items] 1463s settings=548371200 (0.37M/s) stops=660409
[1400/28392 items] 1708s settings=639766400 (0.37M/s) stops=771160
[1600/28392 items] 1952s settings=731161600 (0.37M/s) stops=880551
[1800/28392 items] 2196s settings=822556800 (0.37M/s) stops=991628
[2000/28392 items] 2439s settings=913952000 (0.37M/s) stops=1102260
[2200/28392 items] 2683s settings=1005347200 (0.37M/s) stops=1211450
[2400/28392 items] 2927s settings=1096742400 (0.37M/s) stops=1322217
[2600/28392 items] 3169s settings=1188137600 (0.37M/s) stops=1432618
[2800/28392 items] 3411s settings=1279532800 (0.38M/s) stops=1542985
[3000/28392 items] 3654s settings=1370928000 (0.38M/s) stops=1653505
[3200/28392 items] 3897s settings=1462323200 (0.38M/s) stops=1764540
[3400/28392 items] 4139s settings=1553718400 (0.38M/s) stops=1874342
[3600/28392 items] 4382s settings=1645113600 (0.38M/s) stops=1985396
[3800/28392 items] 4623s settings=1736508800 (0.38M/s) stops=2095061
[4000/28392 items] 4866s settings=1827904000 (0.38M/s) stops=2206267
[4200/28392 items] 5110s settings=1919299200 (0.38M/s) stops=2317877
[4400/28392 items] 5353s settings=2010694400 (0.38M/s) stops=2427907
[4600/28392 items] 5596s settings=2102089600 (0.38M/s) stops=2537662
[4800/28392 items] 5839s settings=2193484800 (0.38M/s) stops=2647502
[5000/28392 items] 6080s settings=2284880000 (0.38M/s) stops=2758440
[5200/28392 items] 6321s settings=2376275200 (0.38M/s) stops=2868382
[5400/28392 items] 6565s settings=2467670400 (0.38M/s) stops=2979242
[5600/28392 items] 6807s settings=2559065600 (0.38M/s) stops=3088673
[5800/28392 items] 7049s settings=2650460800 (0.38M/s) stops=3197600
[6000/28392 items] 7292s settings=2741856000 (0.38M/s) stops=3307264
[6200/28392 items] 7535s settings=2833251200 (0.38M/s) stops=3418158
[6400/28392 items] 7778s settings=2924646400 (0.38M/s) stops=3528303
[6600/28392 items] 8019s settings=3016041600 (0.38M/s) stops=3638638
[6800/28392 items] 8263s settings=3107436800 (0.38M/s) stops=3750711
[7000/28392 items] 8504s settings=3198832000 (0.38M/s) stops=3861368
[7200/28392 items] 8760s settings=3290227200 (0.38M/s) stops=3971848
[7400/28392 items] 9014s settings=3381622400 (0.38M/s) stops=4080981
[7600/28392 items] 9262s settings=3473017600 (0.37M/s) stops=4191220
[7800/28392 items] 9510s settings=3564412800 (0.37M/s) stops=4300532
[8000/28392 items] 9762s settings=3655808000 (0.37M/s) stops=4410649
[8200/28392 items] 10010s settings=3747203200 (0.37M/s) stops=4520256
[8400/28392 items] 10258s settings=3838598400 (0.37M/s) stops=4630063
[8600/28392 items] 10508s settings=3929993600 (0.37M/s) stops=4740508
[8800/28392 items] 10758s settings=4021388800 (0.37M/s) stops=4851171
[9000/28392 items] 11008s settings=4112784000 (0.37M/s) stops=4961567
[9200/28392 items] 11256s settings=4204179200 (0.37M/s) stops=5070878
[9400/28392 items] 11507s settings=4295574400 (0.37M/s) stops=5181013
[9600/28392 items] 11755s settings=4386969600 (0.37M/s) stops=5290387
[9800/28392 items] 12003s settings=4478364800 (0.37M/s) stops=5401720
[10000/28392 items] 12249s settings=4569760000 (0.37M/s) stops=5511818
[10200/28392 items] 12495s settings=4661155200 (0.37M/s) stops=5622199
[10400/28392 items] 12743s settings=4752550400 (0.37M/s) stops=5730664
[10600/28392 items] 12993s settings=4843945600 (0.37M/s) stops=5840144
[10800/28392 items] 13248s settings=4935340800 (0.37M/s) stops=5949455
[11000/28392 items] 13499s settings=5026736000 (0.37M/s) stops=6060069
[11200/28392 items] 13749s settings=5118131200 (0.37M/s) stops=6170975
[11400/28392 items] 14000s settings=5209526400 (0.37M/s) stops=6281686
[11600/28392 items] 14249s settings=5300921600 (0.37M/s) stops=6392062
[11800/28392 items] 14500s settings=5392316800 (0.37M/s) stops=6501179
[12000/28392 items] 14749s settings=5483712000 (0.37M/s) stops=6612759
[12200/28392 items] 15007s settings=5575107200 (0.37M/s) stops=6723536
[12400/28392 items] 15267s settings=5666502400 (0.37M/s) stops=6834494
[12600/28392 items] 15527s settings=5757897600 (0.37M/s) stops=6944136
[12800/28392 items] 15784s settings=5849292800 (0.37M/s) stops=7054031
[13000/28392 items] 16044s settings=5940688000 (0.37M/s) stops=7163075
[13200/28392 items] 16304s settings=6032083200 (0.37M/s) stops=7274818
[13400/28392 items] 16562s settings=6123478400 (0.37M/s) stops=7385081
[13600/28392 items] 16822s settings=6214873600 (0.37M/s) stops=7495005
[13800/28392 items] 17080s settings=6306268800 (0.37M/s) stops=7603712
[14000/28392 items] 17335s settings=6397664000 (0.37M/s) stops=7714922
[14200/28392 items] 17587s settings=6489059200 (0.37M/s) stops=7825162
[14400/28392 items] 17840s settings=6580454400 (0.37M/s) stops=7933749
[14600/28392 items] 18095s settings=6671849600 (0.37M/s) stops=8042796
[14800/28392 items] 18355s settings=6763244800 (0.37M/s) stops=8153225
[15000/28392 items] 18618s settings=6854640000 (0.37M/s) stops=8263894
[15200/28392 items] 18881s settings=6946035200 (0.37M/s) stops=8374217
[15400/28392 items] 19148s settings=7037430400 (0.37M/s) stops=8483718
[15600/28392 items] 19414s settings=7128825600 (0.37M/s) stops=8593792
[15800/28392 items] 19679s settings=7220220800 (0.37M/s) stops=8704139
[16000/28392 items] 19949s settings=7311616000 (0.37M/s) stops=8813322
[16200/28392 items] 20216s settings=7403011200 (0.37M/s) stops=8922219
[16400/28392 items] 20482s settings=7494406400 (0.37M/s) stops=9032255
[16600/28392 items] 20750s settings=7585801600 (0.37M/s) stops=9143521
[16800/28392 items] 21015s settings=7677196800 (0.37M/s) stops=9252065
[17000/28392 items] 21285s settings=7768592000 (0.36M/s) stops=9362289
[17200/28392 items] 21556s settings=7859987200 (0.36M/s) stops=9472790
[17400/28392 items] 21826s settings=7951382400 (0.36M/s) stops=9584411
[17600/28392 items] 22097s settings=8042777600 (0.36M/s) stops=9693647
[17800/28392 items] 22368s settings=8134172800 (0.36M/s) stops=9804051
[18000/28392 items] 22639s settings=8225568000 (0.36M/s) stops=9915110
[18200/28392 items] 22910s settings=8316963200 (0.36M/s) stops=10025244
[18400/28392 items] 23181s settings=8408358400 (0.36M/s) stops=10136007
[18600/28392 items] 23450s settings=8499753600 (0.36M/s) stops=10246529
[18800/28392 items] 23716s settings=8591148800 (0.36M/s) stops=10357543
[19000/28392 items] 23975s settings=8682544000 (0.36M/s) stops=10467918
[19200/28392 items] 24239s settings=8773939200 (0.36M/s) stops=10577708
[19400/28392 items] 24504s settings=8865334400 (0.36M/s) stops=10688503
[19600/28392 items] 24765s settings=8956729600 (0.36M/s) stops=10798778
[19800/28392 items] 25026s settings=9048124800 (0.36M/s) stops=10909452
[20000/28392 items] 25288s settings=9139520000 (0.36M/s) stops=11019298
[20200/28392 items] 25552s settings=9230915200 (0.36M/s) stops=11128751
[20400/28392 items] 25816s settings=9322310400 (0.36M/s) stops=11240380
[20600/28392 items] 26083s settings=9413705600 (0.36M/s) stops=11349672
[20800/28392 items] 26349s settings=9505100800 (0.36M/s) stops=11458559
[21000/28392 items] 26615s settings=9596496000 (0.36M/s) stops=11569166
[21200/28392 items] 26882s settings=9687891200 (0.36M/s) stops=11680487
[21400/28392 items] 27151s settings=9779286400 (0.36M/s) stops=11792823
[21600/28392 items] 27423s settings=9870681600 (0.36M/s) stops=11902968
[21800/28392 items] 27694s settings=9962076800 (0.36M/s) stops=12012620
[22000/28392 items] 27961s settings=10053472000 (0.36M/s) stops=12123001
[22200/28392 items] 28233s settings=10144867200 (0.36M/s) stops=12232895
[22400/28392 items] 28505s settings=10236262400 (0.36M/s) stops=12343273
[22600/28392 items] 28780s settings=10327657600 (0.36M/s) stops=12453476
[22800/28392 items] 29054s settings=10419052800 (0.36M/s) stops=12564946
[23000/28392 items] 29328s settings=10510448000 (0.36M/s) stops=12675544
[23200/28392 items] 29606s settings=10601843200 (0.36M/s) stops=12785476
[23400/28392 items] 29882s settings=10693238400 (0.36M/s) stops=12895083
[23600/28392 items] 30160s settings=10784633600 (0.36M/s) stops=13004616
[23800/28392 items] 30441s settings=10876028800 (0.36M/s) stops=13113376
[24000/28392 items] 30740s settings=10967424000 (0.36M/s) stops=13225016
[24200/28392 items] 31040s settings=11058819200 (0.36M/s) stops=13334625
[24400/28392 items] 31351s settings=11150214400 (0.36M/s) stops=13447092
[24600/28392 items] 31664s settings=11241609600 (0.36M/s) stops=13556946
[24800/28392 items] 31978s settings=11333004800 (0.35M/s) stops=13666636
[25000/28392 items] 32295s settings=11424400000 (0.35M/s) stops=13777602
[25200/28392 items] 32606s settings=11515795200 (0.35M/s) stops=13886623
[25400/28392 items] 32929s settings=11607190400 (0.35M/s) stops=13997069
[25600/28392 items] 33235s settings=11698585600 (0.35M/s) stops=14106112
[25800/28392 items] 33528s settings=11789980800 (0.35M/s) stops=14215583
[26000/28392 items] 33813s settings=11881376000 (0.35M/s) stops=14324942
[26200/28392 items] 34097s settings=11972771200 (0.35M/s) stops=14435184
[26400/28392 items] 34380s settings=12064166400 (0.35M/s) stops=14544883
[26600/28392 items] 34661s settings=12155561600 (0.35M/s) stops=14655986
[26800/28392 items] 34941s settings=12246956800 (0.35M/s) stops=14766045
[27000/28392 items] 35221s settings=12338352000 (0.35M/s) stops=14875567
[27200/28392 items] 35502s settings=12429747200 (0.35M/s) stops=14985994
[27400/28392 items] 35787s settings=12521142400 (0.35M/s) stops=15095748
[27600/28392 items] 36065s settings=12612537600 (0.35M/s) stops=15205575
[27800/28392 items] 36340s settings=12703932800 (0.35M/s) stops=15315677
[28000/28392 items] 36614s settings=12795328000 (0.35M/s) stops=15426431
[28200/28392 items] 36896s settings=12886723200 (0.35M/s) stops=15537501
DONE settings=12974462592 time=37171.4s rate=0.349M settings/s (0.175M/s/thread, 2 threads) T-evals/setting=1.0 stops=15643107
crib 0 ZWOFUENFXUUU..(37)@0: block-stops=2; verified g histogram: g13:2
crib 1 ZWOFUENFXUUU..(36)@0: block-stops=7; verified g histogram: g6:1 g8:1 g11:1 g12:3 g13:1
crib 2 ZWOFUENFXUUU..(35)@0: block-stops=1670; verified g histogram: g3:4 g4:7 g5:25 g6:71 g7:99 g8:133 g9:189 g10:230 g11:248 g12:245 g13:243 g14:101 g15:59 g16:14 g17:2
crib 3 ZWOFUENFXUUU..(34)@0: block-stops=1474; verified g histogram: g2:4 g3:24 g4:18 g5:60 g6:71 g7:111 g8:159 g9:187 g10:248 g11:232 g12:180 g13:113 g14:61 g15:6
crib 4 ZWOFUENFXUUU..(34)@0: block-stops=50; verified g histogram: g4:1 g7:9 g8:1 g9:6 g10:16 g11:5 g12:6 g13:6
crib 5 ZWOFUENFUUUF..(37)@0: block-stops=1; verified g histogram: g9:1
crib 6 ZWOFUENFUUUF..(36)@0: block-stops=74; verified g histogram: g6:4 g7:3 g8:4 g9:2 g10:9 g11:11 g12:17 g13:8 g14:8 g15:8
crib 7 ZWOFUENFUUUF..(35)@0: block-stops=6202; verified g histogram: g2:9 g3:31 g4:40 g5:92 g6:229 g7:344 g8:577 g9:740 g10:904 g11:908 g12:823 g13:666 g14:507 g15:280 g16:49 g17:3
crib 8 ZWOFUENFUUUF..(34)@0: block-stops=99; verified g histogram: g4:3 g5:4 g6:5 g7:9 g8:21 g9:10 g10:10 g11:19 g12:13 g13:5
crib 9 ZWOFUENFUUUF..(34)@0: block-stops=489; verified g histogram: g4:2 g5:13 g6:36 g7:20 g8:44 g9:70 g10:91 g11:84 g12:72 g13:47 g14:10
crib 10 ZWOFUENFUUUF..(37)@0: block-stops=10; verified g histogram: g7:1 g11:6 g13:1 g14:2
crib 11 ZWOFUENFUUUF..(36)@0: block-stops=13; verified g histogram: g8:1 g9:4 g10:2 g12:4 g13:2
crib 12 ZWOFUENFUUUF..(36)@0: block-stops=10; verified g histogram: g8:2 g11:3 g13:2 g14:3
crib 13 ZWOFUENFUUUF..(35)@0: block-stops=246; verified g histogram: g2:3 g3:1 g4:2 g5:5 g6:23 g7:16 g8:21 g9:25 g10:36 g11:31 g12:20 g13:40 g14:18 g15:5
crib 14 ZWOFUENFUUUF..(34)@0: block-stops=747; verified g histogram: g2:6 g3:6 g4:13 g5:15 g6:35 g7:40 g8:66 g9:97 g10:116 g11:107 g12:109 g13:91 g14:41 g15:5
crib 15 ZWOFUENFUUUF..(32)@0: block-stops=6738; verified g histogram: g2:32 g3:116 g4:204 g5:340 g6:560 g7:672 g8:800 g9:824 g10:1053 g11:1027 g12:761 g13:310 g14:39
crib 16 ZWOFUNFXUUUF..(37)@0: block-stops=5; verified g histogram: g11:3 g14:2
crib 17 ZWOFUNFXUUUF..(36)@0: block-stops=67; verified g histogram: g5:2 g8:2 g9:10 g10:10 g11:14 g12:11 g13:10 g14:8
crib 18 ZWOFUNFXUUUF..(35)@0: block-stops=46; verified g histogram: g4:1 g5:1 g7:4 g8:3 g9:1 g10:8 g11:1 g12:13 g13:4 g14:9 g15:1
crib 19 ZWOFUNFXUUUF..(34)@0: block-stops=1449; verified g histogram: g2:1 g3:4 g4:16 g5:23 g6:76 g7:119 g8:147 g9:229 g10:239 g11:203 g12:195 g13:127 g14:65 g15:5
crib 20 ZWOFUNFXUUUF..(34)@0: block-stops=7829; verified g histogram: g2:16 g3:46 g4:93 g5:202 g6:292 g7:534 g8:736 g9:1016 g10:1028 g11:1167 g12:1302 g13:892 g14:427 g15:77 g16:1
crib 21 ZWOFUNFXUUUF..(37)@0: block-stops=0; verified g histogram:
crib 22 ZWOFUNFXUUUF..(36)@0: block-stops=1046; verified g histogram: g3:1 g4:8 g5:5 g6:35 g7:62 g8:80 g9:111 g10:151 g11:159 g12:138 g13:143 g14:93 g15:51 g16:9
crib 23 ZWOFUNFXUUUF..(36)@0: block-stops=18; verified g histogram: g4:1 g7:2 g9:2 g10:1 g12:3 g13:9
crib 24 ZWOFUNFXUUUF..(35)@0: block-stops=37; verified g histogram: g2:4 g5:5 g7:4 g8:6 g9:2 g10:4 g11:1 g12:8 g13:1 g14:2
crib 25 ZWOFUNFXUUUF..(34)@0: block-stops=231; verified g histogram: g4:5 g5:7 g6:14 g7:25 g8:24 g9:40 g10:35 g11:59 g12:14 g13:8
crib 26 ZWOFUNFXUUUF..(32)@0: block-stops=161887; verified g histogram: g1:1 g2:689 g3:1168 g4:2179 g5:3912 g6:6831 g7:10506 g8:14610 g9:18880 g10:23289 g11:26060 g12:25199 g13:18637 g14:8461 g15:1426 g16:39
crib 27 ZWOFUNFUUUFL..(37)@0: block-stops=0; verified g histogram:
crib 28 ZWOFUNFUUUFL..(36)@0: block-stops=11; verified g histogram: g8:2 g9:1 g10:2 g11:2 g13:1 g14:3
crib 29 ZWOFUNFUUUFL..(36)@0: block-stops=48; verified g histogram: g2:2 g3:1 g9:7 g10:6 g11:10 g12:8 g13:6 g14:8
crib 30 ZWOFUNFUUUFL..(35)@0: block-stops=27; verified g histogram: g6:11 g8:7 g10:1 g11:1 g12:2 g13:3 g14:2
crib 31 ZWOFUNFUUUFL..(34)@0: block-stops=79; verified g histogram: g2:4 g4:3 g5:4 g6:6 g7:10 g8:17 g9:7 g10:11 g11:6 g12:9 g13:2
crib 32 ZWOFUNFUUUFL..(32)@0: block-stops=7861; verified g histogram: g2:53 g3:122 g4:178 g5:362 g6:568 g7:832 g8:1003 g9:1138 g10:1210 g11:1207 g12:762 g13:344 g14:81 g15:1
crib 33 ZWOFUNFUUUFL..(32)@0: block-stops=1733; verified g histogram: g2:3 g3:9 g4:35 g5:79 g6:119 g7:188 g8:325 g9:285 g10:254 g11:249 g12:112 g13:55 g14:20
crib 34 ZWOFUNFUUUFL..(32)@0: block-stops=6399; verified g histogram: g2:48 g3:82 g4:118 g5:258 g6:520 g7:658 g8:734 g9:825 g10:1045 g11:927 g12:737 g13:370 g14:71 g15:6
crib 35 FXDXUUUAUSBX..(32)@0: block-stops=35521; verified g histogram: g2:66 g3:277 g4:639 g5:1276 g6:2148 g7:3300 g8:4848 g9:5673 g10:5516 g11:4791 g12:3739 g13:2338 g14:850 g15:60
crib 36 FXDXUUUAUSBX..(32)@0: block-stops=5811; verified g histogram: g2:26 g3:57 g4:111 g5:249 g6:359 g7:534 g8:690 g9:875 g10:1002 g11:912 g12:644 g13:317 g14:33 g15:2
crib 37 FXDXUUUAUSBX..(28)@0: block-stops=3920626; verified g histogram: g1:5 g2:13503 g3:50283 g4:123100 g5:228900 g6:376456 g7:602929 g8:836714 g9:854583 g10:574289 g11:223794 g12:35004 g13:1066
crib 38 FXDXUUUXAUSB..(34)@0: block-stops=34429; verified g histogram: g2:85 g3:228 g4:603 g5:1202 g6:1926 g7:2772 g8:3301 g9:4076 g10:4687 g11:4964 g12:4509 g13:3707 g14:1907 g15:438 g16:24
crib 39 FXDXUUUXAUSB..(32)@0: block-stops=714457; verified g histogram: g2:953 g3:3639 g4:10744 g5:24279 g6:44498 g7:68739 g8:94034 g9:112340 g10:115710 g11:103131 g12:78177 g13:44653 g14:12680 g15:880
crib 40 VIERXUUUFLOT..(34)@0: block-stops=63225; verified g histogram: g2:157 g3:372 g4:927 g5:1820 g6:3076 g7:4780 g8:6567 g9:8080 g10:9525 g11:9869 g12:8486 g13:5701 g14:3098 g15:732 g16:35
crib 41 VIERXUUUFLOT..(32)@0: block-stops=6116; verified g histogram: g2:20 g3:53 g4:132 g5:227 g6:438 g7:640 g8:871 g9:871 g10:987 g11:871 g12:625 g13:311 g14:59 g15:11
crib 42 VIERUUUFLOTT..(34)@0: block-stops=1599; verified g histogram: g3:5 g4:9 g5:20 g6:63 g7:81 g8:163 g9:212 g10:297 g11:304 g12:247 g13:140 g14:53 g15:5
crib 43 VIERUUUFLOTT..(32)@0: block-stops=937; verified g histogram: g3:2 g4:9 g5:34 g6:73 g7:138 g8:105 g9:174 g10:124 g11:130 g12:92 g13:55 g14:1
crib 44 VIERUUUFLOTT..(32)@0: block-stops=5870; verified g histogram: g2:15 g3:41 g4:83 g5:169 g6:344 g7:566 g8:749 g9:891 g10:887 g11:815 g12:752 g13:407 g14:149 g15:2
crib 45 VIERUUUFLOTT..(32)@0: block-stops=5871; verified g histogram: g2:19 g3:36 g4:63 g5:163 g6:332 g7:561 g8:798 g9:892 g10:886 g11:875 g12:684 g13:432 g14:128 g15:2
crib 46 VIERUUUFLOTT..(28)@0: block-stops=1423937; verified g histogram: g1:8 g2:8027 g3:23625 g4:57930 g5:117452 g6:188148 g7:253724 g8:278147 g9:246150 g10:165996 g11:71421 g12:12836 g13:473
crib 47 FUENFXUUUFLO..(32)@0: block-stops=156165; verified g histogram: g1:4 g2:551 g3:1238 g4:2678 g5:5017 g6:8297 g7:12521 g8:17452 g9:22106 g10:24601 g11:24795 g12:20002 g13:11845 g14:4488 g15:560 g16:10
crib 48 FUENFXUUUFLO..(38)@0: block-stops=0; verified g histogram:
crib 49 FUENFXUUUFLO..(37)@0: block-stops=39; verified g histogram: g5:4 g6:2 g8:2 g9:5 g10:5 g11:12 g12:1 g13:2 g14:2 g15:3 g16:1
crib 50 FUENFXUUUFLO..(37)@0: block-stops=8; verified g histogram: g9:1 g10:2 g11:3 g12:2
crib 51 FUENFXUUUFLO..(36)@0: block-stops=97; verified g histogram: g4:2 g5:1 g6:4 g7:14 g8:2 g9:12 g10:32 g11:10 g12:8 g13:6 g14:3 g15:3
crib 52 FUENFXUUUFLO..(34)@0: block-stops=1643066; verified g histogram: g1:1 g2:1770 g3:5095 g4:12993 g5:29557 g6:56644 g7:94688 g8:138999 g9:185774 g10:227805 g11:241030 g12:226812 g13:205956 g14:147050 g15:60980 g16:7794 g17:118
crib 53 FUENFXUUUFLO..(32)@0: block-stops=486; verified g histogram: g3:3 g4:35 g5:23 g6:62 g7:63 g8:61 g9:93 g10:67 g11:48 g12:29 g13:2
crib 54 FUENFUUUFLOT..(37)@0: block-stops=1; verified g histogram: g9:1
crib 55 FUENFUUUFLOT..(36)@0: block-stops=12; verified g histogram: g9:2 g10:2 g11:2 g12:3 g13:2 g14:1
crib 56 FUENFUUUFLOT..(36)@0: block-stops=4; verified g histogram: g5:1 g7:1 g9:2
crib 57 FUENFUUUFLOT..(35)@0: block-stops=28; verified g histogram: g7:8 g8:2 g9:6 g10:7 g11:3 g12:1 g14:1
crib 58 FUENFUUUFLOT..(32)@0: block-stops=36393; verified g histogram: g2:47 g3:198 g4:397 g5:773 g6:1661 g7:2545 g8:3655 g9:4992 g10:5544 g11:6018 g12:5496 g13:3568 g14:1351 g15:132 g16:16
crib 59 FUENFUUUFLOT..(32)@0: block-stops=5778; verified g histogram: g2:19 g3:29 g4:91 g5:219 g6:364 g7:493 g8:744 g9:925 g10:923 g11:860 g12:661 g13:356 g14:85 g15:9
crib 60 FUENFUUUFLOT..(34)@0: block-stops=1371; verified g histogram: g2:1 g3:8 g4:29 g5:33 g6:103 g7:138 g8:205 g9:184 g10:198 g11:181 g12:133 g13:96 g14:61 g15:1
crib 61 FUENFUUUFLOT..(32)@0: block-stops=7205; verified g histogram: g2:19 g3:59 g4:142 g5:252 g6:396 g7:705 g8:880 g9:1283 g10:1228 g11:1096 g12:749 g13:326 g14:69 g15:1
crib 62 FUENFUUUFLOT..(29)@0: block-stops=873523; verified g histogram: g0:6 g1:77 g2:14264 g3:28327 g4:47966 g5:76808 g6:106278 g7:121140 g8:124378 g9:122323 g10:114565 g11:79166 g12:33424 g13:4715 g14:86
crib 63 FUNFXUUUFLOT..(37)@0: block-stops=0; verified g histogram:
crib 64 FUNFXUUUFLOT..(36)@0: block-stops=27; verified g histogram: g5:1 g6:3 g8:4 g9:8 g10:1 g12:6 g13:4
crib 65 FUNFXUUUFLOT..(36)@0: block-stops=13; verified g histogram: g7:1 g8:1 g9:2 g11:2 g12:3 g14:4
crib 66 FUNFXUUUFLOT..(35)@0: block-stops=40; verified g histogram: g4:1 g6:1 g7:3 g8:2 g9:3 g10:5 g11:3 g12:3 g13:16 g14:3
crib 67 FUNFXUUUFLOT..(32)@0: block-stops=27408; verified g histogram: g2:53 g3:198 g4:416 g5:899 g6:1583 g7:2428 g8:3487 g9:4309 g10:4775 g11:4212 g12:3100 g13:1565 g14:350 g15:33
crib 68 FUNFXUUUFLOT..(32)@0: block-stops=2149; verified g histogram: g2:2 g3:14 g4:22 g5:69 g6:155 g7:201 g8:316 g9:329 g10:312 g11:341 g12:280 g13:87 g14:21
crib 69 FUNFXUUUFLOT..(34)@0: block-stops=6328; verified g histogram: g2:2 g3:14 g4:35 g5:119 g6:280 g7:477 g8:757 g9:1027 g10:1083 g11:958 g12:849 g13:526 g14:179 g15:22
crib 70 FUNFUUUFLOTT..(37)@0: block-stops=0; verified g histogram:
crib 71 FUNFUUUFLOTT..(36)@0: block-stops=26; verified g histogram: g7:1 g8:3 g9:6 g10:3 g11:5 g12:5 g13:1 g14:2
crib 72 FUNFUUUFLOTT..(36)@0: block-stops=23; verified g histogram: g8:1 g11:3 g12:7 g13:4 g14:2 g15:6
crib 73 FUNFUUUFLOTT..(35)@0: block-stops=36; verified g histogram: g5:4 g6:1 g7:7 g8:4 g9:2 g10:3 g11:9 g12:2 g13:4
crib 74 FUNFUUUFLOTT..(32)@0: block-stops=1616; verified g histogram: g2:4 g3:9 g4:50 g5:79 g6:103 g7:197 g8:233 g9:252 g10:246 g11:243 g12:150 g13:45 g14:5
crib 75 FUNFUUUFLOTT..(32)@0: block-stops=5487; verified g histogram: g2:20 g3:64 g4:98 g5:175 g6:225 g7:439 g8:598 g9:582 g10:700 g11:949 g12:1035 g13:495 g14:93 g15:14
crib 76 FUNFUUUFLOTT..(34)@0: block-stops=406; verified g histogram: g2:1 g3:4 g4:4 g5:15 g6:34 g7:47 g8:47 g9:55 g10:65 g11:68 g12:39 g13:22 g14:5
crib 77 FUNFUUUFLOTT..(32)@0: block-stops=545476; verified g histogram: g2:1019 g3:2816 g4:7489 g5:15965 g6:30224 g7:48715 g8:69897 g9:83635 g10:84900 g11:79212 g12:63742 g13:39569 g14:16260 g15:2015 g16:18
crib 78 FUNFUUUFLOTT..(29)@0: block-stops=709515; verified g histogram: g0:4 g1:26 g2:10017 g3:20631 g4:37668 g5:63435 g6:89822 g7:108219 g8:118162 g9:115464 g10:92830 g11:44422 g12:8503 g13:312
crib 79 FUNFUUUFLOTT..(32)@0: block-stops=6034; verified g histogram: g2:5 g3:26 g4:76 g5:162 g6:374 g7:549 g8:783 g9:881 g10:1007 g11:994 g12:767 g13:362 g14:48
crib 80 FUNFUUUFLOTT..(32)@0: block-stops=17532; verified g histogram: g2:66 g3:169 g4:339 g5:552 g6:1070 g7:1603 g8:2163 g9:2467 g10:2732 g11:2624 g12:2177 g13:1317 g14:250 g15:3
crib 81 FUNFUUUFLOTT..(32)@0: block-stops=27374; verified g histogram: g2:91 g3:235 g4:585 g5:1115 g6:1814 g7:2820 g8:3881 g9:4625 g10:4361 g11:3903 g12:2772 g13:1024 g14:146 g15:2
crib 82 FUNFUUUFLOTT..(32)@0: block-stops=925; verified g histogram: g2:2 g3:6 g4:34 g5:35 g6:65 g7:117 g8:137 g9:157 g10:129 g11:131 g12:100 g13:9 g14:3
crib 83 FUNFUUUFLOTT..(29)@0: block-stops=701829; verified g histogram: g1:26 g2:10720 g3:21287 g4:41882 g5:67072 g6:91139 g7:109175 g8:118683 g9:110847 g10:82172 g11:40325 g12:8152 g13:349
crib 84 FUNFUUUFLOTT..(28)@0: block-stops=4441683; verified g histogram: g0:8 g1:103 g2:51923 g3:115487 g4:215120 g5:373347 g6:578470 g7:756120 g8:807731 g9:721370 g10:536794 g11:243545 g12:40531 g13:1134
