crib 0 UZWODREIFUEN..(18)@0 used=16 excluded=[1 10 ] blocks=1 sizes: 16(pivot J, loops 1)
crib 1 UZWODREIFUEN..(18)@1 used=16 excluded=[1 10 ] blocks=1 sizes: 16(pivot E, loops 0)
crib 2 UZWODREIFUEN..(18)@3 used=16 excluded=[10 20 ] blocks=1 sizes: 16(pivot E, loops 0)
crib 3 UZWODREIFUEN..(18)@4 used=16 excluded=[10 20 ] blocks=1 sizes: 16(pivot S, loops 0)
crib 4 UZWODREIFUEN..(18)@5 used=16 excluded=[10 20 ] blocks=1 sizes: 16(pivot E, loops 1)
crib 5 UZWODREIFUEN..(18)@7 used=16 excluded=[10 20 ] blocks=1 sizes: 16(pivot E, loops 1)
crib 6 UZWODREIFUEN..(18)@8 used=15 excluded=[10 20 25 ] blocks=1 sizes: 15(pivot E, loops 1)
crib 7 UZWODREIFUEN..(18)@10 used=15 excluded=[10 20 25 ] blocks=1 sizes: 15(pivot F, loops 1)
crib 8 UZWODREIFUEN..(18)@11 used=16 excluded=[20 25 ] blocks=1 sizes: 16(pivot F, loops 1)
crib 9 UZWODREIFUEN..(18)@12 used=16 excluded=[20 25 ] blocks=1 sizes: 16(pivot E, loops 2)
crib 10 UZWODREIFUEN..(18)@18 used=15 excluded=[20 25 32 ] blocks=1 sizes: 15(pivot R, loops 3)
crib 11 UZWODREIFUEN..(18)@24 used=16 excluded=[25 32 ] blocks=1 sizes: 16(pivot P, loops 1)
crib 12 UZWODREIFUEN..(18)@26 used=17 excluded=[32 ] blocks=1 sizes: 17(pivot R, loops 2)
crib 13 UZWODREIFUEN..(18)@28 used=17 excluded=[32 ] blocks=1 sizes: 17(pivot F, loops 1)
crib 14 UZWODREIFUEN..(18)@29 used=17 excluded=[32 ] blocks=1 sizes: 17(pivot P, loops 2)
crib 15 UZWODREIFUEN..(18)@30 used=17 excluded=[32 ] blocks=1 sizes: 17(pivot P, loops 2)
crib 16 UZWODREIFUEN..(18)@31 used=17 excluded=[32 ] blocks=1 sizes: 17(pivot P, loops 0)
crib 17 UZWODREIFUEN..(18)@32 used=17 excluded=[32 ] blocks=1 sizes: 17(pivot B, loops 0)
crib 18 UZWODREIFUEN..(18)@33 used=18 excluded=[] blocks=1 sizes: 18(pivot B, loops 2)
crib 19 UZWODREIFUEN..(18)@35 used=18 excluded=[] blocks=1 sizes: 18(pivot B, loops 0)
crib 20 UZWODREIFUEN..(18)@39 used=18 excluded=[] blocks=1 sizes: 18(pivot S, loops 1)
crib 21 UZWODREIFUEN..(18)@41 used=17 excluded=[58 ] blocks=1 sizes: 17(pivot B, loops 2)
crib 22 UZWODREIFUEN..(18)@42 used=17 excluded=[58 ] blocks=1 sizes: 17(pivot S, loops 0)
crib 23 UZWODREIFUEN..(18)@43 used=16 excluded=[58 60 ] blocks=1 sizes: 16(pivot B, loops 1)
crib 24 UZWODREIFUEN..(18)@44 used=16 excluded=[58 60 ] blocks=1 sizes: 16(pivot S, loops 1)
crib 25 UZWODREIFUEN..(18)@46 used=16 excluded=[58 60 ] blocks=1 sizes: 16(pivot B, loops 0)
crib 26 UZWODREIFUEN..(18)@47 used=16 excluded=[58 60 ] blocks=1 sizes: 16(pivot E, loops 0)
crib 27 UZWODREIFUEN..(18)@48 used=16 excluded=[58 60 ] blocks=1 sizes: 16(pivot S, loops 0)
crib 28 UZWODREIFUEN..(18)@50 used=15 excluded=[58 60 67 ] blocks=1 sizes: 15(pivot G, loops 0)
crib 29 UZWODREIFUEN..(18)@51 used=14 excluded=[58 60 67 68 ] blocks=1 sizes: 14(pivot E, loops 1)
crib 30 UZWODREIFUEN..(18)@54 used=13 excluded=[58 60 67 68 71 ] blocks=1 sizes: 13(pivot G, loops 0)
crib 31 ZWODREIFUENF..(17)@0 used=15 excluded=[1 10 ] blocks=1 sizes: 15(pivot E, loops 1)
crib 32 ZWODREIFUENF..(17)@1 used=15 excluded=[1 10 ] blocks=1 sizes: 15(pivot S, loops 0)
crib 33 ZWODREIFUENF..(17)@2 used=16 excluded=[10 ] blocks=1 sizes: 16(pivot E, loops 0)
crib 34 ZWODREIFUENF..(17)@4 used=15 excluded=[10 20 ] blocks=1 sizes: 15(pivot E, loops 0)
crib 35 ZWODREIFUENF..(17)@5 used=15 excluded=[10 20 ] blocks=1 sizes: 15(pivot S, loops 0)
crib 36 ZWODREIFUENF..(17)@6 used=15 excluded=[10 20 ] blocks=1 sizes: 15(pivot E, loops 1)
crib 37 ZWODREIFUENF..(17)@8 used=15 excluded=[10 20 ] blocks=1 sizes: 15(pivot E, loops 1)
crib 38 ZWODREIFUENF..(17)@9 used=14 excluded=[10 20 25 ] blocks=1 sizes: 14(pivot E, loops 1)
crib 39 ZWODREIFUENF..(17)@11 used=15 excluded=[20 25 ] blocks=1 sizes: 15(pivot F, loops 1)
crib 40 ZWODREIFUENF..(17)@12 used=15 excluded=[20 25 ] blocks=1 sizes: 15(pivot F, loops 1)
crib 41 ZWODREIFUENF..(17)@13 used=15 excluded=[20 25 ] blocks=1 sizes: 15(pivot E, loops 1)
crib 42 ZWODREIFUENF..(17)@19 used=14 excluded=[20 25 32 ] blocks=1 sizes: 14(pivot R, loops 2)
crib 43 ZWODREIFUENF..(17)@23 used=15 excluded=[25 32 ] blocks=1 sizes: 15(pivot R, loops 1)
crib 44 ZWODREIFUENF..(17)@25 used=15 excluded=[25 32 ] blocks=1 sizes: 15(pivot P, loops 1)
crib 45 ZWODREIFUENF..(17)@27 used=16 excluded=[32 ] blocks=1 sizes: 16(pivot P, loops 1)
crib 46 ZWODREIFUENF..(17)@29 used=16 excluded=[32 ] blocks=1 sizes: 16(pivot F, loops 1)
crib 47 ZWODREIFUENF..(17)@30 used=16 excluded=[32 ] blocks=1 sizes: 16(pivot P, loops 1)
crib 48 ZWODREIFUENF..(17)@31 used=16 excluded=[32 ] blocks=1 sizes: 16(pivot P, loops 1)
crib 49 ZWODREIFUENF..(17)@32 used=16 excluded=[32 ] blocks=1 sizes: 16(pivot P, loops 0)
crib 50 ZWODREIFUENF..(17)@33 used=17 excluded=[] blocks=1 sizes: 17(pivot B, loops 0)
crib 51 ZWODREIFUENF..(17)@34 used=17 excluded=[] blocks=1 sizes: 17(pivot B, loops 2)
crib 52 ZWODREIFUENF..(17)@36 used=17 excluded=[] blocks=1 sizes: 17(pivot B, loops 0)
crib 53 ZWODREIFUENF..(17)@40 used=17 excluded=[] blocks=1 sizes: 17(pivot S, loops 1)
crib 54 ZWODREIFUENF..(17)@42 used=16 excluded=[58 ] blocks=1 sizes: 16(pivot B, loops 1)
crib 55 ZWODREIFUENF..(17)@43 used=16 excluded=[58 ] blocks=1 sizes: 16(pivot S, loops 0)
crib 56 ZWODREIFUENF..(17)@44 used=15 excluded=[58 60 ] blocks=1 sizes: 15(pivot B, loops 1)
crib 57 ZWODREIFUENF..(17)@45 used=15 excluded=[58 60 ] blocks=1 sizes: 15(pivot B, loops 1)
crib 58 ZWODREIFUENF..(17)@47 used=15 excluded=[58 60 ] blocks=1 sizes: 15(pivot S, loops 0)
crib 59 ZWODREIFUENF..(17)@48 used=15 excluded=[58 60 ] blocks=1 sizes: 15(pivot E, loops 0)
crib 60 ZWODREIFUENF..(17)@49 used=15 excluded=[58 60 ] blocks=1 sizes: 15(pivot S, loops 0)
crib 61 ZWODREIFUENF..(17)@51 used=14 excluded=[58 60 67 ] blocks=1 sizes: 14(pivot G, loops 0)
crib 62 ZWODREIFUENF..(17)@52 used=13 excluded=[58 60 67 68 ] blocks=1 sizes: 13(pivot E, loops 1)
crib 63 ZWODREIFUENF..(17)@55 used=12 excluded=[58 60 67 68 71 ] blocks=1 sizes: 12(pivot G, loops 0)
crib 64 KIELEINGELAU..(15)@1 used=13 excluded=[1 10 ] blocks=1 sizes: 13(pivot E, loops 1)
crib 65 KIELEINGELAU..(15)@2 used=14 excluded=[10 ] blocks=1 sizes: 14(pivot E, loops 1)
crib 66 KIELEINGELAU..(15)@3 used=14 excluded=[10 ] blocks=1 sizes: 14(pivot E, loops 0)
crib 67 KIELEINGELAU..(15)@5 used=14 excluded=[10 ] blocks=1 sizes: 14(pivot E, loops 1)
crib 68 KIELEINGELAU..(15)@6 used=13 excluded=[10 20 ] blocks=1 sizes: 13(pivot E, loops 1)
crib 69 KIELEINGELAU..(15)@7 used=13 excluded=[10 20 ] blocks=1 sizes: 13(pivot E, loops 1)
crib 70 KIELEINGELAU..(15)@9 used=13 excluded=[10 20 ] blocks=1 sizes: 13(pivot E, loops 1)
crib 71 KIELEINGELAU..(15)@12 used=13 excluded=[20 25 ] blocks=1 sizes: 13(pivot E, loops 1)
crib 72 KIELEINGELAU..(15)@13 used=13 excluded=[20 25 ] blocks=1 sizes: 13(pivot E, loops 0)
crib 73 KIELEINGELAU..(15)@14 used=13 excluded=[20 25 ] blocks=1 sizes: 13(pivot E, loops 0)
crib 74 KIELEINGELAU..(15)@17 used=13 excluded=[20 25 ] blocks=1 sizes: 13(pivot E, loops 0)
crib 75 KIELEINGELAU..(15)@18 used=12 excluded=[20 25 32 ] blocks=1 sizes: 12(pivot E, loops 0)
crib 76 KIELEINGELAU..(15)@19 used=12 excluded=[20 25 32 ] blocks=1 sizes: 12(pivot R, loops 1)
crib 77 KIELEINGELAU..(15)@20 used=12 excluded=[20 25 32 ] blocks=1 sizes: 12(pivot E, loops 0)
crib 78 KIELEINGELAU..(15)@21 used=13 excluded=[25 32 ] blocks=1 sizes: 13(pivot E, loops 0)
crib 79 KIELEINGELAU..(15)@22 used=13 excluded=[25 32 ] blocks=1 sizes: 13(pivot E, loops 2)
crib 80 KIELEINGELAU..(15)@23 used=13 excluded=[25 32 ] blocks=1 sizes: 13(pivot E, loops 1)
crib 81 KIELEINGELAU..(15)@24 used=13 excluded=[25 32 ] blocks=1 sizes: 13(pivot E, loops 1)
crib 82 KIELEINGELAU..(15)@25 used=13 excluded=[25 32 ] blocks=1 sizes: 13(pivot E, loops 1)
crib 83 KIELEINGELAU..(15)@26 used=14 excluded=[32 ] blocks=1 sizes: 14(pivot E, loops 2)
crib 84 KIELEINGELAU..(15)@28 used=14 excluded=[32 ] blocks=1 sizes: 14(pivot L, loops 2)
crib 85 KIELEINGELAU..(15)@29 used=14 excluded=[32 ] blocks=1 sizes: 14(pivot E, loops 0)
crib 86 KIELEINGELAU..(15)@30 used=14 excluded=[32 ] blocks=1 sizes: 14(pivot L, loops 2)
crib 87 KIELEINGELAU..(15)@32 used=14 excluded=[32 ] blocks=1 sizes: 14(pivot E, loops 2)
crib 88 KIELEINGELAU..(15)@35 used=15 excluded=[] blocks=1 sizes: 15(pivot E, loops 2)
crib 89 KIELEINGELAU..(15)@36 used=15 excluded=[] blocks=1 sizes: 15(pivot E, loops 2)
crib 90 KIELEINGELAU..(15)@38 used=15 excluded=[] blocks=1 sizes: 15(pivot E, loops 1)
crib 91 KIELEINGELAU..(15)@39 used=15 excluded=[] blocks=1 sizes: 15(pivot E, loops 1)
crib 92 KIELEINGELAU..(15)@40 used=15 excluded=[] blocks=1 sizes: 15(pivot E, loops 0)
crib 93 KIELEINGELAU..(15)@41 used=15 excluded=[] blocks=1 sizes: 15(pivot E, loops 1)
crib 94 KIELEINGELAU..(15)@42 used=15 excluded=[] blocks=1 sizes: 15(pivot E, loops 0)
crib 95 KIELEINGELAU..(15)@43 used=15 excluded=[] blocks=1 sizes: 15(pivot E, loops 1)
crib 96 KIELEINGELAU..(15)@44 used=14 excluded=[58 ] blocks=1 sizes: 14(pivot E, loops 1)
crib 97 KIELEINGELAU..(15)@45 used=14 excluded=[58 ] blocks=1 sizes: 14(pivot B, loops 1)
crib 98 KIELEINGELAU..(15)@46 used=13 excluded=[58 60 ] blocks=1 sizes: 13(pivot B, loops 0)
crib 99 KIELEINGELAU..(15)@47 used=13 excluded=[58 60 ] blocks=1 sizes: 13(pivot E, loops 0)
crib 100 KIELEINGELAU..(15)@48 used=13 excluded=[58 60 ] blocks=1 sizes: 13(pivot E, loops 1)
crib 101 KIELEINGELAU..(15)@51 used=13 excluded=[58 60 ] blocks=1 sizes: 13(pivot E, loops 2)
crib 102 KIELEINGELAU..(15)@52 used=13 excluded=[58 60 ] blocks=1 sizes: 13(pivot G, loops 1)
crib 103 KIELEINGELAU..(15)@53 used=12 excluded=[58 60 67 ] blocks=1 sizes: 12(pivot E, loops 1)
crib 104 KIELEINGELAU..(15)@54 used=11 excluded=[58 60 67 68 ] blocks=1 sizes: 11(pivot G, loops 0)
crib 105 KIELEINGELAU..(15)@55 used=11 excluded=[58 60 67 68 ] blocks=1 sizes: 11(pivot N, loops 1)
crib 106 KIELEINGELAU..(15)@56 used=11 excluded=[58 60 67 68 ] blocks=1 sizes: 11(pivot G, loops 2)
crib 107 KIELEINGELAU..(15)@57 used=10 excluded=[58 60 67 68 71 ] blocks=1 sizes: 10(pivot E, loops 1)
