crib 0 TTTFFFZWOVIE..(72)@0 used=72 excluded=[] blocks=4 sizes: 18(pivot D, loops 8) 18(pivot F, loops 8) 18(pivot X, loops 8) 18(pivot B, loops 8)
crib 1 TTTFFFZWOVIE..(72)@0 used=72 excluded=[] blocks=4 sizes: 18(pivot X, loops 9) 18(pivot T, loops 8) 18(pivot V, loops 8) 18(pivot A, loops 8)
[200/28392 items] 2s settings=91395200 (40.10M/s) stops=0
[400/28392 items] 4s settings=182790400 (40.74M/s) stops=0
[600/28392 items] 7s settings=274185600 (40.90M/s) stops=0
[800/28392 items] 9s settings=365580800 (41.24M/s) stops=0
[1000/28392 items] 11s settings=456976000 (41.24M/s) stops=0
[1200/28392 items] 13s settings=548371200 (41.20M/s) stops=0
[1400/28392 items] 16s settings=639766400 (41.20M/s) stops=0
[1600/28392 items] 18s settings=731161600 (41.30M/s) stops=0
[1800/28392 items] 20s settings=822556800 (41.26M/s) stops=0
[2000/28392 items] 22s settings=913952000 (41.31M/s) stops=0
[2200/28392 items] 24s settings=1005347200 (41.31M/s) stops=0
[2400/28392 items] 27s settings=1096742400 (41.29M/s) stops=0
[2600/28392 items] 29s settings=1188137600 (41.30M/s) stops=0
[2800/28392 items] 31s settings=1279532800 (41.28M/s) stops=0
[3000/28392 items] 33s settings=1370928000 (41.32M/s) stops=0
[3200/28392 items] 35s settings=1462323200 (41.30M/s) stops=0
[3400/28392 items] 38s settings=1553718400 (41.30M/s) stops=0
[3600/28392 items] 40s settings=1645113600 (41.27M/s) stops=0
[3800/28392 items] 42s settings=1736508800 (41.26M/s) stops=0
[4000/28392 items] 44s settings=1827904000 (41.21M/s) stops=0
[4200/28392 items] 47s settings=1919299200 (41.22M/s) stops=0
[4400/28392 items] 49s settings=2010694400 (41.21M/s) stops=0
[4600/28392 items] 51s settings=2102089600 (41.24M/s) stops=0
[4800/28392 items] 53s settings=2193484800 (41.23M/s) stops=0
[5000/28392 items] 55s settings=2284880000 (41.22M/s) stops=0
[5200/28392 items] 58s settings=2376275200 (41.21M/s) stops=0
[5400/28392 items] 60s settings=2467670400 (41.24M/s) stops=0
[5600/28392 items] 62s settings=2559065600 (41.22M/s) stops=0
[5800/28392 items] 64s settings=2650460800 (41.23M/s) stops=0
[6000/28392 items] 67s settings=2741856000 (41.21M/s) stops=0
[6200/28392 items] 69s settings=2833251200 (41.24M/s) stops=0
[6400/28392 items] 71s settings=2924646400 (41.22M/s) stops=0
[6600/28392 items] 73s settings=3016041600 (41.23M/s) stops=0
[6800/28392 items] 75s settings=3107436800 (41.22M/s) stops=0
[7000/28392 items] 78s settings=3198832000 (41.22M/s) stops=0
[7200/28392 items] 80s settings=3290227200 (41.24M/s) stops=0
[7400/28392 items] 82s settings=3381622400 (41.24M/s) stops=0
[7600/28392 items] 84s settings=3473017600 (41.20M/s) stops=0
[7800/28392 items] 86s settings=3564412800 (41.23M/s) stops=0
[8000/28392 items] 89s settings=3655808000 (41.21M/s) stops=0
[8200/28392 items] 91s settings=3747203200 (41.22M/s) stops=0
[8400/28392 items] 93s settings=3838598400 (41.20M/s) stops=0
[8600/28392 items] 95s settings=3929993600 (41.21M/s) stops=0
[8800/28392 items] 98s settings=4021388800 (41.22M/s) stops=0
[9000/28392 items] 100s settings=4112784000 (41.21M/s) stops=0
[9200/28392 items] 102s settings=4204179200 (41.21M/s) stops=0
[9400/28392 items] 104s settings=4295574400 (41.18M/s) stops=0
[9600/28392 items] 107s settings=4386969600 (41.17M/s) stops=0
[9800/28392 items] 109s settings=4478364800 (41.17M/s) stops=0
[10000/28392 items] 111s settings=4569760000 (41.19M/s) stops=0
[10200/28392 items] 113s settings=4661155200 (41.17M/s) stops=16
[10400/28392 items] 115s settings=4752550400 (41.19M/s) stops=16
[10600/28392 items] 118s settings=4843945600 (41.18M/s) stops=16
[10800/28392 items] 120s settings=4935340800 (41.17M/s) stops=16
[11000/28392 items] 122s settings=5026736000 (41.16M/s) stops=16
[11200/28392 items] 124s settings=5118131200 (41.17M/s) stops=16
[11400/28392 items] 127s settings=5209526400 (41.17M/s) stops=16
[11600/28392 items] 129s settings=5300921600 (41.16M/s) stops=16
[11800/28392 items] 131s settings=5392316800 (41.16M/s) stops=16
[12000/28392 items] 133s settings=5483712000 (41.16M/s) stops=16
[12200/28392 items] 135s settings=5575107200 (41.15M/s) stops=16
[12400/28392 items] 138s settings=5666502400 (41.17M/s) stops=16
[12600/28392 items] 140s settings=5757897600 (41.15M/s) stops=16
[12800/28392 items] 142s settings=5849292800 (41.16M/s) stops=16
[13000/28392 items] 144s settings=5940688000 (41.15M/s) stops=16
[13200/28392 items] 147s settings=6032083200 (41.17M/s) stops=16
[13400/28392 items] 149s settings=6123478400 (41.15M/s) stops=16
[13600/28392 items] 151s settings=6214873600 (41.16M/s) stops=16
[13800/28392 items] 153s settings=6306268800 (41.14M/s) stops=16
[14000/28392 items] 155s settings=6397664000 (41.15M/s) stops=16
[14200/28392 items] 158s settings=6489059200 (41.13M/s) stops=16
[14400/28392 items] 160s settings=6580454400 (41.13M/s) stops=16
[14600/28392 items] 162s settings=6671849600 (41.12M/s) stops=16
[14800/28392 items] 165s settings=6763244800 (41.10M/s) stops=16
[15000/28392 items] 167s settings=6854640000 (41.10M/s) stops=16
[15200/28392 items] 169s settings=6946035200 (41.11M/s) stops=16
[15400/28392 items] 171s settings=7037430400 (41.10M/s) stops=16
[15600/28392 items] 173s settings=7128825600 (41.10M/s) stops=16
[15800/28392 items] 176s settings=7220220800 (41.09M/s) stops=16
[16000/28392 items] 178s settings=7311616000 (41.10M/s) stops=16
[16200/28392 items] 180s settings=7403011200 (41.09M/s) stops=16
[16400/28392 items] 182s settings=7494406400 (41.10M/s) stops=16
[16600/28392 items] 185s settings=7585801600 (41.09M/s) stops=16
[16800/28392 items] 187s settings=7677196800 (41.09M/s) stops=16
[17000/28392 items] 189s settings=7768592000 (41.09M/s) stops=16
[17200/28392 items] 191s settings=7859987200 (41.09M/s) stops=16
[17400/28392 items] 194s settings=7951382400 (41.08M/s) stops=16
[17600/28392 items] 196s settings=8042777600 (41.09M/s) stops=16
[17800/28392 items] 198s settings=8134172800 (41.08M/s) stops=16
[18000/28392 items] 200s settings=8225568000 (41.08M/s) stops=16
[18200/28392 items] 202s settings=8316963200 (41.08M/s) stops=16
[18400/28392 items] 205s settings=8408358400 (41.08M/s) stops=16
[18600/28392 items] 207s settings=8499753600 (41.08M/s) stops=16
[18800/28392 items] 209s settings=8591148800 (41.09M/s) stops=16
[19000/28392 items] 211s settings=8682544000 (41.08M/s) stops=16
[19200/28392 items] 214s settings=8773939200 (41.09M/s) stops=16
[19400/28392 items] 216s settings=8865334400 (41.08M/s) stops=16
[19600/28392 items] 218s settings=8956729600 (41.09M/s) stops=16
[19800/28392 items] 220s settings=9048124800 (41.09M/s) stops=16
[20000/28392 items] 222s settings=9139520000 (41.09M/s) stops=16
[20200/28392 items] 225s settings=9230915200 (41.07M/s) stops=16
[20400/28392 items] 227s settings=9322310400 (41.08M/s) stops=16
[20600/28392 items] 229s settings=9413705600 (41.07M/s) stops=16
[20800/28392 items] 231s settings=9505100800 (41.07M/s) stops=16
[21000/28392 items] 234s settings=9596496000 (41.08M/s) stops=16
[21200/28392 items] 236s settings=9687891200 (41.08M/s) stops=16
[21400/28392 items] 238s settings=9779286400 (41.08M/s) stops=16
[21600/28392 items] 240s settings=9870681600 (41.08M/s) stops=16
[21800/28392 items] 243s settings=9962076800 (41.08M/s) stops=16
[22000/28392 items] 245s settings=10053472000 (41.09M/s) stops=16
[22200/28392 items] 247s settings=10144867200 (41.08M/s) stops=16
[22400/28392 items] 249s settings=10236262400 (41.09M/s) stops=16
[22600/28392 items] 251s settings=10327657600 (41.08M/s) stops=16
[22800/28392 items] 254s settings=10419052800 (41.08M/s) stops=16
[23000/28392 items] 256s settings=10510448000 (41.08M/s) stops=16
[23200/28392 items] 258s settings=10601843200 (41.08M/s) stops=16
[23400/28392 items] 260s settings=10693238400 (41.08M/s) stops=16
[23600/28392 items] 263s settings=10784633600 (41.08M/s) stops=16
[23800/28392 items] 265s settings=10876028800 (41.07M/s) stops=16
[24000/28392 items] 267s settings=10967424000 (41.08M/s) stops=16
[24200/28392 items] 269s settings=11058819200 (41.08M/s) stops=16
[24400/28392 items] 271s settings=11150214400 (41.08M/s) stops=16
[24600/28392 items] 274s settings=11241609600 (41.08M/s) stops=16
[24800/28392 items] 276s settings=11333004800 (41.08M/s) stops=16
[25000/28392 items] 278s settings=11424400000 (41.08M/s) stops=16
[25200/28392 items] 280s settings=11515795200 (41.08M/s) stops=16
[25400/28392 items] 283s settings=11607190400 (41.08M/s) stops=16
[25600/28392 items] 285s settings=11698585600 (41.07M/s) stops=16
[25800/28392 items] 287s settings=11789980800 (41.07M/s) stops=16
[26000/28392 items] 289s settings=11881376000 (41.08M/s) stops=16
[26200/28392 items] 291s settings=11972771200 (41.07M/s) stops=16
[26400/28392 items] 294s settings=12064166400 (41.08M/s) stops=16
[26600/28392 items] 296s settings=12155561600 (41.08M/s) stops=16
[26800/28392 items] 298s settings=12246956800 (41.08M/s) stops=16
[27000/28392 items] 300s settings=12338352000 (41.08M/s) stops=16
[27200/28392 items] 303s settings=12429747200 (41.08M/s) stops=16
[27400/28392 items] 305s settings=12521142400 (41.09M/s) stops=16
[27600/28392 items] 307s settings=12612537600 (41.09M/s) stops=16
[27800/28392 items] 309s settings=12703932800 (41.09M/s) stops=16
[28000/28392 items] 311s settings=12795328000 (41.09M/s) stops=16
[28200/28392 items] 314s settings=12886723200 (41.09M/s) stops=16
DONE settings=12974462592 time=315.7s rate=41.101M settings/s (2.569M/s/thread, 16 threads) T-evals/setting=0.0 stops=16
crib 0 TTTFFFZWOVIE..(72)@0: block-stops=6; verified g histogram: g0:2 g5:4
crib 1 TTTFFFZWOVIE..(72)@0: block-stops=10; verified g histogram: g2:2 g7:4 g13:2 g18:2
