crib 0 FUNFUUUFLOTT..(32)@0 used=32 excluded=[] blocks=1 sizes: 32(pivot U, loops 12)
crib 1 VIERUUUFLOTT..(32)@0 used=32 excluded=[] blocks=1 sizes: 32(pivot U, loops 12)
crib 2 FUNFUUUFLOTT..(32)@0 used=32 excluded=[] blocks=1 sizes: 32(pivot U, loops 13)
crib 3 FUNFUUUFLOTT..(32)@0 used=32 excluded=[] blocks=1 sizes: 32(pivot U, loops 12)
crib 4 FUENFUUUFLOT..(32)@0 used=32 excluded=[] blocks=1 sizes: 32(pivot U, loops 12)
crib 5 FUNFUUUFLOTT..(32)@0 used=32 excluded=[] blocks=1 sizes: 32(pivot U, loops 12)
crib 6 FXDXUUUXAUSB..(32)@0 used=32 excluded=[] blocks=1 sizes: 32(pivot U, loops 11)
crib 7 FUENFUUUFLOT..(32)@0 used=32 excluded=[] blocks=1 sizes: 32(pivot U, loops 13)
crib 8 VIERUUUFLOTT..(32)@0 used=32 excluded=[] blocks=1 sizes: 32(pivot U, loops 12)
crib 9 FUENFUUUFLOT..(32)@0 used=32 excluded=[] blocks=1 sizes: 32(pivot U, loops 13)
crib 10 VIERXUUUFLOT..(32)@0 used=32 excluded=[] blocks=1 sizes: 32(pivot U, loops 12)
crib 11 FXDXUUUAUSBX..(32)@0 used=32 excluded=[] blocks=1 sizes: 32(pivot U, loops 11)
crib 12 FUNFUUUFLOTT..(32)@0 used=32 excluded=[] blocks=1 sizes: 32(pivot U, loops 12)
crib 13 ZWOFUENFUUUF..(32)@0 used=32 excluded=[] blocks=1 sizes: 32(pivot U, loops 12)
crib 14 FUENFXUUUFLO..(32)@0 used=32 excluded=[] blocks=1 sizes: 32(pivot U, loops 12)
crib 15 FUNFXUUUFLOT..(32)@0 used=32 excluded=[] blocks=1 sizes: 32(pivot U, loops 13)
crib 16 FUNFXUUUFLOT..(32)@0 used=32 excluded=[] blocks=1 sizes: 32(pivot U, loops 12)
crib 17 ZWOFUNFUUUFL..(32)@0 used=32 excluded=[] blocks=1 sizes: 32(pivot U, loops 12)
crib 18 FXDXUUUAUSBX..(32)@0 used=32 excluded=[] blocks=1 sizes: 32(pivot U, loops 11)
crib 19 ZWOFUNFUUUFL..(32)@0 used=32 excluded=[] blocks=1 sizes: 32(pivot U, loops 12)
crib 20 FUNFUUUFLOTT..(32)@0 used=32 excluded=[] blocks=1 sizes: 32(pivot U, loops 12)
crib 21 FUNFXUUUFLOT..(32)@0 used=32 excluded=[] blocks=1 sizes: 32(pivot U, loops 13)
crib 22 VIERUUUFLOTT..(32)@0 used=32 excluded=[] blocks=1 sizes: 32(pivot U, loops 12)
crib 23 FUENFXUUUFLO..(32)@0 used=32 excluded=[] blocks=1 sizes: 32(pivot U, loops 12)
crib 24 ZWOFUNFUUUFL..(32)@0 used=32 excluded=[] blocks=1 sizes: 32(pivot U, loops 12)
crib 25 FXDXUUUXAUSB..(32)@0 used=32 excluded=[] blocks=1 sizes: 32(pivot U, loops 11)
crib 26 FXDXUUUXAUSB..(32)@0 used=32 excluded=[] blocks=1 sizes: 32(pivot U, loops 11)
crib 27 ZWOFUNFXUUUF..(32)@0 used=32 excluded=[] blocks=1 sizes: 32(pivot U, loops 12)
crib 28 FUNFUUUFLOTT..(32)@0 used=32 excluded=[] blocks=1 sizes: 32(pivot U, loops 13)
crib 29 FXDXUUUAUSBV..(32)@0 used=32 excluded=[] blocks=1 sizes: 32(pivot U, loops 11)
crib 30 VIERXUUUFLOT..(34)@0 used=34 excluded=[] blocks=1 sizes: 34(pivot U, loops 14)
crib 31 ZWOFUNFUUUFL..(34)@0 used=34 excluded=[] blocks=1 sizes: 34(pivot U, loops 14)
crib 32 ZWOFUENFUUUF..(34)@0 used=34 excluded=[] blocks=1 sizes: 34(pivot U, loops 14)
crib 33 FUENFXUUUFLO..(34)@0 used=34 excluded=[] blocks=1 sizes: 34(pivot U, loops 14)
crib 34 ZWOFUNFXUUUF..(34)@0 used=34 excluded=[] blocks=1 sizes: 34(pivot U, loops 14)
crib 35 ZWOFUENFUUUF..(34)@0 used=34 excluded=[] blocks=1 sizes: 34(pivot U, loops 14)
crib 36 FUENFUUUFLOT..(34)@0 used=34 excluded=[] blocks=1 sizes: 34(pivot U, loops 14)
crib 37 ZWOFUENFXUUU..(34)@0 used=34 excluded=[] blocks=1 sizes: 34(pivot U, loops 14)
crib 38 ZWOFUNFXUUUF..(34)@0 used=34 excluded=[] blocks=1 sizes: 34(pivot U, loops 14)
crib 39 ZWOFUENFXUUU..(34)@0 used=34 excluded=[] blocks=1 sizes: 34(pivot U, loops 14)
crib 40 ZWOFUNFXUUUF..(34)@0 used=34 excluded=[] blocks=1 sizes: 34(pivot U, loops 14)
crib 41 ZWOFUENFUUUF..(34)@0 used=34 excluded=[] blocks=1 sizes: 34(pivot U, loops 14)
crib 42 FXDXUUUXAUSB..(34)@0 used=34 excluded=[] blocks=1 sizes: 34(pivot U, loops 13)
crib 43 FUNFXUUUFLOT..(34)@0 used=34 excluded=[] blocks=1 sizes: 34(pivot U, loops 14)
crib 44 VIERUUUFLOTT..(34)@0 used=34 excluded=[] blocks=1 sizes: 34(pivot U, loops 14)
crib 45 FUNFUUUFLOTT..(34)@0 used=34 excluded=[] blocks=1 sizes: 34(pivot U, loops 14)
crib 46 FUNFUUUFLOTT..(35)@0 used=35 excluded=[] blocks=1 sizes: 35(pivot U, loops 16)
crib 47 FUENFUUUFLOT..(35)@0 used=35 excluded=[] blocks=1 sizes: 35(pivot U, loops 16)
crib 48 FUNFXUUUFLOT..(35)@0 used=35 excluded=[] blocks=1 sizes: 35(pivot U, loops 16)
crib 49 ZWOFUNFXUUUF..(35)@0 used=35 excluded=[] blocks=1 sizes: 35(pivot U, loops 15)
crib 50 ZWOFUENFXUUU..(35)@0 used=35 excluded=[] blocks=1 sizes: 35(pivot U, loops 15)
crib 51 ZWOFUENFUUUF..(35)@0 used=35 excluded=[] blocks=1 sizes: 35(pivot U, loops 15)
crib 52 ZWOFUENFUUUF..(35)@0 used=35 excluded=[] blocks=1 sizes: 35(pivot U, loops 15)
crib 53 ZWOFUNFXUUUF..(35)@0 used=35 excluded=[] blocks=1 sizes: 35(pivot U, loops 15)
crib 54 ZWOFUNFUUUFL..(35)@0 used=35 excluded=[] blocks=1 sizes: 35(pivot U, loops 15)
crib 55 FUENFUUUFLOT..(36)@0 used=36 excluded=[] blocks=1 sizes: 36(pivot U, loops 17)
crib 56 FUENFXUUUFLO..(36)@0 used=36 excluded=[] blocks=1 sizes: 36(pivot U, loops 16)
crib 57 FUENFUUUFLOT..(36)@0 used=36 excluded=[] blocks=1 sizes: 36(pivot U, loops 17)
crib 58 ZWOFUENFUUUF..(36)@0 used=36 excluded=[] blocks=1 sizes: 36(pivot U, loops 16)
crib 59 ZWOFUENFXUUU..(36)@0 used=36 excluded=[] blocks=1 sizes: 36(pivot U, loops 16)
crib 60 FUNFXUUUFLOT..(36)@0 used=36 excluded=[] blocks=1 sizes: 36(pivot U, loops 17)
crib 61 ZWOFUNFXUUUF..(36)@0 used=36 excluded=[] blocks=1 sizes: 36(pivot U, loops 16)
crib 62 FUNFXUUUFLOT..(36)@0 used=36 excluded=[] blocks=1 sizes: 36(pivot U, loops 17)
crib 63 ZWOFUNFXUUUF..(36)@0 used=36 excluded=[] blocks=1 sizes: 36(pivot U, loops 16)
crib 64 ZWOFUNFUUUFL..(36)@0 used=36 excluded=[] blocks=1 sizes: 36(pivot U, loops 16)
crib 65 ZWOFUENFUUUF..(36)@0 used=36 excluded=[] blocks=1 sizes: 36(pivot U, loops 16)
crib 66 FUNFUUUFLOTT..(36)@0 used=36 excluded=[] blocks=1 sizes: 36(pivot U, loops 17)
crib 67 FUNFUUUFLOTT..(36)@0 used=36 excluded=[] blocks=1 sizes: 36(pivot U, loops 17)
crib 68 ZWOFUNFXUUUF..(36)@0 used=36 excluded=[] blocks=1 sizes: 36(pivot U, loops 16)
crib 69 ZWOFUENFUUUF..(36)@0 used=36 excluded=[] blocks=1 sizes: 36(pivot U, loops 16)
crib 70 ZWOFUNFUUUFL..(36)@0 used=36 excluded=[] blocks=1 sizes: 36(pivot U, loops 16)
crib 71 FUENFXUUUFLO..(37)@0 used=37 excluded=[] blocks=1 sizes: 37(pivot U, loops 17)
crib 72 FUNFXUUUFLOT..(37)@0 used=37 excluded=[] blocks=1 sizes: 37(pivot U, loops 18)
crib 73 ZWOFUNFXUUUF..(37)@0 used=37 excluded=[] blocks=1 sizes: 37(pivot U, loops 17)
crib 74 FUENFUUUFLOT..(37)@0 used=37 excluded=[] blocks=1 sizes: 37(pivot U, loops 18)
crib 75 ZWOFUNFXUUUF..(37)@0 used=37 excluded=[] blocks=1 sizes: 37(pivot U, loops 17)
crib 76 FUENFXUUUFLO..(37)@0 used=37 excluded=[] blocks=1 sizes: 37(pivot U, loops 17)
crib 77 ZWOFUENFXUUU..(37)@0 used=37 excluded=[] blocks=1 sizes: 37(pivot U, loops 17)
crib 78 ZWOFUENFUUUF..(37)@0 used=37 excluded=[] blocks=1 sizes: 37(pivot U, loops 17)
crib 79 ZWOFUNFUUUFL..(37)@0 used=37 excluded=[] blocks=1 sizes: 37(pivot U, loops 17)
crib 80 ZWOFUENFUUUF..(37)@0 used=37 excluded=[] blocks=1 sizes: 37(pivot U, loops 17)
crib 81 FUNFUUUFLOTT..(37)@0 used=37 excluded=[] blocks=1 sizes: 37(pivot U, loops 18)
[200/28392 items] 65s settings=91395200 (1.40M/s) stops=0
[400/28392 items] 129s settings=182790400 (1.42M/s) stops=0
[600/28392 items] 193s settings=274185600 (1.42M/s) stops=0
[800/28392 items] 258s settings=365580800 (1.41M/s) stops=0
[1000/28392 items] 321s settings=456976000 (1.42M/s) stops=0
[1200/28392 items] 384s settings=548371200 (1.43M/s) stops=0
[1400/28392 items] 446s settings=639766400 (1.44M/s) stops=0
[1600/28392 items] 509s settings=731161600 (1.44M/s) stops=0
[1800/28392 items] 570s settings=822556800 (1.44M/s) stops=0
[2000/28392 items] 632s settings=913952000 (1.45M/s) stops=0
[2200/28392 items] 698s settings=1005347200 (1.44M/s) stops=0
[2400/28392 items] 760s settings=1096742400 (1.44M/s) stops=0
[2600/28392 items] 822s settings=1188137600 (1.44M/s) stops=0
[2800/28392 items] 886s settings=1279532800 (1.44M/s) stops=0
[3000/28392 items] 950s settings=1370928000 (1.44M/s) stops=0
[3200/28392 items] 1013s settings=1462323200 (1.44M/s) stops=0
