crib 0 TTTFFFEINSAC..(72)@0 used=68 excluded=[22 32 70 71 ] blocks=4 sizes: 17(pivot P, loops 8) 17(pivot A, loops 8) 17(pivot S, loops 8) 17(pivot N, loops 8)
crib 1 TTTFFFEINSNE..(72)@0 used=71 excluded=[22 ] blocks=4 sizes: 18(pivot V, loops 10) 18(pivot F, loops 8) 18(pivot R, loops 9) 17(pivot E, loops 8)
crib 2 FUENFXUUUFLO..(72)@0 used=69 excluded=[22 53 66 ] blocks=4 sizes: 18(pivot X, loops 8) 17(pivot T, loops 9) 17(pivot B, loops 7) 17(pivot G, loops 9)
crib 3 FXDXUUUAUSBV..(72)@0 used=72 excluded=[] blocks=4 sizes: 18(pivot G, loops 8) 18(pivot X, loops 8) 18(pivot E, loops 8) 18(pivot V, loops 8)
crib 4 ANALLEBOOTEV..(72)@0 used=69 excluded=[10 60 64 ] blocks=4 sizes: 18(pivot F, loops 8) 17(pivot S, loops 8) 17(pivot A, loops 8) 17(pivot G, loops 8)
crib 5 ANALLEUUUBOO..(72)@0 used=71 excluded=[71 ] blocks=4 sizes: 18(pivot O, loops 7) 18(pivot L, loops 10) 18(pivot X, loops 8) 17(pivot T, loops 8)
crib 6 LEITUNGVONVO..(72)@0 used=71 excluded=[27 ] blocks=4 sizes: 18(pivot N, loops 8) 18(pivot X, loops 8) 18(pivot U, loops 9) 17(pivot G, loops 10)
crib 7 FXDXUUUAUSBV..(72)@0 used=72 excluded=[] blocks=4 sizes: 18(pivot F, loops 8) 18(pivot E, loops 9) 18(pivot N, loops 8) 18(pivot V, loops 9)
crib 8 ANALLEVONVON..(72)@0 used=69 excluded=[13 60 68 ] blocks=4 sizes: 18(pivot R, loops 8) 17(pivot E, loops 10) 17(pivot N, loops 8) 17(pivot G, loops 8)
crib 9 FXDXUUUAUSBV..(72)@0 used=70 excluded=[17 53 ] blocks=4 sizes: 18(pivot E, loops 8) 17(pivot F, loops 7) 18(pivot N, loops 8) 17(pivot G, loops 8)
[200/28392 items] 50s settings=91395200 (1.84M/s) stops=0
[400/28392 items] 99s settings=182790400 (1.84M/s) stops=0
[600/28392 items] 151s settings=274185600 (1.82M/s) stops=0
[800/28392 items] 200s settings=365580800 (1.83M/s) stops=0
[1000/28392 items] 250s settings=456976000 (1.83M/s) stops=0
[1200/28392 items] 302s settings=548371200 (1.82M/s) stops=0
[1400/28392 items] 353s settings=639766400 (1.81M/s) stops=0
[1600/28392 items] 402s settings=731161600 (1.82M/s) stops=0
[1800/28392 items] 452s settings=822556800 (1.82M/s) stops=0
[2000/28392 items] 501s settings=913952000 (1.82M/s) stops=0
[2200/28392 items] 550s settings=1005347200 (1.83M/s) stops=0
[2400/28392 items] 601s settings=1096742400 (1.82M/s) stops=0
[2600/28392 items] 651s settings=1188137600 (1.83M/s) stops=0
[2800/28392 items] 699s settings=1279532800 (1.83M/s) stops=0
[3000/28392 items] 748s settings=1370928000 (1.83M/s) stops=0
[3200/28392 items] 799s settings=1462323200 (1.83M/s) stops=0
[3400/28392 items] 848s settings=1553718400 (1.83M/s) stops=0
[3600/28392 items] 898s settings=1645113600 (1.83M/s) stops=0
[3800/28392 items] 949s settings=1736508800 (1.83M/s) stops=0
[4000/28392 items] 997s settings=1827904000 (1.83M/s) stops=0
[4200/28392 items] 1046s settings=1919299200 (1.84M/s) stops=0
[4400/28392 items] 1094s settings=2010694400 (1.84M/s) stops=0
[4600/28392 items] 1143s settings=2102089600 (1.84M/s) stops=0
[4800/28392 items] 1190s settings=2193484800 (1.84M/s) stops=0
[5000/28392 items] 1238s settings=2284880000 (1.85M/s) stops=0
[5200/28392 items] 1286s settings=2376275200 (1.85M/s) stops=0
[5400/28392 items] 1334s settings=2467670400 (1.85M/s) stops=0
[5600/28392 items] 1382s settings=2559065600 (1.85M/s) stops=0
[5800/28392 items] 1432s settings=2650460800 (1.85M/s) stops=0
[6000/28392 items] 1479s settings=2741856000 (1.85M/s) stops=0
[6200/28392 items] 1526s settings=2833251200 (1.86M/s) stops=0
[6400/28392 items] 1572s settings=2924646400 (1.86M/s) stops=0
[6600/28392 items] 1620s settings=3016041600 (1.86M/s) stops=0
[6800/28392 items] 1667s settings=3107436800 (1.86M/s) stops=0
[7000/28392 items] 1716s settings=3198832000 (1.86M/s) stops=0
[7200/28392 items] 1762s settings=3290227200 (1.87M/s) stops=0
[7400/28392 items] 1811s settings=3381622400 (1.87M/s) stops=0
[7600/28392 items] 1857s settings=3473017600 (1.87M/s) stops=0
[7800/28392 items] 1905s settings=3564412800 (1.87M/s) stops=0
[8000/28392 items] 1954s settings=3655808000 (1.87M/s) stops=0
[8200/28392 items] 2001s settings=3747203200 (1.87M/s) stops=0
[8400/28392 items] 2049s settings=3838598400 (1.87M/s) stops=0
[8600/28392 items] 2098s settings=3929993600 (1.87M/s) stops=0
[8800/28392 items] 2146s settings=4021388800 (1.87M/s) stops=0
[9000/28392 items] 2194s settings=4112784000 (1.87M/s) stops=0
[9200/28392 items] 2241s settings=4204179200 (1.88M/s) stops=0
[9400/28392 items] 2290s settings=4295574400 (1.88M/s) stops=0
[9600/28392 items] 2336s settings=4386969600 (1.88M/s) stops=0
[9800/28392 items] 2383s settings=4478364800 (1.88M/s) stops=0
[10000/28392 items] 2430s settings=4569760000 (1.88M/s) stops=0
[10200/28392 items] 2479s settings=4661155200 (1.88M/s) stops=0
[10400/28392 items] 2524s settings=4752550400 (1.88M/s) stops=0
[10600/28392 items] 2573s settings=4843945600 (1.88M/s) stops=0
[10800/28392 items] 2621s settings=4935340800 (1.88M/s) stops=0
[11000/28392 items] 2670s settings=5026736000 (1.88M/s) stops=0
[11200/28392 items] 2717s settings=5118131200 (1.88M/s) stops=0
[11400/28392 items] 2765s settings=5209526400 (1.88M/s) stops=0
[11600/28392 items] 2813s settings=5300921600 (1.88M/s) stops=0
[11800/28392 items] 2861s settings=5392316800 (1.89M/s) stops=0
[12000/28392 items] 2909s settings=5483712000 (1.88M/s) stops=0
[12200/28392 items] 2957s settings=5575107200 (1.89M/s) stops=0
[12400/28392 items] 3004s settings=5666502400 (1.89M/s) stops=0
[12600/28392 items] 3051s settings=5757897600 (1.89M/s) stops=0
[12800/28392 items] 3098s settings=5849292800 (1.89M/s) stops=0
[13000/28392 items] 3147s settings=5940688000 (1.89M/s) stops=0
[13200/28392 items] 3193s settings=6032083200 (1.89M/s) stops=0
[13400/28392 items] 3240s settings=6123478400 (1.89M/s) stops=0
[13600/28392 items] 3288s settings=6214873600 (1.89M/s) stops=0
[13800/28392 items] 3335s settings=6306268800 (1.89M/s) stops=0
[14000/28392 items] 3383s settings=6397664000 (1.89M/s) stops=0
[14200/28392 items] 3430s settings=6489059200 (1.89M/s) stops=0
[14400/28392 items] 3477s settings=6580454400 (1.89M/s) stops=0
[14600/28392 items] 3525s settings=6671849600 (1.89M/s) stops=0
[14800/28392 items] 3573s settings=6763244800 (1.89M/s) stops=0
[15000/28392 items] 3622s settings=6854640000 (1.89M/s) stops=0
[15200/28392 items] 3668s settings=6946035200 (1.89M/s) stops=0
[15400/28392 items] 3715s settings=7037430400 (1.89M/s) stops=0
[15600/28392 items] 3763s settings=7128825600 (1.89M/s) stops=0
[15800/28392 items] 3810s settings=7220220800 (1.89M/s) stops=0
[16000/28392 items] 3858s settings=7311616000 (1.90M/s) stops=0
[16200/28392 items] 3905s settings=7403011200 (1.90M/s) stops=0
[16400/28392 items] 3953s settings=7494406400 (1.90M/s) stops=0
[16600/28392 items] 4001s settings=7585801600 (1.90M/s) stops=0
[16800/28392 items] 4049s settings=7677196800 (1.90M/s) stops=0
[17000/28392 items] 4095s settings=7768592000 (1.90M/s) stops=0
[17200/28392 items] 4142s settings=7859987200 (1.90M/s) stops=0
[17400/28392 items] 4189s settings=7951382400 (1.90M/s) stops=0
[17600/28392 items] 4237s settings=8042777600 (1.90M/s) stops=0
[17800/28392 items] 4286s settings=8134172800 (1.90M/s) stops=0
[18000/28392 items] 4334s settings=8225568000 (1.90M/s) stops=0
[18200/28392 items] 4380s settings=8316963200 (1.90M/s) stops=0
[18400/28392 items] 4427s settings=8408358400 (1.90M/s) stops=0
[18600/28392 items] 4474s settings=8499753600 (1.90M/s) stops=0
[18800/28392 items] 4521s settings=8591148800 (1.90M/s) stops=0
[19000/28392 items] 4568s settings=8682544000 (1.90M/s) stops=0
[19200/28392 items] 4615s settings=8773939200 (1.90M/s) stops=0
[19400/28392 items] 4662s settings=8865334400 (1.90M/s) stops=0
[19600/28392 items] 4710s settings=8956729600 (1.90M/s) stops=0
[19800/28392 items] 4757s settings=9048124800 (1.90M/s) stops=0
[20000/28392 items] 4803s settings=9139520000 (1.90M/s) stops=0
[20200/28392 items] 4850s settings=9230915200 (1.90M/s) stops=0
[20400/28392 items] 4898s settings=9322310400 (1.90M/s) stops=0
[20600/28392 items] 4946s settings=9413705600 (1.90M/s) stops=0
[20800/28392 items] 4990s settings=9505100800 (1.90M/s) stops=0
[21000/28392 items] 5037s settings=9596496000 (1.91M/s) stops=0
[21200/28392 items] 5084s settings=9687891200 (1.91M/s) stops=0
[21400/28392 items] 5131s settings=9779286400 (1.91M/s) stops=0
[21600/28392 items] 5180s settings=9870681600 (1.91M/s) stops=0
[21800/28392 items] 5229s settings=9962076800 (1.91M/s) stops=0
[22000/28392 items] 5277s settings=10053472000 (1.90M/s) stops=0
[22200/28392 items] 5324s settings=10144867200 (1.91M/s) stops=0
[22400/28392 items] 5371s settings=10236262400 (1.91M/s) stops=0
[22600/28392 items] 5419s settings=10327657600 (1.91M/s) stops=0
[22800/28392 items] 5465s settings=10419052800 (1.91M/s) stops=0
[23000/28392 items] 5512s settings=10510448000 (1.91M/s) stops=0
[23200/28392 items] 5558s settings=10601843200 (1.91M/s) stops=0
[23400/28392 items] 5605s settings=10693238400 (1.91M/s) stops=0
[23600/28392 items] 5653s settings=10784633600 (1.91M/s) stops=0
[23800/28392 items] 5700s settings=10876028800 (1.91M/s) stops=0
[24000/28392 items] 5748s settings=10967424000 (1.91M/s) stops=0
[24200/28392 items] 5795s settings=11058819200 (1.91M/s) stops=0
[24400/28392 items] 5842s settings=11150214400 (1.91M/s) stops=0
[24600/28392 items] 5889s settings=11241609600 (1.91M/s) stops=0
[24800/28392 items] 5936s settings=11333004800 (1.91M/s) stops=0
[25000/28392 items] 5983s settings=11424400000 (1.91M/s) stops=0
[25200/28392 items] 6029s settings=11515795200 (1.91M/s) stops=0
[25400/28392 items] 6076s settings=11607190400 (1.91M/s) stops=0
[25600/28392 items] 6124s settings=11698585600 (1.91M/s) stops=0
[25800/28392 items] 6171s settings=11789980800 (1.91M/s) stops=0
[26000/28392 items] 6219s settings=11881376000 (1.91M/s) stops=0
[26200/28392 items] 6267s settings=11972771200 (1.91M/s) stops=0
[26400/28392 items] 6314s settings=12064166400 (1.91M/s) stops=0
[26600/28392 items] 6361s settings=12155561600 (1.91M/s) stops=0
[26800/28392 items] 6407s settings=12246956800 (1.91M/s) stops=0
[27000/28392 items] 6455s settings=12338352000 (1.91M/s) stops=0
[27200/28392 items] 6503s settings=12429747200 (1.91M/s) stops=0
[27400/28392 items] 6551s settings=12521142400 (1.91M/s) stops=0
[27600/28392 items] 6598s settings=12612537600 (1.91M/s) stops=0
[27800/28392 items] 6646s settings=12703932800 (1.91M/s) stops=0
[28000/28392 items] 6694s settings=12795328000 (1.91M/s) stops=0
[28200/28392 items] 6742s settings=12886723200 (1.91M/s) stops=0
DONE settings=12974462592 time=6787.6s rate=1.912M settings/s (0.478M/s/thread, 4 threads) T-evals/setting=0.0 stops=0
crib 0 TTTFFFEINSAC..(72)@0: block-stops=0; verified g histogram:
crib 1 TTTFFFEINSNE..(72)@0: block-stops=0; verified g histogram:
crib 2 FUENFXUUUFLO..(72)@0: block-stops=0; verified g histogram:
crib 3 FXDXUUUAUSBV..(72)@0: block-stops=0; verified g histogram:
crib 4 ANALLEBOOTEV..(72)@0: block-stops=0; verified g histogram:
crib 5 ANALLEUUUBOO..(72)@0: block-stops=0; verified g histogram:
crib 6 LEITUNGVONVO..(72)@0: block-stops=0; verified g histogram:
crib 7 FXDXUUUAUSBV..(72)@0: block-stops=0; verified g histogram:
crib 8 ANALLEVONVON..(72)@0: block-stops=0; verified g histogram:
crib 9 FXDXUUUAUSBV..(72)@0: block-stops=0; verified g histogram:
ranking 0 hits with corpus/ngrams/navalblend_quadgrams.txt (restarts=4)
ranking done in 0.0s -> runs/ctx/out/R_fulllength_k3.rank.tsv
